Archive member included to satisfy reference by file (symbol)

/opt/devkitpro/libnx/lib/libdeko3d.a(dk_queue.o)
                              gpu_console.o (dkQueueDestroy)
/opt/devkitpro/libnx/lib/libdeko3d.a(dk_image.o)
                              gpu_console.o (dkImageLayoutInitialize)
/opt/devkitpro/libnx/lib/libdeko3d.a(dk_device.o)
                              /opt/devkitpro/libnx/lib/libdeko3d.a(dk_queue.o) (dk::detail::Device::reserveQueueId())
/opt/devkitpro/libnx/lib/libdeko3d.a(cmd_bind_common.o)
                              gpu_console.o (dkCmdBufBindShaders)
/opt/devkitpro/libnx/lib/libdeko3d.a(dk_swapchain.o)
                              gpu_console.o (dkSwapchainCreate)
/opt/devkitpro/libnx/lib/libdeko3d.a(dk_fence.o)
                              /opt/devkitpro/libnx/lib/libdeko3d.a(dk_queue.o) (dk::detail::Fence::wait(int))
/opt/devkitpro/libnx/lib/libdeko3d.a(codesegmgr.o)
                              /opt/devkitpro/libnx/lib/libdeko3d.a(dk_device.o) (dk::detail::CodeSegMgr::initialize())
/opt/devkitpro/libnx/lib/libdeko3d.a(dk_shader.o)
                              gpu_console.o (dkShaderInitialize)
/opt/devkitpro/libnx/lib/libdeko3d.a(queue_workbuf.o)
                              /opt/devkitpro/libnx/lib/libdeko3d.a(dk_queue.o) (dk::detail::QueueWorkBuf::QueueWorkBuf(DkQueueMaker const&))
/opt/devkitpro/libnx/lib/libdeko3d.a(dk_memblock.o)
                              /opt/devkitpro/libnx/lib/libdeko3d.a(dk_queue.o) (dk::detail::MemBlock::initialize(unsigned int, void*, unsigned int))
/opt/devkitpro/libnx/lib/libdeko3d.a(gpu_error.o)
                              /opt/devkitpro/libnx/lib/libdeko3d.a(dk_queue.o) (dk::detail::Queue::checkError())
/opt/devkitpro/libnx/lib/libdeko3d.a(dk_cmdbuf.o)
                              /opt/devkitpro/libnx/lib/libdeko3d.a(dk_queue.o) (dk::detail::CmdBuf::~CmdBuf())
/opt/devkitpro/libnx/lib/libdeko3d.a(image_formats.o)
                              /opt/devkitpro/libnx/lib/libdeko3d.a(dk_image.o) (maxwell::pickImageMemoryKind(maxwell::FormatTraits const&, unsigned int, bool, bool))
/opt/devkitpro/libnx/lib/libdeko3d.a(gpu_3d_base.o)
                              gpu_console.o (dkCmdBufBindRenderTargets)
/opt/devkitpro/libnx/lib/libdeko3d.a(gpu_3d_state.o)
                              gpu_console.o (dkCmdBufBindRasterizerState)
/opt/devkitpro/libnx/lib/libdeko3d.a(gpu_3d_vbo.o)
                              gpu_console.o (dkCmdBufBindVtxAttribState)
/opt/devkitpro/libnx/lib/libdeko3d.a(gpu_transfer.o)
                              /opt/devkitpro/libnx/lib/libdeko3d.a(dk_queue.o) (dk::detail::Queue::setupTransfer())
/opt/devkitpro/libnx/lib/libdeko3d.a(gpu_base.o)
                              /opt/devkitpro/libnx/lib/libdeko3d.a(dk_queue.o) (dk::detail::Queue::setupEngines())
/opt/devkitpro/libnx/lib/libdeko3d.a(tic_generate.o)
                              gpu_console.o (dkImageDescriptorInitialize)
/opt/devkitpro/libnx/lib/libdeko3d.a(tsc_generate.o)
                              gpu_console.o (dkSamplerDescriptorInitialize)
/opt/devkitpro/libnx/lib/libdeko3d.a(gpu_3d_zcull.o)
                              /opt/devkitpro/libnx/lib/libdeko3d.a(gpu_3d_base.o) (dk::detail::Device::calcZcullStorageInfo(dk::detail::ZcullStorageInfo&, unsigned int, unsigned int, unsigned int, DkImageFormat, DkMsMode))
/opt/devkitpro/libnx/lib/libnx.a(mutex.o)
                              /opt/devkitpro/libnx/lib/libdeko3d.a(dk_device.o) (mutexLock)
/opt/devkitpro/libnx/lib/libnx.a(hid.o)
                              main.o (hidKeysDown)
/opt/devkitpro/libnx/lib/libnx.a(sm.o)
                              /opt/devkitpro/libnx/lib/libnx.a(hid.o) (smGetServiceWrapper)
/opt/devkitpro/libnx/lib/libnx.a(nv.o)
                              /opt/devkitpro/libnx/lib/libdeko3d.a(dk_device.o) (nvInitialize)
/opt/devkitpro/libnx/lib/libnx.a(fatal.o)
                              startup.o (fatalThrow)
/opt/devkitpro/libnx/lib/libnx.a(applet.o)
                              /opt/devkitpro/libnx/lib/libnx.a(nv.o) (appletGetAppletType)
/opt/devkitpro/libnx/lib/libnx.a(address_space.o)
                              /opt/devkitpro/libnx/lib/libdeko3d.a(dk_device.o) (nvAddressSpaceClose)
/opt/devkitpro/libnx/lib/libnx.a(fence.o)
                              /opt/devkitpro/libnx/lib/libdeko3d.a(dk_device.o) (nvFenceInit)
/opt/devkitpro/libnx/lib/libnx.a(gpu_channel.o)
                              /opt/devkitpro/libnx/lib/libdeko3d.a(dk_queue.o) (nvGpuChannelClose)
/opt/devkitpro/libnx/lib/libnx.a(gpu.o)
                              /opt/devkitpro/libnx/lib/libdeko3d.a(dk_device.o) (nvGpuInit)
/opt/devkitpro/libnx/lib/libnx.a(channel.o)
                              /opt/devkitpro/libnx/lib/libnx.a(gpu_channel.o) (nvChannelClose)
/opt/devkitpro/libnx/lib/libnx.a(map.o)
                              /opt/devkitpro/libnx/lib/libdeko3d.a(dk_device.o) (nvMapInit)
/opt/devkitpro/libnx/lib/libnx.a(nvhost-ctrl.o)
[...]
Memory Configuration

Name             Origin             Length             Attributes
*default*        0x0000000000000000 0xffffffffffffffff

Linker script and memory map

                0x0000000000000000                PROVIDE (__start__ = 0x0)
                0x0000000000000000                . = __start__
                0x0000000000000000                __code_start = .

.crt0           0x0000000000000000      0x158
 *(.crt0)
 .crt0          0x0000000000000000      0x158 /opt/devkitpro/libnx/lib/libnx.a(switch_crt0.o)
                0x0000000000000000                _start
                0x0000000000000120                __nx_exit
                0x0000000000000130                __nx_mod0
                0x0000000000000158                . = ALIGN (0x8)

.init           0x0000000000000158       0x38
 *(.init)
 .init          0x0000000000000158       0x18 /opt/devkitpro/devkitA64/bin/../lib/gcc/aarch64-none-elf/10.1.0/pic/crti.o
                0x0000000000000158                _init
 .init          0x0000000000000170       0x1c /opt/devkitpro/devkitA64/bin/../lib/gcc/aarch64-none-elf/10.1.0/pic/crtn.o
                0x0000000000000190                . = ALIGN (0x8)
 *fill*         0x000000000000018c        0x4 

.plt            0x0000000000000190        0x0
 *(.plt)
 .plt           0x0000000000000190        0x0 /opt/devkitpro/devkitA64/bin/../lib/gcc/aarch64-none-elf/10.1.0/pic/crti.o
 *(.iplt)
                0x0000000000000190                . = ALIGN (0x8)

.text           0x00000000000001c0    0x37270
 *(.text.unlikely .text.*_unlikely .text.unlikely.*)
 *(.text.exit .text.exit.*)
 .text.exit     0x00000000000001c0       0x38 /opt/devkitpro/devkitA64/bin/../lib/gcc/aarch64-none-elf/10.1.0/../../../../aarch64-none-elf/lib/pic/libg.a(lib_a-exit.o)
                0x00000000000001c0                exit
 *(.text.startup .text.startup.*)
 *fill*         0x00000000000001f8        0x8 
 .text.startup.main
                0x0000000000000200       0x94 main.o
                0x0000000000000200                main
 *(.text.hot .text.hot.*)
 *(.text .stub .text.* .gnu.linkonce.t.*)
 *fill*         0x0000000000000294        0xc 
 .text.deregister_tm_clones
                0x00000000000002a0       0x30 /opt/devkitpro/devkitA64/bin/../lib/gcc/aarch64-none-elf/10.1.0/pic/crtbegin.o
 .text.register_tm_clones
                0x00000000000002d0       0x3c /opt/devkitpro/devkitA64/bin/../lib/gcc/aarch64-none-elf/10.1.0/pic/crtbegin.o
 *fill*         0x000000000000030c        0x4 
 .text.__do_global_dtors_aux
                0x0000000000000310       0x48 /opt/devkitpro/devkitA64/bin/../lib/gcc/aarch64-none-elf/10.1.0/pic/crtbegin.o
 *fill*         0x0000000000000358        0x8 
 .text.frame_dummy
                0x0000000000000360       0x34 /opt/devkitpro/devkitA64/bin/../lib/gcc/aarch64-none-elf/10.1.0/pic/crtbegin.o
 *fill*         0x0000000000000394        0xc 
 .text.GpuRenderer_flushAndSwap
                0x00000000000003a0       0x64 gpu_console.o
 *fill*         0x0000000000000404        0xc 
 .text.GpuRenderer_drawChar
                0x0000000000000410       0x9c gpu_console.o
 *fill*         0x00000000000004ac        0x4 
 .text.GpuRenderer_scrollWindow
                0x00000000000004b0       0x90 gpu_console.o
 .text.GpuRenderer_deinit
                0x0000000000000540       0x7c gpu_console.o
 *fill*         0x00000000000005bc        0x4 
 .text.GpuRenderer_loadShader
                0x00000000000005c0       0xb4 gpu_console.o
 *fill*         0x0000000000000674        0xc 
 .text.GpuRenderer_init
                0x0000000000000680      0x85c gpu_console.o
 *fill*         0x0000000000000edc        0x4 
 .text.getDefaultConsoleRenderer
                0x0000000000000ee0        0xc gpu_console.o
                0x0000000000000ee0                getDefaultConsoleRenderer
 *fill*         0x0000000000000eec        0x4 
 .text.userAppInit
                0x0000000000000ef0       0x24 startup.o
                0x0000000000000ef0                userAppInit
 *fill*         0x0000000000000f14        0xc 
 .text.userAppExit
                0x0000000000000f20        0xc startup.o
                0x0000000000000f20                userAppExit
 *fill*         0x0000000000000f2c        0x4 
 .text._ZN2dk6detail5Queue13waitFenceRingEb
                0x0000000000000f30       0xfc /opt/devkitpro/libnx/lib/libdeko3d.a(dk_queue.o)
                0x0000000000000f30                dk::detail::Queue::waitFenceRing(bool)
 *fill*         0x000000000000102c        0x4 
 .text._ZN2dk6detail5Queue12addCmdMemoryEm
                0x0000000000001030      0x148 /opt/devkitpro/libnx/lib/libdeko3d.a(dk_queue.o)
                0x0000000000001030                dk::detail::Queue::addCmdMemory(unsigned long)
 *fill*         0x0000000000001178        0x8 
 .text._ZN2dk6detail5Queue19appendGpfifoEntriesEPKNS0_18CtrlCmdGpfifoEntryEj
                0x0000000000001180       0x8c /opt/devkitpro/libnx/lib/libdeko3d.a(dk_queue.o)
                0x0000000000001180                dk::detail::Queue::appendGpfifoEntries(dk::detail::CtrlCmdGpfifoEntry const*, unsigned int)
 *fill*         0x000000000000120c        0x4 
 .text._ZN2dk6detail5Queue16_gpfifoFlushFuncEPvPKNS0_18CtrlCmdGpfifoEntryEj
                0x0000000000001210        0x4 /opt/devkitpro/libnx/lib/libdeko3d.a(dk_queue.o)
                0x0000000000001210                dk::detail::Queue::_gpfifoFlushFunc(void*, dk::detail::CtrlCmdGpfifoEntry const*, unsigned int)
 *fill*         0x0000000000001214        0xc 
 .text._ZN2dk6detail5Queue9waitFenceERNS0_5FenceE
                0x0000000000001220      0x184 /opt/devkitpro/libnx/lib/libdeko3d.a(dk_queue.o)
                0x0000000000001220                dk::detail::Queue::waitFence(dk::detail::Fence&)
 *fill*         0x00000000000013a4        0xc 
 .text._ZN2dk6detail5Queue11signalFenceERNS0_5FenceEb
                0x00000000000013b0      0x18c /opt/devkitpro/libnx/lib/libdeko3d.a(dk_queue.o)
                0x00000000000013b0                dk::detail::Queue::signalFence(dk::detail::Fence&, bool)
 *fill*         0x000000000000153c        0x4 
 .text._ZN2dk6detail5Queue9flushRingEb
                0x0000000000001540      0x138 /opt/devkitpro/libnx/lib/libdeko3d.a(dk_queue.o)
                0x0000000000001540                dk::detail::Queue::flushRing(bool)
 *fill*         0x0000000000001678        0x8 
 .text._ZN2dk6detail5Queue5flushEv
                0x0000000000001680      0x220 /opt/devkitpro/libnx/lib/libdeko3d.a(dk_queue.o)
                0x0000000000001680                dk::detail::Queue::flush()
 .text._ZN2dk6detail5Queue14onCmdBufAddMemEm
                0x00000000000018a0       0xcc /opt/devkitpro/libnx/lib/libdeko3d.a(dk_queue.o)
                0x00000000000018a0                dk::detail::Queue::onCmdBufAddMem(unsigned long)
 *fill*         0x000000000000196c        0x4 
 .text._ZN2dk6detail5Queue11_addMemFuncEPvPNS0_6CmdBufEm
                0x0000000000001970        0x8 /opt/devkitpro/libnx/lib/libdeko3d.a(dk_queue.o)
                0x0000000000001970                dk::detail::Queue::_addMemFunc(void*, dk::detail::CmdBuf*, unsigned long)
 *fill*         0x0000000000001978        0x8 
 .text._ZN2dk6detail5Queue8waitIdleEv
                0x0000000000001980       0x50 /opt/devkitpro/libnx/lib/libdeko3d.a(dk_queue.o)
                0x0000000000001980                dk::detail::Queue::waitIdle()
 .text._ZN2dk6detail5QueueD2Ev
                0x00000000000019d0       0x64 /opt/devkitpro/libnx/lib/libdeko3d.a(dk_queue.o)
                0x00000000000019d0                dk::detail::Queue::~Queue()
                0x00000000000019d0                dk::detail::Queue::~Queue()
 *fill*         0x0000000000001a34        0xc 
 .text.dkQueueDestroy
                0x0000000000001a40       0x2c /opt/devkitpro/libnx/lib/libdeko3d.a(dk_queue.o)
                0x0000000000001a40                dkQueueDestroy
 *fill*         0x0000000000001a6c        0x4 
 .text.dkQueueSignalFence
                0x0000000000001a70        0x4 /opt/devkitpro/libnx/lib/libdeko3d.a(dk_queue.o)
                0x0000000000001a70                dkQueueSignalFence
 *fill*         0x0000000000001a74        0xc 
 .text.dkQueueFlush
                0x0000000000001a80        0x4 /opt/devkitpro/libnx/lib/libdeko3d.a(dk_queue.o)
                0x0000000000001a80                dkQueueFlush
 *fill*         0x0000000000001a84        0xc 
 .text.dkQueueWaitIdle
                0x0000000000001a90        0x4 /opt/devkitpro/libnx/lib/libdeko3d.a(dk_queue.o)
                0x0000000000001a90                dkQueueWaitIdle
 *fill*         0x0000000000001a94        0xc 
 .text._ZN2dk6detail12ComputeQueue10initializeEv
                0x0000000000001aa0        0x4 /opt/devkitpro/libnx/lib/libdeko3d.a(dk_queue.o)
                0x0000000000001aa0                dk::detail::ComputeQueue::initialize()
 *fill*         0x0000000000001aa4        0xc 
 .text._ZN2dk6detail5Queue10initializeEv
                0x0000000000001ab0      0x1a0 /opt/devkitpro/libnx/lib/libdeko3d.a(dk_queue.o)
                0x0000000000001ab0                dk::detail::Queue::initialize()
 .text.dkQueueCreate
                0x0000000000001c50      0x1f4 /opt/devkitpro/libnx/lib/libdeko3d.a(dk_queue.o)
                0x0000000000001c50                dkQueueCreate
 *fill*         0x0000000000001e44        0xc 
 .text._ZN2dk6detail12ComputeQueue14processCtrlCmdEPKNS0_13CtrlCmdHeaderE
                0x0000000000001e50       0x54 /opt/devkitpro/libnx/lib/libdeko3d.a(dk_queue.o)
                0x0000000000001e50                dk::detail::ComputeQueue::processCtrlCmd(dk::detail::CtrlCmdHeader const*)
 *fill*         0x0000000000001ea4        0xc 
 .text._ZN2dk6detail5Queue14submitCommandsEm
                0x0000000000001eb0      0x1b0 /opt/devkitpro/libnx/lib/libdeko3d.a(dk_queue.o)
                0x0000000000001eb0                dk::detail::Queue::submitCommands(unsigned long)
 .text.dkQueueSubmitCommands
                0x0000000000002060       0x20 /opt/devkitpro/libnx/lib/libdeko3d.a(dk_queue.o)
                0x0000000000002060                dkQueueSubmitCommands
 .text._ZNK2dk6detail11ImageLayout15calcLevelOffsetEj
                0x0000000000002080      0x254 /opt/devkitpro/libnx/lib/libdeko3d.a(dk_image.o)
                0x0000000000002080                dk::detail::ImageLayout::calcLevelOffset(unsigned int) const
 *fill*         0x00000000000022d4        0xc 
 .text._ZN2dk6detail9ImageInfo13fromImageViewEPK11DkImageViewj
                0x00000000000022e0      0x3c4 /opt/devkitpro/libnx/lib/libdeko3d.a(dk_image.o)
                0x00000000000022e0                dk::detail::ImageInfo::fromImageView(DkImageView const*, unsigned int)
 *fill*         0x00000000000026a4        0xc 
 .text.dkImageLayoutInitialize
                0x00000000000026b0      0x424 /opt/devkitpro/libnx/lib/libdeko3d.a(dk_image.o)
                0x00000000000026b0                dkImageLayoutInitialize
 *fill*         0x0000000000002ad4        0xc 
 .text.dkImageLayoutGetSize
                0x0000000000002ae0        0x8 /opt/devkitpro/libnx/lib/libdeko3d.a(dk_image.o)
                0x0000000000002ae0                dkImageLayoutGetSize
 *fill*         0x0000000000002ae8        0x8 
 .text.dkImageLayoutGetAlignment
                0x0000000000002af0        0x8 /opt/devkitpro/libnx/lib/libdeko3d.a(dk_image.o)
                0x0000000000002af0                dkImageLayoutGetAlignment
 *fill*         0x0000000000002af8        0x8 
 .text.dkImageInitialize
                0x0000000000002b00       0x6c /opt/devkitpro/libnx/lib/libdeko3d.a(dk_image.o)
                0x0000000000002b00                dkImageInitialize
 *fill*         0x0000000000002b6c        0x4 
 .text.dkCmdBufCopyBufferToImage
                0x0000000000002b70      0x2b8 /opt/devkitpro/libnx/lib/libdeko3d.a(dk_image.o)
                0x0000000000002b70                dkCmdBufCopyBufferToImage
 *fill*         0x0000000000002e28        0x8 
 .text._ZN12_GLOBAL__N_115defaultFreeFuncEPvS0_
                0x0000000000002e30        0x8 /opt/devkitpro/libnx/lib/libdeko3d.a(dk_device.o)
 *fill*         0x0000000000002e38        0x8 
 .text._ZN12_GLOBAL__N_116defaultAllocFuncEPvmmPS0_
                0x0000000000002e40       0x48 /opt/devkitpro/libnx/lib/libdeko3d.a(dk_device.o)
 *fill*         0x0000000000002e88        0x8 
 .text._ZN2dk6detail6Device10initializeEv
                0x0000000000002e90       0xcc /opt/devkitpro/libnx/lib/libdeko3d.a(dk_device.o)
                0x0000000000002e90                dk::detail::Device::initialize()
 *fill*         0x0000000000002f5c        0x4 
 .text._ZN2dk6detail6DeviceD2Ev
                0x0000000000002f60       0x54 /opt/devkitpro/libnx/lib/libdeko3d.a(dk_device.o)
                0x0000000000002f60                dk::detail::Device::~Device()
                0x0000000000002f60                dk::detail::Device::~Device()
 *fill*         0x0000000000002fb4        0xc 
 .text._ZN2dk6detail6Device14reserveQueueIdEv
                0x0000000000002fc0       0xa8 /opt/devkitpro/libnx/lib/libdeko3d.a(dk_device.o)
                0x0000000000002fc0                dk::detail::Device::reserveQueueId()
 *fill*         0x0000000000003068        0x8 
 .text._ZN2dk6detail6Device13returnQueueIdEj
                0x0000000000003070       0x5c /opt/devkitpro/libnx/lib/libdeko3d.a(dk_device.o)
                0x0000000000003070                dk::detail::Device::returnQueueId(unsigned int)
 *fill*         0x00000000000030cc        0x4 
 .text._ZNK2dk6detail6Device7freeMemEPv
                0x00000000000030d0       0x14 /opt/devkitpro/libnx/lib/libdeko3d.a(dk_device.o)
                0x00000000000030d0                dk::detail::Device::freeMem(void*) const
 *fill*         0x00000000000030e4        0xc 
 .text.dkDeviceDestroy
                0x00000000000030f0       0x30 /opt/devkitpro/libnx/lib/libdeko3d.a(dk_device.o)
                0x00000000000030f0                dkDeviceDestroy
 .text._ZN2dk6detail10RaiseErrorE8DkResult
                0x0000000000003120       0x18 /opt/devkitpro/libnx/lib/libdeko3d.a(dk_device.o)
                0x0000000000003120                dk::detail::RaiseError(DkResult)
 *fill*         0x0000000000003138        0x8 
 .text._ZNK2dk6detail6Device8allocMemEmm
                0x0000000000003140       0x40 /opt/devkitpro/libnx/lib/libdeko3d.a(dk_device.o)
                0x0000000000003140                dk::detail::Device::allocMem(unsigned long, unsigned long) const
 .text._ZN2dk6detail7ObjBasenwEmPNS0_6DeviceE
                0x0000000000003180       0x14 /opt/devkitpro/libnx/lib/libdeko3d.a(dk_device.o)
                0x0000000000003180                dk::detail::ObjBase::operator new(unsigned long, dk::detail::Device*)
 *fill*         0x0000000000003194        0xc 
 .text.dkDeviceCreate
                0x00000000000031a0      0x168 /opt/devkitpro/libnx/lib/libdeko3d.a(dk_device.o)
                0x00000000000031a0                dkDeviceCreate
 *fill*         0x0000000000003308        0x8 
 .text._ZNK2dk6detail7ObjBase8allocMemEmm
                0x0000000000003310        0x8 /opt/devkitpro/libnx/lib/libdeko3d.a(dk_device.o)
                0x0000000000003310                dk::detail::ObjBase::allocMem(unsigned long, unsigned long) const
 *fill*         0x0000000000003318        0x8 
 .text._ZNK2dk6detail7ObjBase7freeMemEPv
                0x0000000000003320        0x8 /opt/devkitpro/libnx/lib/libdeko3d.a(dk_device.o)
                0x0000000000003320                dk::detail::ObjBase::freeMem(void*) const
 *fill*         0x0000000000003328        0x8 
 .text._ZN2dk6detail7ObjBasedlEPv
                0x0000000000003330        0x8 /opt/devkitpro/libnx/lib/libdeko3d.a(dk_device.o)
                0x0000000000003330                dk::detail::ObjBase::operator delete(void*)
 *fill*         0x0000000000003338        0x8 
 .text.dkCmdBufBindShaders
                0x0000000000003340      0x4b4 /opt/devkitpro/libnx/lib/libdeko3d.a(cmd_bind_common.o)
                0x0000000000003340                dkCmdBufBindShaders
 *fill*         0x00000000000037f4        0xc 
 .text.dkCmdBufBindUniformBuffers
                0x0000000000003800      0x1cc /opt/devkitpro/libnx/lib/libdeko3d.a(cmd_bind_common.o)
                0x0000000000003800                dkCmdBufBindUniformBuffers
 *fill*         0x00000000000039cc        0x4 
 .text.dkCmdBufBindTextures
                0x00000000000039d0      0x180 /opt/devkitpro/libnx/lib/libdeko3d.a(cmd_bind_common.o)
                0x00000000000039d0                dkCmdBufBindTextures
 .text._ZN2dk6detail9Swapchain10initializeEPvPKPKNS0_5ImageEj
                0x0000000000003b50      0x1e8 /opt/devkitpro/libnx/lib/libdeko3d.a(dk_swapchain.o)
                0x0000000000003b50                dk::detail::Swapchain::initialize(void*, dk::detail::Image const* const*, unsigned int)
 *fill*         0x0000000000003d38        0x8 
 .text._ZN2dk6detail9SwapchainD2Ev
                0x0000000000003d40       0x10 /opt/devkitpro/libnx/lib/libdeko3d.a(dk_swapchain.o)
                0x0000000000003d40                dk::detail::Swapchain::~Swapchain()
                0x0000000000003d40                dk::detail::Swapchain::~Swapchain()
 .text._ZN2dk6detail9Swapchain12acquireImageERiRNS0_5FenceE
                0x0000000000003d50       0x2c /opt/devkitpro/libnx/lib/libdeko3d.a(dk_swapchain.o)
                0x0000000000003d50                dk::detail::Swapchain::acquireImage(int&, dk::detail::Fence&)
 *fill*         0x0000000000003d7c        0x4 
 .text._ZN2dk6detail9Swapchain12presentImageEiRKNS0_5FenceE
                0x0000000000003d80       0x50 /opt/devkitpro/libnx/lib/libdeko3d.a(dk_swapchain.o)
                0x0000000000003d80                dk::detail::Swapchain::presentImage(int, dk::detail::Fence const&)
 .text.dkSwapchainCreate
                0x0000000000003dd0       0xa0 /opt/devkitpro/libnx/lib/libdeko3d.a(dk_swapchain.o)
                0x0000000000003dd0                dkSwapchainCreate
 .text.dkSwapchainDestroy
                0x0000000000003e70       0x2c /opt/devkitpro/libnx/lib/libdeko3d.a(dk_swapchain.o)
                0x0000000000003e70                dkSwapchainDestroy
 *fill*         0x0000000000003e9c        0x4 
 .text.dkQueueAcquireImage
                0x0000000000003ea0       0x54 /opt/devkitpro/libnx/lib/libdeko3d.a(dk_swapchain.o)
                0x0000000000003ea0                dkQueueAcquireImage
 *fill*         0x0000000000003ef4        0xc 
 .text.dkQueuePresentImage
                0x0000000000003f00       0x84 /opt/devkitpro/libnx/lib/libdeko3d.a(dk_swapchain.o)
                0x0000000000003f00                dkQueuePresentImage
 *fill*         0x0000000000003f84        0xc 
 .text._ZN2dk6detail5Fence4waitEi
                0x0000000000003f90      0x168 /opt/devkitpro/libnx/lib/libdeko3d.a(dk_fence.o)
                0x0000000000003f90                dk::detail::Fence::wait(int)
 *fill*         0x00000000000040f8        0x8 
 .text.dkFenceWait
                0x0000000000004100       0x2c /opt/devkitpro/libnx/lib/libdeko3d.a(dk_fence.o)
                0x0000000000004100                dkFenceWait
 *fill*         0x000000000000412c        0x4 
 .text._ZN2dk6detail10CodeSegMgr10initializeEv
                0x0000000000004130       0x78 /opt/devkitpro/libnx/lib/libdeko3d.a(codesegmgr.o)
                0x0000000000004130                dk::detail::CodeSegMgr::initialize()
 *fill*         0x00000000000041a8        0x8 
 .text._ZN2dk6detail10CodeSegMgr7cleanupEv
                0x00000000000041b0       0x78 /opt/devkitpro/libnx/lib/libdeko3d.a(codesegmgr.o)
                0x00000000000041b0                dk::detail::CodeSegMgr::cleanup()
 *fill*         0x0000000000004228        0x8 
 .text._ZN2dk6detail10CodeSegMgr10allocSpaceEjRm
                0x0000000000004230      0x118 /opt/devkitpro/libnx/lib/libdeko3d.a(codesegmgr.o)
                0x0000000000004230                dk::detail::CodeSegMgr::allocSpace(unsigned int, unsigned long&)
 *fill*         0x0000000000004348        0x8 
 .text._ZN2dk6detail10CodeSegMgr9freeSpaceEmj
                0x0000000000004350       0x28 /opt/devkitpro/libnx/lib/libdeko3d.a(codesegmgr.o)
                0x0000000000004350                dk::detail::CodeSegMgr::freeSpace(unsigned long, unsigned int)
 *fill*         0x0000000000004378        0x8 
 .text.dkShaderInitialize
                0x0000000000004380      0x120 /opt/devkitpro/libnx/lib/libdeko3d.a(dk_shader.o)
                0x0000000000004380                dkShaderInitialize
 .text._ZN2dk6detail12QueueWorkBufC2ERK12DkQueueMaker
                0x00000000000044a0      0x104 /opt/devkitpro/libnx/lib/libdeko3d.a(queue_workbuf.o)
                0x00000000000044a0                dk::detail::QueueWorkBuf::QueueWorkBuf(DkQueueMaker const&)
                0x00000000000044a0                dk::detail::QueueWorkBuf::QueueWorkBuf(DkQueueMaker const&)
 *fill*         0x00000000000045a4        0xc 
 .text._ZN2dk6detail8MemBlock10initializeEjPvj
                0x00000000000045b0      0x230 /opt/devkitpro/libnx/lib/libdeko3d.a(dk_memblock.o)
                0x00000000000045b0                dk::detail::MemBlock::initialize(unsigned int, void*, unsigned int)
 .text._ZN2dk6detail8MemBlock7destroyEv
                0x00000000000047e0       0xc0 /opt/devkitpro/libnx/lib/libdeko3d.a(dk_memblock.o)
                0x00000000000047e0                dk::detail::MemBlock::destroy()
 .text._ZN2dk6detail8MemBlock18getGpuAddrForImageEjj6NvKind
                0x00000000000048a0       0x84 /opt/devkitpro/libnx/lib/libdeko3d.a(dk_memblock.o)
                0x00000000000048a0                dk::detail::MemBlock::getGpuAddrForImage(unsigned int, unsigned int, NvKind)
 *fill*         0x0000000000004924        0xc 
 .text.dkMemBlockCreate
                0x0000000000004930       0x9c /opt/devkitpro/libnx/lib/libdeko3d.a(dk_memblock.o)
                0x0000000000004930                dkMemBlockCreate
 *fill*         0x00000000000049cc        0x4 
 .text.dkMemBlockDestroy
                0x00000000000049d0       0x2c /opt/devkitpro/libnx/lib/libdeko3d.a(dk_memblock.o)
                0x00000000000049d0                dkMemBlockDestroy
 *fill*         0x00000000000049fc        0x4 
 .text.dkMemBlockGetCpuAddr
                0x0000000000004a00       0x1c /opt/devkitpro/libnx/lib/libdeko3d.a(dk_memblock.o)
                0x0000000000004a00                dkMemBlockGetCpuAddr
 *fill*         0x0000000000004a1c        0x4 
 .text.dkMemBlockGetGpuAddr
                0x0000000000004a20        0x8 /opt/devkitpro/libnx/lib/libdeko3d.a(dk_memblock.o)
                0x0000000000004a20                dkMemBlockGetGpuAddr
 *fill*         0x0000000000004a28        0x8 
 .text._ZN2dk6detail5Queue10checkErrorEv
                0x0000000000004a30       0x98 /opt/devkitpro/libnx/lib/libdeko3d.a(gpu_error.o)
                0x0000000000004a30                dk::detail::Queue::checkError()
 *fill*         0x0000000000004ac8        0x8 
 .text._ZN2dk6detail6Device16checkQueueErrorsEv
                0x0000000000004ad0       0x54 /opt/devkitpro/libnx/lib/libdeko3d.a(gpu_error.o)
                0x0000000000004ad0                dk::detail::Device::checkQueueErrors()
 *fill*         0x0000000000004b24        0xc 
 .text._ZN2dk6detail6CmdBuf5clearEv
                0x0000000000004b30       0x34 /opt/devkitpro/libnx/lib/libdeko3d.a(dk_cmdbuf.o)
                0x0000000000004b30                dk::detail::CmdBuf::clear()
 *fill*         0x0000000000004b64        0xc 
 .text._ZN2dk6detail6CmdBufD2Ev
                0x0000000000004b70       0x48 /opt/devkitpro/libnx/lib/libdeko3d.a(dk_cmdbuf.o)
                0x0000000000004b70                dk::detail::CmdBuf::~CmdBuf()
                0x0000000000004b70                dk::detail::CmdBuf::~CmdBuf()
 *fill*         0x0000000000004bb8        0x8 
 .text._ZN2dk6detail6CmdBuf13requestCmdMemEj
                0x0000000000004bc0       0x68 /opt/devkitpro/libnx/lib/libdeko3d.a(dk_cmdbuf.o)
                0x0000000000004bc0                dk::detail::CmdBuf::requestCmdMem(unsigned int)
 *fill*         0x0000000000004c28        0x8 
 .text._ZN2dk6detail6CmdBuf13appendCtrlCmdEm
                0x0000000000004c30       0xfc /opt/devkitpro/libnx/lib/libdeko3d.a(dk_cmdbuf.o)
                0x0000000000004c30                dk::detail::CmdBuf::appendCtrlCmd(unsigned long)
 *fill*         0x0000000000004d2c        0x4 
 .text._ZN2dk6detail6CmdBuf20appendRawGpfifoEntryEmjj
                0x0000000000004d30      0x154 /opt/devkitpro/libnx/lib/libdeko3d.a(dk_cmdbuf.o)
                0x0000000000004d30                dk::detail::CmdBuf::appendRawGpfifoEntry(unsigned long, unsigned int, unsigned int)
 *fill*         0x0000000000004e84        0xc 
 .text._ZN2dk6detail6CmdBuf10finishListEv
                0x0000000000004e90       0x80 /opt/devkitpro/libnx/lib/libdeko3d.a(dk_cmdbuf.o)
                0x0000000000004e90                dk::detail::CmdBuf::finishList()
 .text._ZN2dk6detail6CmdBuf9addMemoryEPNS0_8MemBlockEjj
                0x0000000000004f10       0x90 /opt/devkitpro/libnx/lib/libdeko3d.a(dk_cmdbuf.o)
                0x0000000000004f10                dk::detail::CmdBuf::addMemory(dk::detail::MemBlock*, unsigned int, unsigned int)
 .text.dkCmdBufCreate
                0x0000000000004fa0       0x5c /opt/devkitpro/libnx/lib/libdeko3d.a(dk_cmdbuf.o)
                0x0000000000004fa0                dkCmdBufCreate
 *fill*         0x0000000000004ffc        0x4 
 .text.dkCmdBufDestroy
                0x0000000000005000       0x2c /opt/devkitpro/libnx/lib/libdeko3d.a(dk_cmdbuf.o)
                0x0000000000005000                dkCmdBufDestroy
 *fill*         0x000000000000502c        0x4 
 .text.dkCmdBufAddMemory
                0x0000000000005030        0x4 /opt/devkitpro/libnx/lib/libdeko3d.a(dk_cmdbuf.o)
                0x0000000000005030                dkCmdBufAddMemory
 *fill*         0x0000000000005034        0xc 
 .text.dkCmdBufFinishList
                0x0000000000005040        0x4 /opt/devkitpro/libnx/lib/libdeko3d.a(dk_cmdbuf.o)
                0x0000000000005040                dkCmdBufFinishList
 *fill*         0x0000000000005044        0xc 
 .text.dkCmdBufClear
                0x0000000000005050        0x4 /opt/devkitpro/libnx/lib/libdeko3d.a(dk_cmdbuf.o)
                0x0000000000005050                dkCmdBufClear
 *fill*         0x0000000000005054        0xc 
 .text._ZN7maxwell19pickImageMemoryKindERKNS_12FormatTraitsEjbb
                0x0000000000005060      0x1d0 /opt/devkitpro/libnx/lib/libdeko3d.a(image_formats.o)
                0x0000000000005060                maxwell::pickImageMemoryKind(maxwell::FormatTraits const&, unsigned int, bool, bool)
 .text._ZN2dk6detail5Queue13setup3DEngineEv
                0x0000000000005230      0x9b0 /opt/devkitpro/libnx/lib/libdeko3d.a(gpu_3d_base.o)
                0x0000000000005230                dk::detail::Queue::setup3DEngine()
 .text.dkCmdBufBindRenderTargets
                0x0000000000005be0      0x378 /opt/devkitpro/libnx/lib/libdeko3d.a(gpu_3d_base.o)
                0x0000000000005be0                dkCmdBufBindRenderTargets
 *fill*         0x0000000000005f58        0x8 
 .text.dkCmdBufSetViewports
                0x0000000000005f60      0x170 /opt/devkitpro/libnx/lib/libdeko3d.a(gpu_3d_base.o)
                0x0000000000005f60                dkCmdBufSetViewports
 .text.dkCmdBufSetScissors
                0x00000000000060d0      0x2dc /opt/devkitpro/libnx/lib/libdeko3d.a(gpu_3d_base.o)
                0x00000000000060d0                dkCmdBufSetScissors
 *fill*         0x00000000000063ac        0x4 
 .text._ZN2dk6detail5Queue17decompressSurfaceEPKNS0_5ImageE
                0x00000000000063b0      0x150 /opt/devkitpro/libnx/lib/libdeko3d.a(gpu_3d_base.o)
                0x00000000000063b0                dk::detail::Queue::decompressSurface(dk::detail::Image const*)
 .text.dkCmdBufClearColor
                0x0000000000006500       0xc8 /opt/devkitpro/libnx/lib/libdeko3d.a(gpu_3d_base.o)
                0x0000000000006500                dkCmdBufClearColor
 *fill*         0x00000000000065c8        0x8 
 .text.dkCmdBufDraw
                0x00000000000065d0       0x8c /opt/devkitpro/libnx/lib/libdeko3d.a(gpu_3d_base.o)
                0x00000000000065d0                dkCmdBufDraw
 *fill*         0x000000000000665c        0x4 
 .text.dkCmdBufBindRasterizerState
                0x0000000000006660      0x1fc /opt/devkitpro/libnx/lib/libdeko3d.a(gpu_3d_state.o)
                0x0000000000006660                dkCmdBufBindRasterizerState
 *fill*         0x000000000000685c        0x4 
 .text.dkCmdBufBindColorState
                0x0000000000006860       0xe8 /opt/devkitpro/libnx/lib/libdeko3d.a(gpu_3d_state.o)
                0x0000000000006860                dkCmdBufBindColorState
 *fill*         0x0000000000006948        0x8 
 .text.dkCmdBufBindColorWriteState
                0x0000000000006950       0x74 /opt/devkitpro/libnx/lib/libdeko3d.a(gpu_3d_state.o)
                0x0000000000006950                dkCmdBufBindColorWriteState
 *fill*         0x00000000000069c4        0xc 
 .text.dkCmdBufSetAlphaRef
                0x00000000000069d0       0x60 /opt/devkitpro/libnx/lib/libdeko3d.a(gpu_3d_state.o)
                0x00000000000069d0                dkCmdBufSetAlphaRef
 .text.dkCmdBufBindVtxAttribState
                0x0000000000006a30      0x114 /opt/devkitpro/libnx/lib/libdeko3d.a(gpu_3d_vbo.o)
                0x0000000000006a30                dkCmdBufBindVtxAttribState
 *fill*         0x0000000000006b44        0xc 
 .text.dkCmdBufBindVtxBufferState
                0x0000000000006b50      0x16c /opt/devkitpro/libnx/lib/libdeko3d.a(gpu_3d_vbo.o)
                0x0000000000006b50                dkCmdBufBindVtxBufferState
 *fill*         0x0000000000006cbc        0x4 
 .text.dkCmdBufBindVtxBuffers
                0x0000000000006cc0      0x104 /opt/devkitpro/libnx/lib/libdeko3d.a(gpu_3d_vbo.o)
                0x0000000000006cc0                dkCmdBufBindVtxBuffers
 *fill*         0x0000000000006dc4        0xc 
 .text._ZN2dk6detail5Queue13setupTransferEv
                0x0000000000006dd0       0x30 /opt/devkitpro/libnx/lib/libdeko3d.a(gpu_transfer.o)
                0x0000000000006dd0                dk::detail::Queue::setupTransfer()
 .text._ZN2dk6detail14BlitCopyEngineEPNS0_6CmdBufERKNS0_9ImageInfoES5_RKNS0_10BlitParamsEjj
                0x0000000000006e00      0x2b8 /opt/devkitpro/libnx/lib/libdeko3d.a(gpu_transfer.o)
                0x0000000000006e00                dk::detail::BlitCopyEngine(dk::detail::CmdBuf*, dk::detail::ImageInfo const&, dk::detail::ImageInfo const&, dk::detail::BlitParams const&, unsigned int, unsigned int)
 *fill*         0x00000000000070b8        0x8 
 .text._ZN2dk6detail12Blit2DEngineEPNS0_6CmdBufERKNS0_9ImageInfoES5_RKNS0_10BlitParamsEiijj
                0x00000000000070c0      0x2bc /opt/devkitpro/libnx/lib/libdeko3d.a(gpu_transfer.o)
                0x00000000000070c0                dk::detail::Blit2DEngine(dk::detail::CmdBuf*, dk::detail::ImageInfo const&, dk::detail::ImageInfo const&, dk::detail::BlitParams const&, int, int, unsigned int, unsigned int)
 *fill*         0x000000000000737c        0x4 
 .text.dkCmdBufPushData
                0x0000000000007380       0xc4 /opt/devkitpro/libnx/lib/libdeko3d.a(gpu_transfer.o)
                0x0000000000007380                dkCmdBufPushData
 *fill*         0x0000000000007444        0xc 
 .text._ZN2dk6detail5Queue12setupEnginesEv
                0x0000000000007450      0x680 /opt/devkitpro/libnx/lib/libdeko3d.a(gpu_base.o)
                0x0000000000007450                dk::detail::Queue::setupEngines()
 .text.dkCmdBufBarrier
                0x0000000000007ad0      0x1f4 /opt/devkitpro/libnx/lib/libdeko3d.a(gpu_base.o)
                0x0000000000007ad0                dkCmdBufBarrier
 *fill*         0x0000000000007cc4        0xc 
 .text._ZN2dk6detail5Queue15postSubmitFlushEv
                0x0000000000007cd0      0x138 /opt/devkitpro/libnx/lib/libdeko3d.a(gpu_base.o)
                0x0000000000007cd0                dk::detail::Queue::postSubmitFlush()
 *fill*         0x0000000000007e08        0x8 
 .text.dkCmdBufBindImageDescriptorSet
                0x0000000000007e10       0x7c /opt/devkitpro/libnx/lib/libdeko3d.a(gpu_base.o)
                0x0000000000007e10                dkCmdBufBindImageDescriptorSet
 *fill*         0x0000000000007e8c        0x4 
 .text.dkCmdBufBindSamplerDescriptorSet
                0x0000000000007e90       0x7c /opt/devkitpro/libnx/lib/libdeko3d.a(gpu_base.o)
                0x0000000000007e90                dkCmdBufBindSamplerDescriptorSet
 *fill*         0x0000000000007f0c        0x4 
 .text.dkCmdBufPushConstants
                0x0000000000007f10       0xd4 /opt/devkitpro/libnx/lib/libdeko3d.a(gpu_base.o)
                0x0000000000007f10                dkCmdBufPushConstants
 *fill*         0x0000000000007fe4        0xc 
 .text.dkImageDescriptorInitialize
                0x0000000000007ff0      0x60c /opt/devkitpro/libnx/lib/libdeko3d.a(tic_generate.o)
                0x0000000000007ff0                dkImageDescriptorInitialize
 *fill*         0x00000000000085fc        0x4 
 .text.dkSamplerDescriptorInitialize
                0x0000000000008600      0x4d4 /opt/devkitpro/libnx/lib/libdeko3d.a(tsc_generate.o)
                0x0000000000008600                dkSamplerDescriptorInitialize
 *fill*         0x0000000000008ad4        0xc 
 .text._ZN2dk6detail6Device20calcZcullStorageInfoERNS0_16ZcullStorageInfoEjjj13DkImageFormat8DkMsMode
                0x0000000000008ae0       0x68 /opt/devkitpro/libnx/lib/libdeko3d.a(gpu_3d_zcull.o)
                0x0000000000008ae0                dk::detail::Device::calcZcullStorageInfo(dk::detail::ZcullStorageInfo&, unsigned int, unsigned int, unsigned int, DkImageFormat, DkMsMode)
 *fill*         0x0000000000008b48        0x8 
 .text.mutexLock
                0x0000000000008b50       0xb0 /opt/devkitpro/libnx/lib/libnx.a(mutex.o)
                0x0000000000008b50                mutexLock
 .text.mutexUnlock
                0x0000000000008c00       0x2c /opt/devkitpro/libnx/lib/libnx.a(mutex.o)
                0x0000000000008c00                mutexUnlock
 *fill*         0x0000000000008c2c        0x4 
 .text.rmutexLock
                0x0000000000008c30       0x4c /opt/devkitpro/libnx/lib/libnx.a(mutex.o)
                0x0000000000008c30                rmutexLock
 *fill*         0x0000000000008c7c        0x4 
 .text.rmutexUnlock
                0x0000000000008c80       0x1c /opt/devkitpro/libnx/lib/libnx.a(mutex.o)
                0x0000000000008c80                rmutexUnlock
 *fill*         0x0000000000008c9c        0x4 
 .text._hidCmdWithNoInput
                0x0000000000008ca0       0xd4 /opt/devkitpro/libnx/lib/libnx.a(hid.o)
 *fill*         0x0000000000008d74        0xc 
 .text._hidCmdWithInputU32
                0x0000000000008d80       0xe4 /opt/devkitpro/libnx/lib/libnx.a(hid.o)
 *fill*         0x0000000000008e64        0xc 
 .text._hidCmdWithInputU64.constprop.0
                0x0000000000008e70       0xe0 /opt/devkitpro/libnx/lib/libnx.a(hid.o)
 .text._hidCreateAppletResource.constprop.0
                0x0000000000008f50       0xfc /opt/devkitpro/libnx/lib/libnx.a(hid.o)
 *fill*         0x000000000000904c        0x4 
 .text._hidCmdGetHandle.constprop.0
                0x0000000000009050       0xc8 /opt/devkitpro/libnx/lib/libnx.a(hid.o)
 *fill*         0x0000000000009118        0x8 
 .text.hidReset
                0x0000000000009120      0x224 /opt/devkitpro/libnx/lib/libnx.a(hid.o)
                0x0000000000009120                hidReset
 *fill*         0x0000000000009344        0xc 
 .text.hidGetSharedmemAddr
                0x0000000000009350        0xc /opt/devkitpro/libnx/lib/libnx.a(hid.o)
                0x0000000000009350                hidGetSharedmemAddr
 *fill*         0x000000000000935c        0x4 
 .text.hidKeysDown
                0x0000000000009360       0x6c /opt/devkitpro/libnx/lib/libnx.a(hid.o)
                0x0000000000009360                hidKeysDown
 *fill*         0x00000000000093cc        0x4 
 .text.hidTouchCount
                0x00000000000093d0        0xc /opt/devkitpro/libnx/lib/libnx.a(hid.o)
                0x00000000000093d0                hidTouchCount
 *fill*         0x00000000000093dc        0x4 
 .text.hidScanInput
                0x00000000000093e0      0x5ac /opt/devkitpro/libnx/lib/libnx.a(hid.o)
                0x00000000000093e0                hidScanInput
 *fill*         0x000000000000998c        0x4 
 .text.hidSetSupportedNpadStyleSet
                0x0000000000009990        0x8 /opt/devkitpro/libnx/lib/libnx.a(hid.o)
                0x0000000000009990                hidSetSupportedNpadStyleSet
 *fill*         0x0000000000009998        0x8 
 .text.hidSetSupportedNpadIdType
                0x00000000000099a0      0x180 /opt/devkitpro/libnx/lib/libnx.a(hid.o)
                0x00000000000099a0                hidSetSupportedNpadIdType
 .text.hidSetNpadJoyHoldType
                0x0000000000009b20        0x8 /opt/devkitpro/libnx/lib/libnx.a(hid.o)
                0x0000000000009b20                hidSetNpadJoyHoldType
 *fill*         0x0000000000009b28        0x8 
 .text.hidSetNpadJoyAssignmentModeDual
                0x0000000000009b30       0x20 /opt/devkitpro/libnx/lib/libnx.a(hid.o)
                0x0000000000009b30                hidSetNpadJoyAssignmentModeDual
 .text.hidFinalizeSevenSixAxisSensor
                0x0000000000009b50       0x80 /opt/devkitpro/libnx/lib/libnx.a(hid.o)
                0x0000000000009b50                hidFinalizeSevenSixAxisSensor
 .text._hidCleanup
                0x0000000000009bd0      0x12c /opt/devkitpro/libnx/lib/libnx.a(hid.o)
 *fill*         0x0000000000009cfc        0x4 
 .text.hidInitialize
                0x0000000000009d00      0x1c4 /opt/devkitpro/libnx/lib/libnx.a(hid.o)
                0x0000000000009d00                hidInitialize
 *fill*         0x0000000000009ec4        0xc 
 .text.hidExit  0x0000000000009ed0       0x44 /opt/devkitpro/libnx/lib/libnx.a(hid.o)
                0x0000000000009ed0                hidExit
 *fill*         0x0000000000009f14        0xc 
 .text._smCleanup
                0x0000000000009f20       0x68 /opt/devkitpro/libnx/lib/libnx.a(sm.o)
 *fill*         0x0000000000009f88        0x8 
 .text.smAddOverrideHandle
                0x0000000000009f90       0x48 /opt/devkitpro/libnx/lib/libnx.a(sm.o)
                0x0000000000009f90                smAddOverrideHandle
 *fill*         0x0000000000009fd8        0x8 
 .text.smGetServiceOverride
                0x0000000000009fe0       0x54 /opt/devkitpro/libnx/lib/libnx.a(sm.o)
                0x0000000000009fe0                smGetServiceOverride
 *fill*         0x000000000000a034        0xc 
 .text.smExit   0x000000000000a040       0x44 /opt/devkitpro/libnx/lib/libnx.a(sm.o)
                0x000000000000a040                smExit
 *fill*         0x000000000000a084        0xc 
 .text.smGetServiceOriginal
                0x000000000000a090       0xd0 /opt/devkitpro/libnx/lib/libnx.a(sm.o)
                0x000000000000a090                smGetServiceOriginal
 .text.smInitialize
                0x000000000000a160      0x280 /opt/devkitpro/libnx/lib/libnx.a(sm.o)
                0x000000000000a160                smInitialize
 .text.smGetServiceWrapper
                0x000000000000a3e0      0x120 /opt/devkitpro/libnx/lib/libnx.a(sm.o)
                0x000000000000a3e0                smGetServiceWrapper
 .text._nvSetClientPID
                0x000000000000a500       0xcc /opt/devkitpro/libnx/lib/libnx.a(nv.o)
 *fill*         0x000000000000a5cc        0x4 
 .text._nvCleanup
                0x000000000000a5d0       0xd0 /opt/devkitpro/libnx/lib/libnx.a(nv.o)
 .text._nvCmdInitialize.constprop.0
                0x000000000000a6a0       0xd4 /opt/devkitpro/libnx/lib/libnx.a(nv.o)
 *fill*         0x000000000000a774        0xc 
 .text.nvInitialize
                0x000000000000a780      0x23c /opt/devkitpro/libnx/lib/libnx.a(nv.o)
                0x000000000000a780                nvInitialize
 *fill*         0x000000000000a9bc        0x4 
 .text.nvExit   0x000000000000a9c0       0x44 /opt/devkitpro/libnx/lib/libnx.a(nv.o)
                0x000000000000a9c0                nvExit
 *fill*         0x000000000000aa04        0xc 
 .text.nvConvertError
                0x000000000000aa10      0x140 /opt/devkitpro/libnx/lib/libnx.a(nv.o)
                0x000000000000aa10                nvConvertError
 .text.nvOpen   0x000000000000ab50      0x114 /opt/devkitpro/libnx/lib/libnx.a(nv.o)
                0x000000000000ab50                nvOpen
 *fill*         0x000000000000ac64        0xc 
 .text.nvIoctl  0x000000000000ac70      0x250 /opt/devkitpro/libnx/lib/libnx.a(nv.o)
                0x000000000000ac70                nvIoctl
 .text.nvIoctl2
                0x000000000000aec0      0x2c0 /opt/devkitpro/libnx/lib/libnx.a(nv.o)
                0x000000000000aec0                nvIoctl2
 .text.nvClose  0x000000000000b180       0xd8 /opt/devkitpro/libnx/lib/libnx.a(nv.o)
                0x000000000000b180                nvClose
 *fill*         0x000000000000b258        0x8 
 .text.nvQueryEvent
                0x000000000000b260      0x108 /opt/devkitpro/libnx/lib/libnx.a(nv.o)
                0x000000000000b260                nvQueryEvent
 *fill*         0x000000000000b368        0x8 
 .text._fatalCmd
                0x000000000000b370      0x198 /opt/devkitpro/libnx/lib/libnx.a(fatal.o)
 *fill*         0x000000000000b508        0x8 
 .text.fatalThrowWithPolicy
                0x000000000000b510        0xc /opt/devkitpro/libnx/lib/libnx.a(fatal.o)
                0x000000000000b510                fatalThrowWithPolicy
 *fill*         0x000000000000b51c        0x4 
 .text.fatalThrow
                0x000000000000b520       0x14 /opt/devkitpro/libnx/lib/libnx.a(fatal.o)
                0x000000000000b520                fatalSimple
                0x000000000000b520                fatalThrow
 *fill*         0x000000000000b534        0xc 
 .text._appletInfiniteSleepLoop
                0x000000000000b540       0x24 /opt/devkitpro/libnx/lib/libnx.a(applet.o)
 *fill*         0x000000000000b564        0xc 
 .text._appletCmdGetSession
                0x000000000000b570       0xf0 /opt/devkitpro/libnx/lib/libnx.a(applet.o)
 .text._appletCmdInU8NoOut
                0x000000000000b660       0xcc /opt/devkitpro/libnx/lib/libnx.a(applet.o)
 *fill*         0x000000000000b72c        0x4 
 .text._appletGetLaunchReason
                0x000000000000b730      0x110 /opt/devkitpro/libnx/lib/libnx.a(applet.o)
 .text._appletSetFocusHandlingMode
                0x000000000000b840       0xe4 /opt/devkitpro/libnx/lib/libnx.a(applet.o)
 *fill*         0x000000000000b924        0xc 
 .text._appletCmdInU32NoOut
                0x000000000000b930       0xcc /opt/devkitpro/libnx/lib/libnx.a(applet.o)
 *fill*         0x000000000000b9fc        0x4 
 .text._appletGetSessionProxy.constprop.0
                0x000000000000ba00      0x118 /opt/devkitpro/libnx/lib/libnx.a(applet.o)
 *fill*         0x000000000000bb18        0x8 
 .text._appletOpenLibraryAppletProxy.constprop.0
                0x000000000000bb20      0x134 /opt/devkitpro/libnx/lib/libnx.a(applet.o)
 *fill*         0x000000000000bc54        0xc 
 .text._appletCmdGetHandle.constprop.0.isra.0
                0x000000000000bc60       0xd0 /opt/devkitpro/libnx/lib/libnx.a(applet.o)
 .text._appletCmdNoInOutU8.isra.0
                0x000000000000bd30       0xd4 /opt/devkitpro/libnx/lib/libnx.a(applet.o)
 *fill*         0x000000000000be04        0xc 
 .text._appletCmdNoInOutU32.isra.0
                0x000000000000be10       0xd4 /opt/devkitpro/libnx/lib/libnx.a(applet.o)
 *fill*         0x000000000000bee4        0xc 
 .text._appletCmdNoInOutU64.isra.0
                0x000000000000bef0       0xd4 /opt/devkitpro/libnx/lib/libnx.a(applet.o)
 *fill*         0x000000000000bfc4        0xc 
 .text._appletCmdNoIO.isra.0
                0x000000000000bfd0       0xc0 /opt/devkitpro/libnx/lib/libnx.a(applet.o)
 .text.appletGetAppletType
                0x000000000000c090       0x10 /opt/devkitpro/libnx/lib/libnx.a(applet.o)
                0x000000000000c090                appletGetAppletType
 .text.appletSetFocusHandlingMode
                0x000000000000c0a0      0x118 /opt/devkitpro/libnx/lib/libnx.a(applet.o)
                0x000000000000c0a0                appletSetFocusHandlingMode
 *fill*         0x000000000000c1b8        0x8 
 .text.appletSetCpuBoostMode
                0x000000000000c1c0       0x5c /opt/devkitpro/libnx/lib/libnx.a(applet.o)
                0x000000000000c1c0                appletSetCpuBoostMode
 *fill*         0x000000000000c21c        0x4 
 .text.appletCreateManagedDisplayLayer
                0x000000000000c220       0x2c /opt/devkitpro/libnx/lib/libnx.a(applet.o)
                0x000000000000c220                appletCreateManagedDisplayLayer
 *fill*         0x000000000000c24c        0x4 
 .text.appletGetAppletResourceUserId
                0x000000000000c250        0xc /opt/devkitpro/libnx/lib/libnx.a(applet.o)
                0x000000000000c250                appletGetAppletResourceUserId
 *fill*         0x000000000000c25c        0x4 
 .text._appletGetIndirectLayerConsumerHandle
                0x000000000000c260       0xf8 /opt/devkitpro/libnx/lib/libnx.a(applet.o)
 *fill*         0x000000000000c358        0x8 
 .text._appletHolderCreateState
                0x000000000000c360       0x88 /opt/devkitpro/libnx/lib/libnx.a(applet.o)
 *fill*         0x000000000000c3e8        0x8 
 .text.appletHolderClose
                0x000000000000c3f0       0xb4 /opt/devkitpro/libnx/lib/libnx.a(applet.o)
                0x000000000000c3f0                appletHolderClose
 *fill*         0x000000000000c4a4        0xc 
 .text.appletHolderGetLibraryAppletInfo
                0x000000000000c4b0       0x24 /opt/devkitpro/libnx/lib/libnx.a(applet.o)
                0x000000000000c4b0                appletHolderGetLibraryAppletInfo
 *fill*         0x000000000000c4d4        0xc 
 .text.appletNotifyRunning
                0x000000000000c4e0       0x90 /opt/devkitpro/libnx/lib/libnx.a(applet.o)
                0x000000000000c4e0                appletNotifyRunning
 .text.appletSetGamePlayRecordingState
                0x000000000000c570       0x8c /opt/devkitpro/libnx/lib/libnx.a(applet.o)
                0x000000000000c570                appletSetGamePlayRecordingState
 *fill*         0x000000000000c5fc        0x4 
 .text._appletCleanup
                0x000000000000c600      0xac4 /opt/devkitpro/libnx/lib/libnx.a(applet.o)
 *fill*         0x000000000000d0c4        0xc 
 .text.appletExit
                0x000000000000d0d0       0x44 /opt/devkitpro/libnx/lib/libnx.a(applet.o)
                0x000000000000d0d0                appletExit
 *fill*         0x000000000000d114        0xc 
 .text.appletGetLibraryAppletInfo
                0x000000000000d120       0x40 /opt/devkitpro/libnx/lib/libnx.a(applet.o)
                0x000000000000d120                appletGetLibraryAppletInfo
 .text.appletInitialize
                0x000000000000d160      0xa28 /opt/devkitpro/libnx/lib/libnx.a(applet.o)
                0x000000000000d160                appletInitialize
 *fill*         0x000000000000db88        0x8 
 .text._appletExitProcess
                0x000000000000db90       0x24 /opt/devkitpro/libnx/lib/libnx.a(applet.o)
 *fill*         0x000000000000dbb4        0xc 
 .text.appletGetMessage
                0x000000000000dbc0       0x74 /opt/devkitpro/libnx/lib/libnx.a(applet.o)
                0x000000000000dbc0                appletGetMessage
 *fill*         0x000000000000dc34        0xc 
 .text.appletProcessMessage
                0x000000000000dc40      0x248 /opt/devkitpro/libnx/lib/libnx.a(applet.o)
                0x000000000000dc40                appletProcessMessage
 *fill*         0x000000000000de88        0x8 
 .text.appletMainLoop
                0x000000000000de90       0x34 /opt/devkitpro/libnx/lib/libnx.a(applet.o)
                0x000000000000de90                appletMainLoop
 *fill*         0x000000000000dec4        0xc 
 .text.nvAddressSpaceClose
                0x000000000000ded0       0x44 /opt/devkitpro/libnx/lib/libnx.a(address_space.o)
                0x000000000000ded0                nvAddressSpaceClose
 *fill*         0x000000000000df14        0xc 
 .text.nvAddressSpaceCreate
                0x000000000000df20       0x88 /opt/devkitpro/libnx/lib/libnx.a(address_space.o)
                0x000000000000df20                nvAddressSpaceCreate
 *fill*         0x000000000000dfa8        0x8 
 .text.nvAddressSpaceAlloc
                0x000000000000dfb0       0x2c /opt/devkitpro/libnx/lib/libnx.a(address_space.o)
                0x000000000000dfb0                nvAddressSpaceAlloc
 *fill*         0x000000000000dfdc        0x4 
 .text.nvAddressSpaceFree
                0x000000000000dfe0       0x28 /opt/devkitpro/libnx/lib/libnx.a(address_space.o)
                0x000000000000dfe0                nvAddressSpaceFree
 *fill*         0x000000000000e008        0x8 
 .text.nvAddressSpaceMap
                0x000000000000e010       0x4c /opt/devkitpro/libnx/lib/libnx.a(address_space.o)
                0x000000000000e010                nvAddressSpaceMap
 *fill*         0x000000000000e05c        0x4 
 .text.nvAddressSpaceMapFixed
                0x000000000000e060       0x64 /opt/devkitpro/libnx/lib/libnx.a(address_space.o)
                0x000000000000e060                nvAddressSpaceMapFixed
 *fill*         0x000000000000e0c4        0xc 
 .text.nvAddressSpaceModify
                0x000000000000e0d0       0x70 /opt/devkitpro/libnx/lib/libnx.a(address_space.o)
                0x000000000000e0d0                nvAddressSpaceModify
 .text.nvAddressSpaceUnmap
                0x000000000000e140        0x8 /opt/devkitpro/libnx/lib/libnx.a(address_space.o)
                0x000000000000e140                nvAddressSpaceUnmap
 *fill*         0x000000000000e148        0x8 
 .text._nvFenceCleanup
                0x000000000000e150       0x7c /opt/devkitpro/libnx/lib/libnx.a(fence.o)
 *fill*         0x000000000000e1cc        0x4 
 .text.nvFenceInit
                0x000000000000e1d0       0x98 /opt/devkitpro/libnx/lib/libnx.a(fence.o)
                0x000000000000e1d0                nvFenceInit
 *fill*         0x000000000000e268        0x8 
 .text.nvFenceExit
                0x000000000000e270       0x44 /opt/devkitpro/libnx/lib/libnx.a(fence.o)
                0x000000000000e270                nvFenceExit
 *fill*         0x000000000000e2b4        0xc 
 .text.nvFenceWait
                0x000000000000e2c0      0x250 /opt/devkitpro/libnx/lib/libnx.a(fence.o)
                0x000000000000e2c0                nvFenceWait
 .text.nvMultiFenceWait
                0x000000000000e510       0x74 /opt/devkitpro/libnx/lib/libnx.a(fence.o)
                0x000000000000e510                nvMultiFenceWait
 *fill*         0x000000000000e584        0xc 
 .text.nvGpuChannelClose
                0x000000000000e590       0x64 /opt/devkitpro/libnx/lib/libnx.a(gpu_channel.o)
                0x000000000000e590                nvGpuChannelClose
 *fill*         0x000000000000e5f4        0xc 
 .text.nvGpuChannelCreate
                0x000000000000e600      0x11c /opt/devkitpro/libnx/lib/libnx.a(gpu_channel.o)
                0x000000000000e600                nvGpuChannelCreate
 *fill*         0x000000000000e71c        0x4 
 .text.nvGpuChannelZcullBind
                0x000000000000e720        0xc /opt/devkitpro/libnx/lib/libnx.a(gpu_channel.o)
                0x000000000000e720                nvGpuChannelZcullBind
 *fill*         0x000000000000e72c        0x4 
 .text.nvGpuChannelKickoff
                0x000000000000e730       0xf8 /opt/devkitpro/libnx/lib/libnx.a(gpu_channel.o)
                0x000000000000e730                nvGpuChannelKickoff
 *fill*         0x000000000000e828        0x8 
 .text.nvGpuChannelAppendEntry
                0x000000000000e830       0xb8 /opt/devkitpro/libnx/lib/libnx.a(gpu_channel.o)
                0x000000000000e830                nvGpuChannelAppendEntry
 *fill*         0x000000000000e8e8        0x8 
 .text.nvGpuChannelGetErrorNotification
                0x000000000000e8f0       0x44 /opt/devkitpro/libnx/lib/libnx.a(gpu_channel.o)
                0x000000000000e8f0                nvGpuChannelGetErrorNotification
 *fill*         0x000000000000e934        0xc 
 .text.nvGpuChannelGetErrorInfo
                0x000000000000e940        0x8 /opt/devkitpro/libnx/lib/libnx.a(gpu_channel.o)
                0x000000000000e940                nvGpuChannelGetErrorInfo
 *fill*         0x000000000000e948        0x8 
 .text.nvGpuInit
                0x000000000000e950      0x11c /opt/devkitpro/libnx/lib/libnx.a(gpu.o)
                0x000000000000e950                nvGpuInit
 *fill*         0x000000000000ea6c        0x4 
 .text.nvGpuExit
                0x000000000000ea70       0x6c /opt/devkitpro/libnx/lib/libnx.a(gpu.o)
                0x000000000000ea70                nvGpuExit
 *fill*         0x000000000000eadc        0x4 
 .text.nvGpuGetCharacteristics
                0x000000000000eae0        0xc /opt/devkitpro/libnx/lib/libnx.a(gpu.o)
                0x000000000000eae0                nvGpuGetCharacteristics
 *fill*         0x000000000000eaec        0x4 
 .text.nvGpuGetZcullCtxSize
                0x000000000000eaf0        0xc /opt/devkitpro/libnx/lib/libnx.a(gpu.o)
                0x000000000000eaf0                nvGpuGetZcullCtxSize
 *fill*         0x000000000000eafc        0x4 
 .text.nvGpuGetZcullInfo
                0x000000000000eb00        0xc /opt/devkitpro/libnx/lib/libnx.a(gpu.o)
                0x000000000000eb00                nvGpuGetZcullInfo
 *fill*         0x000000000000eb0c        0x4 
 .text.nvChannelClose
                0x000000000000eb10       0x44 /opt/devkitpro/libnx/lib/libnx.a(channel.o)
                0x000000000000eb10                nvChannelClose
 *fill*         0x000000000000eb54        0xc 
 .text.nvChannelCreate
                0x000000000000eb60       0x70 /opt/devkitpro/libnx/lib/libnx.a(channel.o)
                0x000000000000eb60                nvChannelCreate
 .text.nvChannelSetPriority
                0x000000000000ebd0        0x8 /opt/devkitpro/libnx/lib/libnx.a(channel.o)
                0x000000000000ebd0                nvChannelSetPriority
 *fill*         0x000000000000ebd8        0x8 
 .text.nvMapInit
                0x000000000000ebe0       0xb4 /opt/devkitpro/libnx/lib/libnx.a(map.o)
                0x000000000000ebe0                nvMapInit
 *fill*         0x000000000000ec94        0xc 
 .text.nvMapExit
                0x000000000000eca0       0x6c /opt/devkitpro/libnx/lib/libnx.a(map.o)
                0x000000000000eca0                nvMapExit
 *fill*         0x000000000000ed0c        0x4 
 .text.nvMapGetFd
                0x000000000000ed10        0xc /opt/devkitpro/libnx/lib/libnx.a(map.o)
                0x000000000000ed10                nvMapGetFd
 *fill*         0x000000000000ed1c        0x4 
 .text.nvMapClose
                0x000000000000ed20       0x80 /opt/devkitpro/libnx/lib/libnx.a(map.o)
                0x000000000000ed20                nvMapClose
 .text.nvMapCreate
                0x000000000000eda0      0x160 /opt/devkitpro/libnx/lib/libnx.a(map.o)
                0x000000000000eda0                nvMapCreate
 .text.nvioctlNvhostCtrl_EventSignal
                0x000000000000ef00       0x28 /opt/devkitpro/libnx/lib/libnx.a(nvhost-ctrl.o)
                0x000000000000ef00                nvioctlNvhostCtrl_EventSignal
 *fill*         0x000000000000ef28        0x8 
 .text.nvioctlNvhostCtrl_EventWait
                0x000000000000ef30       0x44 /opt/devkitpro/libnx/lib/libnx.a(nvhost-ctrl.o)
                0x000000000000ef30                nvioctlNvhostCtrl_EventWait
 *fill*         0x000000000000ef74        0xc 
 .text.nvioctlNvhostCtrl_EventWaitAsync
                0x000000000000ef80       0x30 /opt/devkitpro/libnx/lib/libnx.a(nvhost-ctrl.o)
                0x000000000000ef80                nvioctlNvhostCtrl_EventWaitAsync
 .text.nvioctlNvhostCtrl_EventRegister
                0x000000000000efb0       0x28 /opt/devkitpro/libnx/lib/libnx.a(nvhost-ctrl.o)
                0x000000000000efb0                nvioctlNvhostCtrl_EventRegister
 *fill*         0x000000000000efd8        0x8 
 .text.nvioctlNvhostCtrl_EventUnregister
                0x000000000000efe0       0x28 /opt/devkitpro/libnx/lib/libnx.a(nvhost-ctrl.o)
                0x000000000000efe0                nvioctlNvhostCtrl_EventUnregister
 *fill*         0x000000000000f008        0x8 
 .text.nvioctlNvhostCtrlGpu_ZCullGetCtxSize
                0x000000000000f010       0x3c /opt/devkitpro/libnx/lib/libnx.a(nvhost-ctrl-gpu.o)
                0x000000000000f010                nvioctlNvhostCtrlGpu_ZCullGetCtxSize
 *fill*         0x000000000000f04c        0x4 
 .text.nvioctlNvhostCtrlGpu_ZCullGetInfo
                0x000000000000f050       0x58 /opt/devkitpro/libnx/lib/libnx.a(nvhost-ctrl-gpu.o)
                0x000000000000f050                nvioctlNvhostCtrlGpu_ZCullGetInfo
 *fill*         0x000000000000f0a8        0x8 
 .text.nvioctlNvhostCtrlGpu_GetCharacteristics
                0x000000000000f0b0       0x9c /opt/devkitpro/libnx/lib/libnx.a(nvhost-ctrl-gpu.o)
                0x000000000000f0b0                nvioctlNvhostCtrlGpu_GetCharacteristics
 *fill*         0x000000000000f14c        0x4 
 .text.nvioctlNvhostCtrlGpu_GetTpcMasks
                0x000000000000f150       0x78 /opt/devkitpro/libnx/lib/libnx.a(nvhost-ctrl-gpu.o)
                0x000000000000f150                nvioctlNvhostCtrlGpu_GetTpcMasks
 *fill*         0x000000000000f1c8        0x8 
 .text.nvioctlNvhostAsGpu_BindChannel
                0x000000000000f1d0       0x28 /opt/devkitpro/libnx/lib/libnx.a(nvhost-as-gpu.o)
                0x000000000000f1d0                nvioctlNvhostAsGpu_BindChannel
 *fill*         0x000000000000f1f8        0x8 
 .text.nvioctlNvhostAsGpu_AllocSpace
                0x000000000000f200       0x54 /opt/devkitpro/libnx/lib/libnx.a(nvhost-as-gpu.o)
                0x000000000000f200                nvioctlNvhostAsGpu_AllocSpace
 *fill*         0x000000000000f254        0xc 
 .text.nvioctlNvhostAsGpu_FreeSpace
                0x000000000000f260       0x30 /opt/devkitpro/libnx/lib/libnx.a(nvhost-as-gpu.o)
                0x000000000000f260                nvioctlNvhostAsGpu_FreeSpace
 .text.nvioctlNvhostAsGpu_MapBufferEx
                0x000000000000f290       0x54 /opt/devkitpro/libnx/lib/libnx.a(nvhost-as-gpu.o)
                0x000000000000f290                nvioctlNvhostAsGpu_MapBufferEx
 *fill*         0x000000000000f2e4        0xc 
 .text.nvioctlNvhostAsGpu_UnmapBuffer
                0x000000000000f2f0       0x28 /opt/devkitpro/libnx/lib/libnx.a(nvhost-as-gpu.o)
                0x000000000000f2f0                nvioctlNvhostAsGpu_UnmapBuffer
 *fill*         0x000000000000f318        0x8 
 .text.nvioctlNvhostAsGpu_InitializeEx
                0x000000000000f320       0x3c /opt/devkitpro/libnx/lib/libnx.a(nvhost-as-gpu.o)
                0x000000000000f320                nvioctlNvhostAsGpu_InitializeEx
 *fill*         0x000000000000f35c        0x4 
 .text.nvioctlChannel_SetNvmapFd
                0x000000000000f360       0x28 /opt/devkitpro/libnx/lib/libnx.a(nvchannel.o)
                0x000000000000f360                nvioctlChannel_SetNvmapFd
 *fill*         0x000000000000f388        0x8 
 .text.nvioctlChannel_SubmitGpfifo
                0x000000000000f390       0xc4 /opt/devkitpro/libnx/lib/libnx.a(nvchannel.o)
                0x000000000000f390                nvioctlChannel_SubmitGpfifo
 *fill*         0x000000000000f454        0xc 
 .text.nvioctlChannel_KickoffPb
                0x000000000000f460       0x5c /opt/devkitpro/libnx/lib/libnx.a(nvchannel.o)
                0x000000000000f460                nvioctlChannel_KickoffPb
 *fill*         0x000000000000f4bc        0x4 
 .text.nvioctlChannel_AllocObjCtx
                0x000000000000f4c0       0x58 /opt/devkitpro/libnx/lib/libnx.a(nvchannel.o)
                0x000000000000f4c0                nvioctlChannel_AllocObjCtx
 *fill*         0x000000000000f518        0x8 
 .text.nvioctlChannel_ZCullBind
                0x000000000000f520       0x30 /opt/devkitpro/libnx/lib/libnx.a(nvchannel.o)
                0x000000000000f520                nvioctlChannel_ZCullBind
 .text.nvioctlChannel_SetErrorNotifier
                0x000000000000f550       0x30 /opt/devkitpro/libnx/lib/libnx.a(nvchannel.o)
                0x000000000000f550                nvioctlChannel_SetErrorNotifier
 .text.nvioctlChannel_GetErrorInfo
                0x000000000000f580       0x10 /opt/devkitpro/libnx/lib/libnx.a(nvchannel.o)
                0x000000000000f580                nvioctlChannel_GetErrorInfo
 .text.nvioctlChannel_GetErrorNotification
                0x000000000000f590       0x10 /opt/devkitpro/libnx/lib/libnx.a(nvchannel.o)
                0x000000000000f590                nvioctlChannel_GetErrorNotification
 .text.nvioctlChannel_SetPriority
                0x000000000000f5a0       0x28 /opt/devkitpro/libnx/lib/libnx.a(nvchannel.o)
                0x000000000000f5a0                nvioctlChannel_SetPriority
 *fill*         0x000000000000f5c8        0x8 
 .text.nvioctlChannel_AllocGpfifoEx2
                0x000000000000f5d0       0x58 /opt/devkitpro/libnx/lib/libnx.a(nvchannel.o)
                0x000000000000f5d0                nvioctlChannel_AllocGpfifoEx2
 *fill*         0x000000000000f628        0x8 
 .text.nvioctlNvmap_Create
                0x000000000000f630       0x40 /opt/devkitpro/libnx/lib/libnx.a(nvmap.o)
                0x000000000000f630                nvioctlNvmap_Create
 .text.nvioctlNvmap_Alloc
                0x000000000000f670       0x40 /opt/devkitpro/libnx/lib/libnx.a(nvmap.o)
                0x000000000000f670                nvioctlNvmap_Alloc
 .text.nvioctlNvmap_Free
                0x000000000000f6b0       0x30 /opt/devkitpro/libnx/lib/libnx.a(nvmap.o)
                0x000000000000f6b0                nvioctlNvmap_Free
 .text.nvioctlNvmap_GetId
                0x000000000000f6e0       0x40 /opt/devkitpro/libnx/lib/libnx.a(nvmap.o)
                0x000000000000f6e0                nvioctlNvmap_GetId
 .text.nwindowGetDefault
                0x000000000000f720        0xc /opt/devkitpro/libnx/lib/libnx.a(default_window.o)
                0x000000000000f720                nwindowGetDefault
 *fill*         0x000000000000f72c        0x4 
 .text.__nx_win_init
                0x000000000000f730       0xc0 /opt/devkitpro/libnx/lib/libnx.a(default_window.o)
                0x000000000000f730                __nx_win_init
 .text.__nx_win_exit
                0x000000000000f7f0       0x34 /opt/devkitpro/libnx/lib/libnx.a(default_window.o)
                0x000000000000f7f0                __nx_win_exit
 *fill*         0x000000000000f824        0xc 
 .text.nwindowIsValid
                0x000000000000f830       0x24 /opt/devkitpro/libnx/lib/libnx.a(native_window.o)
                0x000000000000f830                nwindowIsValid
 *fill*         0x000000000000f854        0xc 
 .text.nwindowClose
                0x000000000000f860       0x8c /opt/devkitpro/libnx/lib/libnx.a(native_window.o)
                0x000000000000f860                nwindowClose
 *fill*         0x000000000000f8ec        0x4 
 .text.nwindowCreate
                0x000000000000f8f0       0xf8 /opt/devkitpro/libnx/lib/libnx.a(native_window.o)
                0x000000000000f8f0                nwindowCreate
 *fill*         0x000000000000f9e8        0x8 
 .text.nwindowCreateFromLayer
                0x000000000000f9f0       0x34 /opt/devkitpro/libnx/lib/libnx.a(native_window.o)
                0x000000000000f9f0                nwindowCreateFromLayer
 *fill*         0x000000000000fa24        0xc 
 .text.nwindowSetDimensions
                0x000000000000fa30       0x88 /opt/devkitpro/libnx/lib/libnx.a(native_window.o)
                0x000000000000fa30                nwindowSetDimensions
 *fill*         0x000000000000fab8        0x8 
 .text.nwindowSetTransform
                0x000000000000fac0       0x58 /opt/devkitpro/libnx/lib/libnx.a(native_window.o)
                0x000000000000fac0                nwindowSetTransform
 *fill*         0x000000000000fb18        0x8 
 .text.nwindowConfigureBuffer
                0x000000000000fb20      0x190 /opt/devkitpro/libnx/lib/libnx.a(native_window.o)
                0x000000000000fb20                nwindowConfigureBuffer
 .text.nwindowDequeueBuffer
                0x000000000000fcb0      0x1dc /opt/devkitpro/libnx/lib/libnx.a(native_window.o)
                0x000000000000fcb0                nwindowDequeueBuffer
 *fill*         0x000000000000fe8c        0x4 
 .text.nwindowQueueBuffer
                0x000000000000fe90      0x144 /opt/devkitpro/libnx/lib/libnx.a(native_window.o)
                0x000000000000fe90                nwindowQueueBuffer
 *fill*         0x000000000000ffd4        0xc 
 .text.nwindowReleaseBuffers
                0x000000000000ffe0       0x98 /opt/devkitpro/libnx/lib/libnx.a(native_window.o)
                0x000000000000ffe0                nwindowReleaseBuffers
 *fill*         0x0000000000010078        0x8 
 .text.hosversionGet
                0x0000000000010080       0x10 /opt/devkitpro/libnx/lib/libnx.a(hosversion.o)
                0x0000000000010080                hosversionGet
 .text.hosversionSet
                0x0000000000010090       0x10 /opt/devkitpro/libnx/lib/libnx.a(hosversion.o)
                0x0000000000010090                hosversionSet
 .text.envSetup
                0x00000000000100a0      0x234 /opt/devkitpro/libnx/lib/libnx.a(env.o)
                0x00000000000100a0                envSetup
 *fill*         0x00000000000102d4        0xc 
 .text.envGetMainThreadHandle
                0x00000000000102e0       0x20 /opt/devkitpro/libnx/lib/libnx.a(env.o)
                0x00000000000102e0                envGetMainThreadHandle
 .text.envIsNso
                0x0000000000010300        0xc /opt/devkitpro/libnx/lib/libnx.a(env.o)
                0x0000000000010300                envIsNso
 *fill*         0x000000000001030c        0x4 
 .text.envHasHeapOverride
                0x0000000000010310       0x14 /opt/devkitpro/libnx/lib/libnx.a(env.o)
                0x0000000000010310                envHasHeapOverride
 *fill*         0x0000000000010324        0xc 
 .text.envGetHeapOverrideAddr
                0x0000000000010330        0xc /opt/devkitpro/libnx/lib/libnx.a(env.o)
                0x0000000000010330                envGetHeapOverrideAddr
 *fill*         0x000000000001033c        0x4 
 .text.envGetHeapOverrideSize
                0x0000000000010340        0xc /opt/devkitpro/libnx/lib/libnx.a(env.o)
                0x0000000000010340                envGetHeapOverrideSize
 *fill*         0x000000000001034c        0x4 
 .text.envHasArgv
                0x0000000000010350       0x14 /opt/devkitpro/libnx/lib/libnx.a(env.o)
                0x0000000000010350                envHasArgv
 *fill*         0x0000000000010364        0xc 
 .text.envGetArgv
                0x0000000000010370        0xc /opt/devkitpro/libnx/lib/libnx.a(env.o)
                0x0000000000010370                envGetArgv
 *fill*         0x000000000001037c        0x4 
 .text.envGetExitFuncPtr
                0x0000000000010380        0xc /opt/devkitpro/libnx/lib/libnx.a(env.o)
                0x0000000000010380                envGetExitFuncPtr
 *fill*         0x000000000001038c        0x4 
 .text.envSetExitFuncPtr
                0x0000000000010390        0xc /opt/devkitpro/libnx/lib/libnx.a(env.o)
                0x0000000000010390                envSetExitFuncPtr
 *fill*         0x000000000001039c        0x4 
 .text.romfs_close
                0x00000000000103a0        0x8 /opt/devkitpro/libnx/lib/libnx.a(romfs_dev.o)
 *fill*         0x00000000000103a8        0x8 
 .text.romfs_seek
                0x00000000000103b0       0x80 /opt/devkitpro/libnx/lib/libnx.a(romfs_dev.o)
 .text.romfs_dirreset
                0x0000000000010430       0x1c /opt/devkitpro/libnx/lib/libnx.a(romfs_dev.o)
 *fill*         0x000000000001044c        0x4 
 .text.romfs_fstat
                0x0000000000010450       0x74 /opt/devkitpro/libnx/lib/libnx.a(romfs_dev.o)
 *fill*         0x00000000000104c4        0xc 
 .text.romfs_dirnext
                0x00000000000104d0      0x2bc /opt/devkitpro/libnx/lib/libnx.a(romfs_dev.o)
 *fill*         0x000000000001078c        0x4 
 .text.searchForDir
                0x0000000000010790      0x128 /opt/devkitpro/libnx/lib/libnx.a(romfs_dev.o)
 *fill*         0x00000000000108b8        0x8 
 .text._romfs_read_safe
                0x00000000000108c0      0x164 /opt/devkitpro/libnx/lib/libnx.a(romfs_dev.o)
 *fill*         0x0000000000010a24        0xc 
 .text._romfs_read
                0x0000000000010a30       0xb4 /opt/devkitpro/libnx/lib/libnx.a(romfs_dev.o)
 *fill*         0x0000000000010ae4        0xc 
 .text.romfs_read
                0x0000000000010af0       0x84 /opt/devkitpro/libnx/lib/libnx.a(romfs_dev.o)
 *fill*         0x0000000000010b74        0xc 
 .text.romfs_free
                0x0000000000010b80       0x78 /opt/devkitpro/libnx/lib/libnx.a(romfs_dev.o)
 *fill*         0x0000000000010bf8        0x8 
 .text.navigateToDir.constprop.0
                0x0000000000010c00      0x200 /opt/devkitpro/libnx/lib/libnx.a(romfs_dev.o)
 .text.romfs_chdir
                0x0000000000010e00       0x54 /opt/devkitpro/libnx/lib/libnx.a(romfs_dev.o)
 *fill*         0x0000000000010e54        0xc 
 .text.romfs_diropen
                0x0000000000010e60       0x84 /opt/devkitpro/libnx/lib/libnx.a(romfs_dev.o)
 *fill*         0x0000000000010ee4        0xc 
 .text.searchForFile.constprop.0
                0x0000000000010ef0      0x128 /opt/devkitpro/libnx/lib/libnx.a(romfs_dev.o)
 *fill*         0x0000000000011018        0x8 
 .text.romfs_open
                0x0000000000011020       0xf4 /opt/devkitpro/libnx/lib/libnx.a(romfs_dev.o)
 *fill*         0x0000000000011114        0xc 
 .text.romfs_stat
                0x0000000000011120      0x27c /opt/devkitpro/libnx/lib/libnx.a(romfs_dev.o)
 *fill*         0x000000000001139c        0x4 
 .text.romfs_dirclose
                0x00000000000113a0        0x8 /opt/devkitpro/libnx/lib/libnx.a(romfs_dev.o)
 *fill*         0x00000000000113a8        0x8 
 .text.romfsFindMount
                0x00000000000113b0      0x100 /opt/devkitpro/libnx/lib/libnx.a(romfs_dev.o)
 .text.romfsMountCommon
                0x00000000000114b0      0x1bc /opt/devkitpro/libnx/lib/libnx.a(romfs_dev.o)
 *fill*         0x000000000001166c        0x4 
 .text.romfsMountFromFile
                0x0000000000011670       0x68 /opt/devkitpro/libnx/lib/libnx.a(romfs_dev.o)
                0x0000000000011670                romfsMountFromFile
 *fill*         0x00000000000116d8        0x8 
 .text.romfsMountFromStorage
                0x00000000000116e0       0x70 /opt/devkitpro/libnx/lib/libnx.a(romfs_dev.o)
                0x00000000000116e0                romfsMountFromStorage
 .text.romfsMountFromCurrentProcess
                0x0000000000011750       0x38 /opt/devkitpro/libnx/lib/libnx.a(romfs_dev.o)
                0x0000000000011750                romfsMountFromCurrentProcess
 *fill*         0x0000000000011788        0x8 
 .text.romfsMountSelf
                0x0000000000011790      0x1ac /opt/devkitpro/libnx/lib/libnx.a(romfs_dev.o)
                0x0000000000011790                romfsMountSelf
 *fill*         0x000000000001193c        0x4 
 .text.romfsUnmount
                0x0000000000011940       0xac /opt/devkitpro/libnx/lib/libnx.a(romfs_dev.o)
                0x0000000000011940                romfsUnmount
 *fill*         0x00000000000119ec        0x4 
 .text.consoleDrawChar
                0x00000000000119f0       0x48 /opt/devkitpro/libnx/lib/libnx.a(console.o)
 *fill*         0x0000000000011a38        0x8 
 .text.consoleNewRow
                0x0000000000011a40       0xb0 /opt/devkitpro/libnx/lib/libnx.a(console.o)
 .text.con_write
                0x0000000000011af0      0xc4c /opt/devkitpro/libnx/lib/libnx.a(console.o)
 *fill*         0x000000000001273c        0x4 
 .text.consoleInit
                0x0000000000012740      0x170 /opt/devkitpro/libnx/lib/libnx.a(console.o)
                0x0000000000012740                consoleInit
 .text.consoleExit
                0x00000000000128b0       0x48 /opt/devkitpro/libnx/lib/libnx.a(console.o)
                0x00000000000128b0                consoleExit
 *fill*         0x00000000000128f8        0x8 
 .text.consoleUpdate
                0x0000000000012900       0x2c /opt/devkitpro/libnx/lib/libnx.a(console.o)
                0x0000000000012900                consoleUpdate
 *fill*         0x000000000001292c        0x4 
 .text.fsdev_link
                0x0000000000012930       0x14 /opt/devkitpro/libnx/lib/libnx.a(fs_dev.o)
 *fill*         0x0000000000012944        0xc 
 .text.fsdev_dirreset
                0x0000000000012950       0x14 /opt/devkitpro/libnx/lib/libnx.a(fs_dev.o)
 *fill*         0x0000000000012964        0xc 
 .text.fsdev_chmod
                0x0000000000012970       0x14 /opt/devkitpro/libnx/lib/libnx.a(fs_dev.o)
 *fill*         0x0000000000012984        0xc 
 .text.error_cmp
                0x0000000000012990       0x18 /opt/devkitpro/libnx/lib/libnx.a(fs_dev.o)
 *fill*         0x00000000000129a8        0x8 
 .text.fsdev_dirclose
                0x00000000000129b0       0x20 /opt/devkitpro/libnx/lib/libnx.a(fs_dev.o)
 .text.fsdev_close
                0x00000000000129d0       0x1c /opt/devkitpro/libnx/lib/libnx.a(fs_dev.o)
 *fill*         0x00000000000129ec        0x4 
 .text.fsdev_converttimetoutc
                0x00000000000129f0       0x80 /opt/devkitpro/libnx/lib/libnx.a(fs_dev.o)
 .text.fsdevFindDevice.part.0
                0x0000000000012a70       0xb8 /opt/devkitpro/libnx/lib/libnx.a(fs_dev.o)
 *fill*         0x0000000000012b28        0x8 
 .text.fsdev_fixpath
                0x0000000000012b30      0x1e0 /opt/devkitpro/libnx/lib/libnx.a(fs_dev.o)
 .text._fsdevUnmountDeviceStruct.part.0
                0x0000000000012d10       0xa0 /opt/devkitpro/libnx/lib/libnx.a(fs_dev.o)
 .text.fsdev_fchmod
                0x0000000000012db0       0x14 /opt/devkitpro/libnx/lib/libnx.a(fs_dev.o)
 *fill*         0x0000000000012dc4        0xc 
 .text.fsdev_diropen
                0x0000000000012dd0      0x108 /opt/devkitpro/libnx/lib/libnx.a(fs_dev.o)
 *fill*         0x0000000000012ed8        0x8 
 .text.fsdev_fsync
                0x0000000000012ee0       0x7c /opt/devkitpro/libnx/lib/libnx.a(fs_dev.o)
 *fill*         0x0000000000012f5c        0x4 
 .text.fsdev_fstat
                0x0000000000012f60      0x110 /opt/devkitpro/libnx/lib/libnx.a(fs_dev.o)
 .text.fsdev_ftruncate
                0x0000000000013070       0x94 /opt/devkitpro/libnx/lib/libnx.a(fs_dev.o)
 *fill*         0x0000000000013104        0xc 
 .text.fsdev_stat
                0x0000000000013110      0x20c /opt/devkitpro/libnx/lib/libnx.a(fs_dev.o)
 *fill*         0x000000000001331c        0x4 
 .text.fsdev_rename
                0x0000000000013320      0x158 /opt/devkitpro/libnx/lib/libnx.a(fs_dev.o)
 *fill*         0x0000000000013478        0x8 
 .text.fsdev_chdir
                0x0000000000013480      0x14c /opt/devkitpro/libnx/lib/libnx.a(fs_dev.o)
 *fill*         0x00000000000135cc        0x4 
 .text.fsdev_mkdir
                0x00000000000135d0       0xac /opt/devkitpro/libnx/lib/libnx.a(fs_dev.o)
 *fill*         0x000000000001367c        0x4 
 .text.fsdev_rmdir
                0x0000000000013680       0xac /opt/devkitpro/libnx/lib/libnx.a(fs_dev.o)
 *fill*         0x000000000001372c        0x4 
 .text.fsdev_unlink
                0x0000000000013730       0xac /opt/devkitpro/libnx/lib/libnx.a(fs_dev.o)
 *fill*         0x00000000000137dc        0x4 
 .text.fsdev_statvfs
                0x00000000000137e0      0x104 /opt/devkitpro/libnx/lib/libnx.a(fs_dev.o)
 *fill*         0x00000000000138e4        0xc 
 .text.fsdev_write_safe
                0x00000000000138f0      0x13c /opt/devkitpro/libnx/lib/libnx.a(fs_dev.o)
 *fill*         0x0000000000013a2c        0x4 
 .text.fsdev_read_safe
                0x0000000000013a30      0x13c /opt/devkitpro/libnx/lib/libnx.a(fs_dev.o)
 *fill*         0x0000000000013b6c        0x4 
 .text.fsdev_read
                0x0000000000013b70      0x100 /opt/devkitpro/libnx/lib/libnx.a(fs_dev.o)
 .text.fsdev_dirnext
                0x0000000000013c70      0x1bc /opt/devkitpro/libnx/lib/libnx.a(fs_dev.o)
 *fill*         0x0000000000013e2c        0x4 
 .text.fsdev_write
                0x0000000000013e30      0x120 /opt/devkitpro/libnx/lib/libnx.a(fs_dev.o)
 .text.fsdev_seek
                0x0000000000013f50       0xe4 /opt/devkitpro/libnx/lib/libnx.a(fs_dev.o)
 *fill*         0x0000000000014034        0xc 
 .text.fsdev_open
                0x0000000000014040      0x244 /opt/devkitpro/libnx/lib/libnx.a(fs_dev.o)
 *fill*         0x0000000000014284        0xc 
 .text.fsdevMountDevice
                0x0000000000014290      0x218 /opt/devkitpro/libnx/lib/libnx.a(fs_dev.o)
                0x0000000000014290                fsdevMountDevice
 *fill*         0x00000000000144a8        0x8 
 .text.fsdevMountSdmc
                0x00000000000144b0       0x48 /opt/devkitpro/libnx/lib/libnx.a(fs_dev.o)
                0x00000000000144b0                fsdevMountSdmc
 *fill*         0x00000000000144f8        0x8 
 .text.__libnx_init_cwd
                0x0000000000014500       0xcc /opt/devkitpro/libnx/lib/libnx.a(fs_dev.o)
                0x0000000000014500                __libnx_init_cwd
 *fill*         0x00000000000145cc        0x4 
 .text.fsdevUnmountAll
                0x00000000000145d0       0x64 /opt/devkitpro/libnx/lib/libnx.a(fs_dev.o)
                0x00000000000145d0                fsdevUnmountAll
 *fill*         0x0000000000014634        0xc 
 .text.fsdevTranslatePath
                0x0000000000014640       0x84 /opt/devkitpro/libnx/lib/libnx.a(fs_dev.o)
                0x0000000000014640                fsdevTranslatePath
 *fill*         0x00000000000146c4        0xc 
 .text.decode_utf8
                0x00000000000146d0      0x12c /opt/devkitpro/libnx/lib/libnx.a(decode_utf8.o)
                0x00000000000146d0                decode_utf8
 .text.armDCacheFlush
                0x00000000000147fc       0x3c /opt/devkitpro/libnx/lib/libnx.a(cache.o)
                0x00000000000147fc                armDCacheFlush
 .text.svcSetHeapSize
                0x0000000000014838       0x14 /opt/devkitpro/libnx/lib/libnx.a(svc.o)
                0x0000000000014838                svcSetHeapSize
 .text.svcSetMemoryAttribute
                0x000000000001484c        0x8 /opt/devkitpro/libnx/lib/libnx.a(svc.o)
                0x000000000001484c                svcSetMemoryAttribute
 .text.svcUnmapMemory
                0x0000000000014854        0x8 /opt/devkitpro/libnx/lib/libnx.a(svc.o)
                0x0000000000014854                svcUnmapMemory
 .text.svcQueryMemory
                0x000000000001485c       0x14 /opt/devkitpro/libnx/lib/libnx.a(svc.o)
                0x000000000001485c                svcQueryMemory
 .text.svcExitProcess
                0x0000000000014870        0x8 /opt/devkitpro/libnx/lib/libnx.a(svc.o)
                0x0000000000014870                svcExitProcess
 .text.svcSleepThread
                0x0000000000014878        0x8 /opt/devkitpro/libnx/lib/libnx.a(svc.o)
                0x0000000000014878                svcSleepThread
 .text.svcMapSharedMemory
                0x0000000000014880        0x8 /opt/devkitpro/libnx/lib/libnx.a(svc.o)
                0x0000000000014880                svcMapSharedMemory
 .text.svcUnmapSharedMemory
                0x0000000000014888        0x8 /opt/devkitpro/libnx/lib/libnx.a(svc.o)
                0x0000000000014888                svcUnmapSharedMemory
 .text.svcCreateTransferMemory
                0x0000000000014890       0x14 /opt/devkitpro/libnx/lib/libnx.a(svc.o)
                0x0000000000014890                svcCreateTransferMemory
 .text.svcCloseHandle
                0x00000000000148a4        0x8 /opt/devkitpro/libnx/lib/libnx.a(svc.o)
                0x00000000000148a4                svcCloseHandle
 .text.svcResetSignal
                0x00000000000148ac        0x8 /opt/devkitpro/libnx/lib/libnx.a(svc.o)
                0x00000000000148ac                svcResetSignal
 .text.svcWaitSynchronization
                0x00000000000148b4       0x14 /opt/devkitpro/libnx/lib/libnx.a(svc.o)
                0x00000000000148b4                svcWaitSynchronization
 .text.svcArbitrateLock
                0x00000000000148c8        0x8 /opt/devkitpro/libnx/lib/libnx.a(svc.o)
                0x00000000000148c8                svcArbitrateLock
 .text.svcArbitrateUnlock
                0x00000000000148d0        0x8 /opt/devkitpro/libnx/lib/libnx.a(svc.o)
                0x00000000000148d0                svcArbitrateUnlock
 .text.svcWaitProcessWideKeyAtomic
                0x00000000000148d8        0x8 /opt/devkitpro/libnx/lib/libnx.a(svc.o)
                0x00000000000148d8                svcWaitProcessWideKeyAtomic
 .text.svcSignalProcessWideKey
                0x00000000000148e0        0x8 /opt/devkitpro/libnx/lib/libnx.a(svc.o)
                0x00000000000148e0                svcSignalProcessWideKey
 .text.svcConnectToNamedPort
                0x00000000000148e8       0x14 /opt/devkitpro/libnx/lib/libnx.a(svc.o)
                0x00000000000148e8                svcConnectToNamedPort
 .text.svcSendSyncRequest
                0x00000000000148fc        0x8 /opt/devkitpro/libnx/lib/libnx.a(svc.o)
                0x00000000000148fc                svcSendSyncRequest
 .text.svcBreak
                0x0000000000014904        0x8 /opt/devkitpro/libnx/lib/libnx.a(svc.o)
                0x0000000000014904                svcBreak
 .text.svcReturnFromException
                0x000000000001490c        0x8 /opt/devkitpro/libnx/lib/libnx.a(svc.o)
                0x000000000001490c                svcReturnFromException
 .text.svcGetInfo
                0x0000000000014914       0x14 /opt/devkitpro/libnx/lib/libnx.a(svc.o)
                0x0000000000014914                svcGetInfo
 .text.svcUnmapTransferMemory
                0x0000000000014928        0x8 /opt/devkitpro/libnx/lib/libnx.a(svc.o)
                0x0000000000014928                svcUnmapTransferMemory
 .text.__aarch64_read_tp
                0x0000000000014930        0xc /opt/devkitpro/libnx/lib/libnx.a(readtp.o)
                0x0000000000014930                __aarch64_read_tp
 *fill*         0x000000000001493c        0x4 
 .text.detectKernelVersion
                0x0000000000014940      0x17c /opt/devkitpro/libnx/lib/libnx.a(detect.o)
                0x0000000000014940                detectKernelVersion
 *fill*         0x0000000000014abc        0x4 
 .text.detectDebugger
                0x0000000000014ac0       0x30 /opt/devkitpro/libnx/lib/libnx.a(detect.o)
                0x0000000000014ac0                detectDebugger
 .text.tmemCreate
                0x0000000000014af0       0xa8 /opt/devkitpro/libnx/lib/libnx.a(tmem.o)
                0x0000000000014af0                tmemCreate
 *fill*         0x0000000000014b98        0x8 
 .text.tmemUnmap
                0x0000000000014ba0       0x58 /opt/devkitpro/libnx/lib/libnx.a(tmem.o)
                0x0000000000014ba0                tmemUnmap
 *fill*         0x0000000000014bf8        0x8 
 .text.tmemClose
                0x0000000000014c00       0x68 /opt/devkitpro/libnx/lib/libnx.a(tmem.o)
                0x0000000000014c00                tmemClose
 *fill*         0x0000000000014c68        0x8 
 .text.waitObjects
                0x0000000000014c70      0x45c /opt/devkitpro/libnx/lib/libnx.a(wait.o)
                0x0000000000014c70                waitObjects
 *fill*         0x00000000000150cc        0x4 
 .text.rwlockReadLock
                0x00000000000150d0       0x98 /opt/devkitpro/libnx/lib/libnx.a(rwlock.o)
                0x00000000000150d0                rwlockReadLock
 *fill*         0x0000000000015168        0x8 
 .text.rwlockReadUnlock
                0x0000000000015170       0xb4 /opt/devkitpro/libnx/lib/libnx.a(rwlock.o)
                0x0000000000015170                rwlockReadUnlock
 *fill*         0x0000000000015224        0xc 
 .text.rwlockWriteLock
                0x0000000000015230       0xa4 /opt/devkitpro/libnx/lib/libnx.a(rwlock.o)
                0x0000000000015230                rwlockWriteLock
 *fill*         0x00000000000152d4        0xc 
 .text.rwlockWriteUnlock
                0x00000000000152e0       0x78 /opt/devkitpro/libnx/lib/libnx.a(rwlock.o)
                0x00000000000152e0                rwlockWriteUnlock
 *fill*         0x0000000000015358        0x8 
 .text.shmemLoadRemote
                0x0000000000015360       0x14 /opt/devkitpro/libnx/lib/libnx.a(shmem.o)
                0x0000000000015360                shmemLoadRemote
 *fill*         0x0000000000015374        0xc 
 .text.shmemMap
                0x0000000000015380       0x84 /opt/devkitpro/libnx/lib/libnx.a(shmem.o)
                0x0000000000015380                shmemMap
 *fill*         0x0000000000015404        0xc 
 .text.shmemUnmap
                0x0000000000015410       0x58 /opt/devkitpro/libnx/lib/libnx.a(shmem.o)
                0x0000000000015410                shmemUnmap
 *fill*         0x0000000000015468        0x8 
 .text.shmemClose
                0x0000000000015470       0x44 /opt/devkitpro/libnx/lib/libnx.a(shmem.o)
                0x0000000000015470                shmemClose
 *fill*         0x00000000000154b4        0xc 
 .text._GetRegionFromInfo
                0x00000000000154c0       0x64 /opt/devkitpro/libnx/lib/libnx.a(virtmem.o)
 *fill*         0x0000000000015524        0xc 
 .text.virtmemSetup
                0x0000000000015530      0x104 /opt/devkitpro/libnx/lib/libnx.a(virtmem.o)
                0x0000000000015530                virtmemSetup
 *fill*         0x0000000000015634        0xc 
 .text.virtmemReserve
                0x0000000000015640      0x10c /opt/devkitpro/libnx/lib/libnx.a(virtmem.o)
                0x0000000000015640                virtmemReserve
 *fill*         0x000000000001574c        0x4 
 .text.virtmemFree
                0x0000000000015750        0x4 /opt/devkitpro/libnx/lib/libnx.a(virtmem.o)
                0x0000000000015750                virtmemFree
 *fill*         0x0000000000015754        0xc 
 .text.eventLoadRemote
                0x0000000000015760        0xc /opt/devkitpro/libnx/lib/libnx.a(event.o)
                0x0000000000015760                eventLoadRemote
 *fill*         0x000000000001576c        0x4 
 .text.eventWait
                0x0000000000015770       0x38 /opt/devkitpro/libnx/lib/libnx.a(event.o)
                0x0000000000015770                eventWait
 *fill*         0x00000000000157a8        0x8 
 .text.eventClose
                0x00000000000157b0       0x50 /opt/devkitpro/libnx/lib/libnx.a(event.o)
                0x00000000000157b0                eventClose
 .text.condvarWaitTimeout
                0x0000000000015800       0x60 /opt/devkitpro/libnx/lib/libnx.a(condvar.o)
                0x0000000000015800                condvarWaitTimeout
 .text._timeCleanup
                0x0000000000015860      0x228 /opt/devkitpro/libnx/lib/libnx.a(time.o)
 *fill*         0x0000000000015a88        0x8 
 .text._timeCmdNoInOutU64.constprop.0
                0x0000000000015a90       0xc8 /opt/devkitpro/libnx/lib/libnx.a(time.o)
 *fill*         0x0000000000015b58        0x8 
 .text._timeCmdGetSession.constprop.0
                0x0000000000015b60       0xe8 /opt/devkitpro/libnx/lib/libnx.a(time.o)
 *fill*         0x0000000000015c48        0x8 
 .text._timeGetSharedMemoryNativeHandle.constprop.0
                0x0000000000015c50       0xcc /opt/devkitpro/libnx/lib/libnx.a(time.o)
 *fill*         0x0000000000015d1c        0x4 
 .text._timeReadClockFromSharedMem
                0x0000000000015d20      0x114 /opt/devkitpro/libnx/lib/libnx.a(time.o)
 *fill*         0x0000000000015e34        0xc 
 .text.timeInitialize
                0x0000000000015e40      0x238 /opt/devkitpro/libnx/lib/libnx.a(time.o)
                0x0000000000015e40                timeInitialize
 *fill*         0x0000000000016078        0x8 
 .text.timeExit
                0x0000000000016080       0x44 /opt/devkitpro/libnx/lib/libnx.a(time.o)
                0x0000000000016080                timeExit
 *fill*         0x00000000000160c4        0xc 
 .text.timeGetServiceSession_SystemClock
                0x00000000000160d0       0x38 /opt/devkitpro/libnx/lib/libnx.a(time.o)
                0x00000000000160d0                timeGetServiceSession_SystemClock
 *fill*         0x0000000000016108        0x8 
 .text.timeGetCurrentTime
                0x0000000000016110       0x5c /opt/devkitpro/libnx/lib/libnx.a(time.o)
                0x0000000000016110                timeGetCurrentTime
 *fill*         0x000000000001616c        0x4 
 .text.timeToCalendarTimeWithMyRule
                0x0000000000016170      0x118 /opt/devkitpro/libnx/lib/libnx.a(time.o)
                0x0000000000016170                timeToCalendarTimeWithMyRule
 *fill*         0x0000000000016288        0x8 
 .text.timeToPosixTimeWithMyRule
                0x0000000000016290      0x104 /opt/devkitpro/libnx/lib/libnx.a(time.o)
                0x0000000000016290                timeToPosixTimeWithMyRule
 *fill*         0x0000000000016394        0xc 
 .text._viCleanup
                0x00000000000163a0      0x1dc /opt/devkitpro/libnx/lib/libnx.a(vi.o)
 *fill*         0x000000000001657c        0x4 
 .text._viCmdGetSessionNoParams.constprop.0
                0x0000000000016580       0xe8 /opt/devkitpro/libnx/lib/libnx.a(vi.o)
 *fill*         0x0000000000016668        0x8 
 .text._viCmdGetSession.constprop.0
                0x0000000000016670       0xe4 /opt/devkitpro/libnx/lib/libnx.a(vi.o)
 *fill*         0x0000000000016754        0xc 
 .text.viInitialize
                0x0000000000016760      0x25c /opt/devkitpro/libnx/lib/libnx.a(vi.o)
                0x0000000000016760                viInitialize
 *fill*         0x00000000000169bc        0x4 
 .text.viExit   0x00000000000169c0       0x44 /opt/devkitpro/libnx/lib/libnx.a(vi.o)
                0x00000000000169c0                viExit
 *fill*         0x0000000000016a04        0xc 
 .text.viGetSession_IHOSBinderDriverRelay
                0x0000000000016a10        0xc /opt/devkitpro/libnx/lib/libnx.a(vi.o)
                0x0000000000016a10                viGetSession_IHOSBinderDriverRelay
 *fill*         0x0000000000016a1c        0x4 
 .text.viOpenDisplay
                0x0000000000016a20      0x120 /opt/devkitpro/libnx/lib/libnx.a(vi.o)
                0x0000000000016a20                viOpenDisplay
 .text.viCloseDisplay
                0x0000000000016b40       0xf8 /opt/devkitpro/libnx/lib/libnx.a(vi.o)
                0x0000000000016b40                viCloseDisplay
 *fill*         0x0000000000016c38        0x8 
 .text.viCloseLayer
                0x0000000000016c40       0xfc /opt/devkitpro/libnx/lib/libnx.a(vi.o)
                0x0000000000016c40                viCloseLayer
 *fill*         0x0000000000016d3c        0x4 
 .text.viCreateLayer
                0x0000000000016d40      0x3c4 /opt/devkitpro/libnx/lib/libnx.a(vi.o)
                0x0000000000016d40                viCreateLayer
 *fill*         0x0000000000017104        0xc 
 .text.viSetLayerScalingMode
                0x0000000000017110       0xd8 /opt/devkitpro/libnx/lib/libnx.a(vi.o)
                0x0000000000017110                viSetLayerScalingMode
 *fill*         0x00000000000171e8        0x8 
 .text._apmCleanup
                0x00000000000171f0       0xc0 /opt/devkitpro/libnx/lib/libnx.a(apm.o)
 .text._apmCmdGetSession.constprop.0
                0x00000000000172b0       0xe0 /opt/devkitpro/libnx/lib/libnx.a(apm.o)
 .text.apmInitialize
                0x0000000000017390       0xa0 /opt/devkitpro/libnx/lib/libnx.a(apm.o)
                0x0000000000017390                apmInitialize
 .text.apmExit  0x0000000000017430       0x44 /opt/devkitpro/libnx/lib/libnx.a(apm.o)
                0x0000000000017430                apmExit
 *fill*         0x0000000000017474        0xc 
 .text.apmSetPerformanceConfiguration
                0x0000000000017480       0xc8 /opt/devkitpro/libnx/lib/libnx.a(apm.o)
                0x0000000000017480                apmSetPerformanceConfiguration
 *fill*         0x0000000000017548        0x8 
 .text._fsCleanup
                0x0000000000017550       0xb4 /opt/devkitpro/libnx/lib/libnx.a(fs.o)
 *fill*         0x0000000000017604        0xc 
 .text._fsCmdNoIO
                0x0000000000017610      0x1b0 /opt/devkitpro/libnx/lib/libnx.a(fs.o)
 .text._fsFsCmdWithInPath
                0x00000000000177c0      0x1d8 /opt/devkitpro/libnx/lib/libnx.a(fs.o)
 *fill*         0x0000000000017998        0x8 
 .text._fsFsCmdWithTwoInPaths
                0x00000000000179a0      0x1fc /opt/devkitpro/libnx/lib/libnx.a(fs.o)
 *fill*         0x0000000000017b9c        0x4 
 .text._fsFsOpenCommon
                0x0000000000017ba0      0x230 /opt/devkitpro/libnx/lib/libnx.a(fs.o)
 .text._fsFsCmdWithInPathAndOutU64
                0x0000000000017dd0      0x1f4 /opt/devkitpro/libnx/lib/libnx.a(fs.o)
 *fill*         0x0000000000017fc4        0xc 
 .text._fsObjectClose
                0x0000000000017fd0       0xf4 /opt/devkitpro/libnx/lib/libnx.a(fs.o)
 *fill*         0x00000000000180c4        0xc 
 .text._fsCmdGetSession.constprop.0
                0x00000000000180d0      0x170 /opt/devkitpro/libnx/lib/libnx.a(fs.o)
 .text.fsInitialize
                0x0000000000018240      0x314 /opt/devkitpro/libnx/lib/libnx.a(fs.o)
                0x0000000000018240                fsInitialize
 *fill*         0x0000000000018554        0xc 
 .text.fsExit   0x0000000000018560       0x44 /opt/devkitpro/libnx/lib/libnx.a(fs.o)
                0x0000000000018560                fsExit
 *fill*         0x00000000000185a4        0xc 
 .text.fsOpenSdCardFileSystem
                0x00000000000185b0        0x8 /opt/devkitpro/libnx/lib/libnx.a(fs.o)
                0x00000000000185b0                fsOpenSdCardFileSystem
 *fill*         0x00000000000185b8        0x8 
 .text.fsOpenDataStorageByCurrentProcess