Archive member included to satisfy reference by file (symbol)

/opt/devkitpro/libnx/lib/libnx.a(hid.o)
                              main.o (hidKeysDown)
/opt/devkitpro/libnx/lib/libnx.a(sm.o)
                              /opt/devkitpro/libnx/lib/libnx.a(hid.o) (smGetServiceWrapper)
/opt/devkitpro/libnx/lib/libnx.a(fatal.o)
                              /opt/devkitpro/libnx/lib/libnx.a(sm.o) (fatalThrow)
/opt/devkitpro/libnx/lib/libnx.a(applet.o)
                              /opt/devkitpro/libnx/lib/libnx.a(hid.o) (appletGetAppletResourceUserId)
/opt/devkitpro/libnx/lib/libnx.a(hosversion.o)
                              /opt/devkitpro/libnx/lib/libnx.a(hid.o) (hosversionGet)
/opt/devkitpro/libnx/lib/libnx.a(env.o)
                              /opt/devkitpro/libnx/lib/libnx.a(applet.o) (envIsNso)
/opt/devkitpro/libnx/lib/libnx.a(console.o)
                              main.o (consoleInit)
/opt/devkitpro/libnx/lib/libnx.a(console_sw.o)
                              /opt/devkitpro/libnx/lib/libnx.a(console.o) (getDefaultConsoleRenderer)
/opt/devkitpro/libnx/lib/libnx.a(svc.o)
                              /opt/devkitpro/libnx/lib/libnx.a(fatal.o) (svcExitProcess)
/opt/devkitpro/libnx/lib/libnx.a(switch_crt0.o)
                              (_start)
/opt/devkitpro/libnx/lib/libnx.a(default_font.bin.o)
                              /opt/devkitpro/libnx/lib/libnx.a(console.o) (default_font_bin)
/opt/devkitpro/libnx/lib/libnx.a(detect.o)
                              /opt/devkitpro/libnx/lib/libnx.a(fatal.o) (detectKernelVersion)
/opt/devkitpro/libnx/lib/libnx.a(tmem.o)
                              /opt/devkitpro/libnx/lib/libnx.a(applet.o) (tmemCreate)
/opt/devkitpro/libnx/lib/libnx.a(wait.o)
                              /opt/devkitpro/libnx/lib/libnx.a(applet.o) (waitObjects)
/opt/devkitpro/libnx/lib/libnx.a(rwlock.o)
                              /opt/devkitpro/libnx/lib/libnx.a(hid.o) (rwlockReadLock)
/opt/devkitpro/libnx/lib/libnx.a(mutex.o)
                              /opt/devkitpro/libnx/lib/libnx.a(hid.o) (mutexLock)
/opt/devkitpro/libnx/lib/libnx.a(shmem.o)
                              /opt/devkitpro/libnx/lib/libnx.a(hid.o) (shmemLoadRemote)
/opt/devkitpro/libnx/lib/libnx.a(virtmem.o)
                              /opt/devkitpro/libnx/lib/libnx.a(tmem.o) (virtmemReserve)
/opt/devkitpro/libnx/lib/libnx.a(event.o)
                              /opt/devkitpro/libnx/lib/libnx.a(hid.o) (eventLoadRemote)
/opt/devkitpro/libnx/lib/libnx.a(condvar.o)
                              /opt/devkitpro/libnx/lib/libnx.a(rwlock.o) (condvarWaitTimeout)
/opt/devkitpro/libnx/lib/libnx.a(apm.o)
                              /opt/devkitpro/libnx/lib/libnx.a(applet.o) (apmInitialize)
/opt/devkitpro/libnx/lib/libnx.a(default_window.o)
                              /opt/devkitpro/libnx/lib/libnx.a(console_sw.o) (nwindowGetDefault)
/opt/devkitpro/libnx/lib/libnx.a(framebuffer.o)
                              /opt/devkitpro/libnx/lib/libnx.a(console_sw.o) (framebufferMakeLinear)
/opt/devkitpro/libnx/lib/libnx.a(native_window.o)
                              /opt/devkitpro/libnx/lib/libnx.a(framebuffer.o) (nwindowIsValid)
/opt/devkitpro/libnx/lib/libnx.a(dynamic.o)
                              /opt/devkitpro/libnx/lib/libnx.a(switch_crt0.o) (__nx_dynamic)
/opt/devkitpro/libnx/lib/libnx.a(init.o)
                              /opt/devkitpro/libnx/lib/libnx.a(switch_crt0.o) (__libnx_init)
/opt/devkitpro/libnx/lib/libnx.a(newlib.o)
                              /opt/devkitpro/libnx/lib/libnx.a(init.o) (__libnx_init_time)
/opt/devkitpro/libnx/lib/libnx.a(argv.o)
                              /opt/devkitpro/libnx/lib/libnx.a(init.o) (argvSetup)
/opt/devkitpro/libnx/lib/libnx.a(fs_dev.o)
                              /opt/devkitpro/libnx/lib/libnx.a(init.o) (fsdevMountSdmc)
/opt/devkitpro/libnx/lib/libnx.a(decode_utf8.o)
                              /opt/devkitpro/libnx/lib/libnx.a(fs_dev.o) (decode_utf8)
/opt/devkitpro/libnx/lib/libnx.a(cache.o)
                              /opt/devkitpro/libnx/lib/libnx.a(framebuffer.o) (armDCacheFlush)
/opt/devkitpro/libnx/lib/libnx.a(exception.o)
                              /opt/devkitpro/libnx/lib/libnx.a(switch_crt0.o) (__libnx_exception_entry)
/opt/devkitpro/libnx/lib/libnx.a(readtp.o)
                              /opt/devkitpro/libnx/lib/libnx.a(fs_dev.o) (__aarch64_read_tp)
/opt/devkitpro/libnx/lib/libnx.a(thread.o)
                              /opt/devkitpro/libnx/lib/libnx.a(init.o) (__libnx_init_thread)
/opt/devkitpro/libnx/lib/libnx.a(time.o)
                              /opt/devkitpro/libnx/lib/libnx.a(init.o) (timeInitialize)
/opt/devkitpro/libnx/lib/libnx.a(vi.o)
                              /opt/devkitpro/libnx/lib/libnx.a(default_window.o) (viInitialize)
/opt/devkitpro/libnx/lib/libnx.a(nv.o)
                              /opt/devkitpro/libnx/lib/libnx.a(framebuffer.o) (nvInitialize)
/opt/devkitpro/libnx/lib/libnx.a(fs.o)
[...]
Memory Configuration

Name             Origin             Length             Attributes
*default*        0x0000000000000000 0xffffffffffffffff

Linker script and memory map

                0x0000000000000000                PROVIDE (__start__ = 0x0)
                0x0000000000000000                . = __start__
                0x0000000000000000                __code_start = .

.crt0           0x0000000000000000      0x158
 *(.crt0)
 .crt0          0x0000000000000000      0x158 /opt/devkitpro/libnx/lib/libnx.a(switch_crt0.o)
                0x0000000000000000                _start
                0x0000000000000120                __nx_exit
                0x0000000000000130                __nx_mod0
                0x0000000000000158                . = ALIGN (0x8)

.init           0x0000000000000158       0x38
 *(.init)
 .init          0x0000000000000158       0x18 /opt/devkitpro/devkitA64/bin/../lib/gcc/aarch64-none-elf/10.1.0/pic/crti.o
                0x0000000000000158                _init
 .init          0x0000000000000170       0x1c /opt/devkitpro/devkitA64/bin/../lib/gcc/aarch64-none-elf/10.1.0/pic/crtn.o
                0x0000000000000190                . = ALIGN (0x8)
 *fill*         0x000000000000018c        0x4 

.plt            0x0000000000000190        0x0
 *(.plt)
 .plt           0x0000000000000190        0x0 /opt/devkitpro/devkitA64/bin/../lib/gcc/aarch64-none-elf/10.1.0/pic/crti.o
 *(.iplt)
                0x0000000000000190                . = ALIGN (0x8)

.text           0x00000000000001c0    0x2b2c0
 *(.text.unlikely .text.*_unlikely .text.unlikely.*)
 *(.text.exit .text.exit.*)
 .text.exit     0x00000000000001c0       0x38 /opt/devkitpro/devkitA64/bin/../lib/gcc/aarch64-none-elf/10.1.0/../../../../aarch64-none-elf/lib/pic/libg.a(lib_a-exit.o)
                0x00000000000001c0                exit
 *(.text.startup .text.startup.*)
 *fill*         0x00000000000001f8        0x8 
 .text.startup.main
                0x0000000000000200       0x98 main.o
                0x0000000000000200                main
 *(.text.hot .text.hot.*)
 *(.text .stub .text.* .gnu.linkonce.t.*)
 *fill*         0x0000000000000298        0x8 
 .text.deregister_tm_clones
                0x00000000000002a0       0x30 /opt/devkitpro/devkitA64/bin/../lib/gcc/aarch64-none-elf/10.1.0/pic/crtbegin.o
 .text.register_tm_clones
                0x00000000000002d0       0x3c /opt/devkitpro/devkitA64/bin/../lib/gcc/aarch64-none-elf/10.1.0/pic/crtbegin.o
 *fill*         0x000000000000030c        0x4 
 .text.__do_global_dtors_aux
                0x0000000000000310       0x48 /opt/devkitpro/devkitA64/bin/../lib/gcc/aarch64-none-elf/10.1.0/pic/crtbegin.o
 *fill*         0x0000000000000358        0x8 
 .text.frame_dummy
                0x0000000000000360       0x34 /opt/devkitpro/devkitA64/bin/../lib/gcc/aarch64-none-elf/10.1.0/pic/crtbegin.o
 *fill*         0x0000000000000394        0xc 
 .text._hidCmdWithNoInput
                0x00000000000003a0       0xd4 /opt/devkitpro/libnx/lib/libnx.a(hid.o)
 *fill*         0x0000000000000474        0xc 
 .text._hidCmdWithInputU32
                0x0000000000000480       0xe4 /opt/devkitpro/libnx/lib/libnx.a(hid.o)
 *fill*         0x0000000000000564        0xc 
 .text._hidCmdWithInputU64.constprop.0
                0x0000000000000570       0xe0 /opt/devkitpro/libnx/lib/libnx.a(hid.o)
 .text._hidCreateAppletResource.constprop.0
                0x0000000000000650       0xfc /opt/devkitpro/libnx/lib/libnx.a(hid.o)
 *fill*         0x000000000000074c        0x4 
 .text._hidCmdGetHandle.constprop.0
                0x0000000000000750       0xc8 /opt/devkitpro/libnx/lib/libnx.a(hid.o)
 *fill*         0x0000000000000818        0x8 
 .text.hidReset
                0x0000000000000820      0x224 /opt/devkitpro/libnx/lib/libnx.a(hid.o)
                0x0000000000000820                hidReset
 *fill*         0x0000000000000a44        0xc 
 .text.hidGetSharedmemAddr
                0x0000000000000a50        0xc /opt/devkitpro/libnx/lib/libnx.a(hid.o)
                0x0000000000000a50                hidGetSharedmemAddr
 *fill*         0x0000000000000a5c        0x4 
 .text.hidKeysDown
                0x0000000000000a60       0x6c /opt/devkitpro/libnx/lib/libnx.a(hid.o)
                0x0000000000000a60                hidKeysDown
 *fill*         0x0000000000000acc        0x4 
 .text.hidTouchCount
                0x0000000000000ad0        0xc /opt/devkitpro/libnx/lib/libnx.a(hid.o)
                0x0000000000000ad0                hidTouchCount
 *fill*         0x0000000000000adc        0x4 
 .text.hidScanInput
                0x0000000000000ae0      0x5ac /opt/devkitpro/libnx/lib/libnx.a(hid.o)
                0x0000000000000ae0                hidScanInput
 *fill*         0x000000000000108c        0x4 
 .text.hidSetSupportedNpadStyleSet
                0x0000000000001090        0x8 /opt/devkitpro/libnx/lib/libnx.a(hid.o)
                0x0000000000001090                hidSetSupportedNpadStyleSet
 *fill*         0x0000000000001098        0x8 
 .text.hidSetSupportedNpadIdType
                0x00000000000010a0      0x180 /opt/devkitpro/libnx/lib/libnx.a(hid.o)
                0x00000000000010a0                hidSetSupportedNpadIdType
 .text.hidSetNpadJoyHoldType
                0x0000000000001220        0x8 /opt/devkitpro/libnx/lib/libnx.a(hid.o)
                0x0000000000001220                hidSetNpadJoyHoldType
 *fill*         0x0000000000001228        0x8 
 .text.hidSetNpadJoyAssignmentModeDual
                0x0000000000001230       0x20 /opt/devkitpro/libnx/lib/libnx.a(hid.o)
                0x0000000000001230                hidSetNpadJoyAssignmentModeDual
 .text.hidFinalizeSevenSixAxisSensor
                0x0000000000001250       0x80 /opt/devkitpro/libnx/lib/libnx.a(hid.o)
                0x0000000000001250                hidFinalizeSevenSixAxisSensor
 .text._hidCleanup
                0x00000000000012d0      0x12c /opt/devkitpro/libnx/lib/libnx.a(hid.o)
 *fill*         0x00000000000013fc        0x4 
 .text.hidInitialize
                0x0000000000001400      0x1c4 /opt/devkitpro/libnx/lib/libnx.a(hid.o)
                0x0000000000001400                hidInitialize
 *fill*         0x00000000000015c4        0xc 
 .text.hidExit  0x00000000000015d0       0x44 /opt/devkitpro/libnx/lib/libnx.a(hid.o)
                0x00000000000015d0                hidExit
 *fill*         0x0000000000001614        0xc 
 .text._smCleanup
                0x0000000000001620       0x68 /opt/devkitpro/libnx/lib/libnx.a(sm.o)
 *fill*         0x0000000000001688        0x8 
 .text.smAddOverrideHandle
                0x0000000000001690       0x48 /opt/devkitpro/libnx/lib/libnx.a(sm.o)
                0x0000000000001690                smAddOverrideHandle
 *fill*         0x00000000000016d8        0x8 
 .text.smGetServiceOverride
                0x00000000000016e0       0x54 /opt/devkitpro/libnx/lib/libnx.a(sm.o)
                0x00000000000016e0                smGetServiceOverride
 *fill*         0x0000000000001734        0xc 
 .text.smExit   0x0000000000001740       0x44 /opt/devkitpro/libnx/lib/libnx.a(sm.o)
                0x0000000000001740                smExit
 *fill*         0x0000000000001784        0xc 
 .text.smGetServiceOriginal
                0x0000000000001790       0xd0 /opt/devkitpro/libnx/lib/libnx.a(sm.o)
                0x0000000000001790                smGetServiceOriginal
 .text.smInitialize
                0x0000000000001860      0x280 /opt/devkitpro/libnx/lib/libnx.a(sm.o)
                0x0000000000001860                smInitialize
 .text.smGetServiceWrapper
                0x0000000000001ae0      0x120 /opt/devkitpro/libnx/lib/libnx.a(sm.o)
                0x0000000000001ae0                smGetServiceWrapper
 .text._fatalCmd
                0x0000000000001c00      0x198 /opt/devkitpro/libnx/lib/libnx.a(fatal.o)
 *fill*         0x0000000000001d98        0x8 
 .text.fatalThrowWithPolicy
                0x0000000000001da0        0xc /opt/devkitpro/libnx/lib/libnx.a(fatal.o)
                0x0000000000001da0                fatalThrowWithPolicy
 *fill*         0x0000000000001dac        0x4 
 .text.fatalThrow
                0x0000000000001db0       0x14 /opt/devkitpro/libnx/lib/libnx.a(fatal.o)
                0x0000000000001db0                fatalSimple
                0x0000000000001db0                fatalThrow
 *fill*         0x0000000000001dc4        0xc 
 .text._appletInfiniteSleepLoop
                0x0000000000001dd0       0x24 /opt/devkitpro/libnx/lib/libnx.a(applet.o)
 *fill*         0x0000000000001df4        0xc 
 .text._appletCmdGetSession
                0x0000000000001e00       0xf0 /opt/devkitpro/libnx/lib/libnx.a(applet.o)
 .text._appletCmdInU8NoOut
                0x0000000000001ef0       0xcc /opt/devkitpro/libnx/lib/libnx.a(applet.o)
 *fill*         0x0000000000001fbc        0x4 
 .text._appletGetLaunchReason
                0x0000000000001fc0      0x110 /opt/devkitpro/libnx/lib/libnx.a(applet.o)
 .text._appletSetFocusHandlingMode
                0x00000000000020d0       0xe4 /opt/devkitpro/libnx/lib/libnx.a(applet.o)
 *fill*         0x00000000000021b4        0xc 
 .text._appletCmdInU32NoOut
                0x00000000000021c0       0xcc /opt/devkitpro/libnx/lib/libnx.a(applet.o)
 *fill*         0x000000000000228c        0x4 
 .text._appletGetSessionProxy.constprop.0
                0x0000000000002290      0x118 /opt/devkitpro/libnx/lib/libnx.a(applet.o)
 *fill*         0x00000000000023a8        0x8 
 .text._appletOpenLibraryAppletProxy.constprop.0
                0x00000000000023b0      0x134 /opt/devkitpro/libnx/lib/libnx.a(applet.o)
 *fill*         0x00000000000024e4        0xc 
 .text._appletCmdGetHandle.constprop.0.isra.0
                0x00000000000024f0       0xd0 /opt/devkitpro/libnx/lib/libnx.a(applet.o)
 .text._appletCmdNoInOutU8.isra.0
                0x00000000000025c0       0xd4 /opt/devkitpro/libnx/lib/libnx.a(applet.o)
 *fill*         0x0000000000002694        0xc 
 .text._appletCmdNoInOutU32.isra.0
                0x00000000000026a0       0xd4 /opt/devkitpro/libnx/lib/libnx.a(applet.o)
 *fill*         0x0000000000002774        0xc 
 .text._appletCmdNoInOutU64.isra.0
                0x0000000000002780       0xd4 /opt/devkitpro/libnx/lib/libnx.a(applet.o)
 *fill*         0x0000000000002854        0xc 
 .text._appletCmdNoIO.isra.0
                0x0000000000002860       0xc0 /opt/devkitpro/libnx/lib/libnx.a(applet.o)
 .text.appletGetAppletType
                0x0000000000002920       0x10 /opt/devkitpro/libnx/lib/libnx.a(applet.o)
                0x0000000000002920                appletGetAppletType
 .text.appletSetFocusHandlingMode
                0x0000000000002930      0x118 /opt/devkitpro/libnx/lib/libnx.a(applet.o)
                0x0000000000002930                appletSetFocusHandlingMode
 *fill*         0x0000000000002a48        0x8 
 .text.appletSetCpuBoostMode
                0x0000000000002a50       0x5c /opt/devkitpro/libnx/lib/libnx.a(applet.o)
                0x0000000000002a50                appletSetCpuBoostMode
 *fill*         0x0000000000002aac        0x4 
 .text.appletCreateManagedDisplayLayer
                0x0000000000002ab0       0x2c /opt/devkitpro/libnx/lib/libnx.a(applet.o)
                0x0000000000002ab0                appletCreateManagedDisplayLayer
 *fill*         0x0000000000002adc        0x4 
 .text.appletGetAppletResourceUserId
                0x0000000000002ae0        0xc /opt/devkitpro/libnx/lib/libnx.a(applet.o)
                0x0000000000002ae0                appletGetAppletResourceUserId
 *fill*         0x0000000000002aec        0x4 
 .text._appletGetIndirectLayerConsumerHandle
                0x0000000000002af0       0xf8 /opt/devkitpro/libnx/lib/libnx.a(applet.o)
 *fill*         0x0000000000002be8        0x8 
 .text._appletHolderCreateState
                0x0000000000002bf0       0x88 /opt/devkitpro/libnx/lib/libnx.a(applet.o)
 *fill*         0x0000000000002c78        0x8 
 .text.appletHolderClose
                0x0000000000002c80       0xb4 /opt/devkitpro/libnx/lib/libnx.a(applet.o)
                0x0000000000002c80                appletHolderClose
 *fill*         0x0000000000002d34        0xc 
 .text.appletHolderGetLibraryAppletInfo
                0x0000000000002d40       0x24 /opt/devkitpro/libnx/lib/libnx.a(applet.o)
                0x0000000000002d40                appletHolderGetLibraryAppletInfo
 *fill*         0x0000000000002d64        0xc 
 .text.appletNotifyRunning
                0x0000000000002d70       0x90 /opt/devkitpro/libnx/lib/libnx.a(applet.o)
                0x0000000000002d70                appletNotifyRunning
 .text.appletSetGamePlayRecordingState
                0x0000000000002e00       0x8c /opt/devkitpro/libnx/lib/libnx.a(applet.o)
                0x0000000000002e00                appletSetGamePlayRecordingState
 *fill*         0x0000000000002e8c        0x4 
 .text._appletCleanup
                0x0000000000002e90      0xac4 /opt/devkitpro/libnx/lib/libnx.a(applet.o)
 *fill*         0x0000000000003954        0xc 
 .text.appletExit
                0x0000000000003960       0x44 /opt/devkitpro/libnx/lib/libnx.a(applet.o)
                0x0000000000003960                appletExit
 *fill*         0x00000000000039a4        0xc 
 .text.appletGetLibraryAppletInfo
                0x00000000000039b0       0x40 /opt/devkitpro/libnx/lib/libnx.a(applet.o)
                0x00000000000039b0                appletGetLibraryAppletInfo
 .text.appletInitialize
                0x00000000000039f0      0xa28 /opt/devkitpro/libnx/lib/libnx.a(applet.o)
                0x00000000000039f0                appletInitialize
 *fill*         0x0000000000004418        0x8 
 .text._appletExitProcess
                0x0000000000004420       0x24 /opt/devkitpro/libnx/lib/libnx.a(applet.o)
 *fill*         0x0000000000004444        0xc 
 .text.appletGetMessage
                0x0000000000004450       0x74 /opt/devkitpro/libnx/lib/libnx.a(applet.o)
                0x0000000000004450                appletGetMessage
 *fill*         0x00000000000044c4        0xc 
 .text.appletProcessMessage
                0x00000000000044d0      0x248 /opt/devkitpro/libnx/lib/libnx.a(applet.o)
                0x00000000000044d0                appletProcessMessage
 *fill*         0x0000000000004718        0x8 
 .text.appletMainLoop
                0x0000000000004720       0x34 /opt/devkitpro/libnx/lib/libnx.a(applet.o)
                0x0000000000004720                appletMainLoop
 *fill*         0x0000000000004754        0xc 
 .text.hosversionGet
                0x0000000000004760       0x10 /opt/devkitpro/libnx/lib/libnx.a(hosversion.o)
                0x0000000000004760                hosversionGet
 .text.hosversionSet
                0x0000000000004770       0x10 /opt/devkitpro/libnx/lib/libnx.a(hosversion.o)
                0x0000000000004770                hosversionSet
 .text.envSetup
                0x0000000000004780      0x234 /opt/devkitpro/libnx/lib/libnx.a(env.o)
                0x0000000000004780                envSetup
 *fill*         0x00000000000049b4        0xc 
 .text.envGetMainThreadHandle
                0x00000000000049c0       0x20 /opt/devkitpro/libnx/lib/libnx.a(env.o)
                0x00000000000049c0                envGetMainThreadHandle
 .text.envIsNso
                0x00000000000049e0        0xc /opt/devkitpro/libnx/lib/libnx.a(env.o)
                0x00000000000049e0                envIsNso
 *fill*         0x00000000000049ec        0x4 
 .text.envHasHeapOverride
                0x00000000000049f0       0x14 /opt/devkitpro/libnx/lib/libnx.a(env.o)
                0x00000000000049f0                envHasHeapOverride
 *fill*         0x0000000000004a04        0xc 
 .text.envGetHeapOverrideAddr
                0x0000000000004a10        0xc /opt/devkitpro/libnx/lib/libnx.a(env.o)
                0x0000000000004a10                envGetHeapOverrideAddr
 *fill*         0x0000000000004a1c        0x4 
 .text.envGetHeapOverrideSize
                0x0000000000004a20        0xc /opt/devkitpro/libnx/lib/libnx.a(env.o)
                0x0000000000004a20                envGetHeapOverrideSize
 *fill*         0x0000000000004a2c        0x4 
 .text.envHasArgv
                0x0000000000004a30       0x14 /opt/devkitpro/libnx/lib/libnx.a(env.o)
                0x0000000000004a30                envHasArgv
 *fill*         0x0000000000004a44        0xc 
 .text.envGetArgv
                0x0000000000004a50        0xc /opt/devkitpro/libnx/lib/libnx.a(env.o)
                0x0000000000004a50                envGetArgv
 *fill*         0x0000000000004a5c        0x4 
 .text.envGetExitFuncPtr
                0x0000000000004a60        0xc /opt/devkitpro/libnx/lib/libnx.a(env.o)
                0x0000000000004a60                envGetExitFuncPtr
 *fill*         0x0000000000004a6c        0x4 
 .text.envSetExitFuncPtr
                0x0000000000004a70        0xc /opt/devkitpro/libnx/lib/libnx.a(env.o)
                0x0000000000004a70                envSetExitFuncPtr
 *fill*         0x0000000000004a7c        0x4 
 .text.consoleDrawChar
                0x0000000000004a80       0x48 /opt/devkitpro/libnx/lib/libnx.a(console.o)
 *fill*         0x0000000000004ac8        0x8 
 .text.consoleNewRow
                0x0000000000004ad0       0xb0 /opt/devkitpro/libnx/lib/libnx.a(console.o)
 .text.con_write
                0x0000000000004b80      0xc4c /opt/devkitpro/libnx/lib/libnx.a(console.o)
 *fill*         0x00000000000057cc        0x4 
 .text.consoleInit
                0x00000000000057d0      0x170 /opt/devkitpro/libnx/lib/libnx.a(console.o)
                0x00000000000057d0                consoleInit
 .text.consoleExit
                0x0000000000005940       0x48 /opt/devkitpro/libnx/lib/libnx.a(console.o)
                0x0000000000005940                consoleExit
 *fill*         0x0000000000005988        0x8 
 .text.consoleUpdate
                0x0000000000005990       0x2c /opt/devkitpro/libnx/lib/libnx.a(console.o)
                0x0000000000005990                consoleUpdate
 *fill*         0x00000000000059bc        0x4 
 .text.ConsoleSwRenderer_drawChar
                0x00000000000059c0      0x194 /opt/devkitpro/libnx/lib/libnx.a(console_sw.o)
 *fill*         0x0000000000005b54        0xc 
 .text.ConsoleSwRenderer_init
                0x0000000000005b60       0xfc /opt/devkitpro/libnx/lib/libnx.a(console_sw.o)
 *fill*         0x0000000000005c5c        0x4 
 .text.ConsoleSwRenderer_flushAndSwap
                0x0000000000005c60       0x70 /opt/devkitpro/libnx/lib/libnx.a(console_sw.o)
 .text.ConsoleSwRenderer_scrollWindow
                0x0000000000005cd0       0xc8 /opt/devkitpro/libnx/lib/libnx.a(console_sw.o)
 *fill*         0x0000000000005d98        0x8 
 .text.ConsoleSwRenderer_deinit
                0x0000000000005da0       0x4c /opt/devkitpro/libnx/lib/libnx.a(console_sw.o)
 *fill*         0x0000000000005dec        0x4 
 .text.getDefaultConsoleRenderer
                0x0000000000005df0        0xc /opt/devkitpro/libnx/lib/libnx.a(console_sw.o)
                0x0000000000005df0                getDefaultConsoleRenderer
 .text.svcSetHeapSize
                0x0000000000005dfc       0x14 /opt/devkitpro/libnx/lib/libnx.a(svc.o)
                0x0000000000005dfc                svcSetHeapSize
 .text.svcSetMemoryAttribute
                0x0000000000005e10        0x8 /opt/devkitpro/libnx/lib/libnx.a(svc.o)
                0x0000000000005e10                svcSetMemoryAttribute
 .text.svcUnmapMemory
                0x0000000000005e18        0x8 /opt/devkitpro/libnx/lib/libnx.a(svc.o)
                0x0000000000005e18                svcUnmapMemory
 .text.svcQueryMemory
                0x0000000000005e20       0x14 /opt/devkitpro/libnx/lib/libnx.a(svc.o)
                0x0000000000005e20                svcQueryMemory
 .text.svcExitProcess
                0x0000000000005e34        0x8 /opt/devkitpro/libnx/lib/libnx.a(svc.o)
                0x0000000000005e34                svcExitProcess
 .text.svcSleepThread
                0x0000000000005e3c        0x8 /opt/devkitpro/libnx/lib/libnx.a(svc.o)
                0x0000000000005e3c                svcSleepThread
 .text.svcMapSharedMemory
                0x0000000000005e44        0x8 /opt/devkitpro/libnx/lib/libnx.a(svc.o)
                0x0000000000005e44                svcMapSharedMemory
 .text.svcUnmapSharedMemory
                0x0000000000005e4c        0x8 /opt/devkitpro/libnx/lib/libnx.a(svc.o)
                0x0000000000005e4c                svcUnmapSharedMemory
 .text.svcCreateTransferMemory
                0x0000000000005e54       0x14 /opt/devkitpro/libnx/lib/libnx.a(svc.o)
                0x0000000000005e54                svcCreateTransferMemory
 .text.svcCloseHandle
                0x0000000000005e68        0x8 /opt/devkitpro/libnx/lib/libnx.a(svc.o)
                0x0000000000005e68                svcCloseHandle
 .text.svcResetSignal
                0x0000000000005e70        0x8 /opt/devkitpro/libnx/lib/libnx.a(svc.o)
                0x0000000000005e70                svcResetSignal
 .text.svcWaitSynchronization
                0x0000000000005e78       0x14 /opt/devkitpro/libnx/lib/libnx.a(svc.o)
                0x0000000000005e78                svcWaitSynchronization
 .text.svcArbitrateLock
                0x0000000000005e8c        0x8 /opt/devkitpro/libnx/lib/libnx.a(svc.o)
                0x0000000000005e8c                svcArbitrateLock
 .text.svcArbitrateUnlock
                0x0000000000005e94        0x8 /opt/devkitpro/libnx/lib/libnx.a(svc.o)
                0x0000000000005e94                svcArbitrateUnlock
 .text.svcWaitProcessWideKeyAtomic
                0x0000000000005e9c        0x8 /opt/devkitpro/libnx/lib/libnx.a(svc.o)
                0x0000000000005e9c                svcWaitProcessWideKeyAtomic
 .text.svcSignalProcessWideKey
                0x0000000000005ea4        0x8 /opt/devkitpro/libnx/lib/libnx.a(svc.o)
                0x0000000000005ea4                svcSignalProcessWideKey
 .text.svcConnectToNamedPort
                0x0000000000005eac       0x14 /opt/devkitpro/libnx/lib/libnx.a(svc.o)
                0x0000000000005eac                svcConnectToNamedPort
 .text.svcSendSyncRequest
                0x0000000000005ec0        0x8 /opt/devkitpro/libnx/lib/libnx.a(svc.o)
                0x0000000000005ec0                svcSendSyncRequest
 .text.svcBreak
                0x0000000000005ec8        0x8 /opt/devkitpro/libnx/lib/libnx.a(svc.o)
                0x0000000000005ec8                svcBreak
 .text.svcReturnFromException
                0x0000000000005ed0        0x8 /opt/devkitpro/libnx/lib/libnx.a(svc.o)
                0x0000000000005ed0                svcReturnFromException
 .text.svcGetInfo
                0x0000000000005ed8       0x14 /opt/devkitpro/libnx/lib/libnx.a(svc.o)
                0x0000000000005ed8                svcGetInfo
 .text.svcUnmapTransferMemory
                0x0000000000005eec        0x8 /opt/devkitpro/libnx/lib/libnx.a(svc.o)
                0x0000000000005eec                svcUnmapTransferMemory
 *fill*         0x0000000000005ef4        0xc 
 .text.detectKernelVersion
                0x0000000000005f00      0x17c /opt/devkitpro/libnx/lib/libnx.a(detect.o)
                0x0000000000005f00                detectKernelVersion
 *fill*         0x000000000000607c        0x4 
 .text.detectDebugger
                0x0000000000006080       0x30 /opt/devkitpro/libnx/lib/libnx.a(detect.o)
                0x0000000000006080                detectDebugger
 .text.tmemCreate
                0x00000000000060b0       0xa8 /opt/devkitpro/libnx/lib/libnx.a(tmem.o)
                0x00000000000060b0                tmemCreate
 *fill*         0x0000000000006158        0x8 
 .text.tmemUnmap
                0x0000000000006160       0x58 /opt/devkitpro/libnx/lib/libnx.a(tmem.o)
                0x0000000000006160                tmemUnmap
 *fill*         0x00000000000061b8        0x8 
 .text.tmemClose
                0x00000000000061c0       0x68 /opt/devkitpro/libnx/lib/libnx.a(tmem.o)
                0x00000000000061c0                tmemClose
 *fill*         0x0000000000006228        0x8 
 .text.waitObjects
                0x0000000000006230      0x45c /opt/devkitpro/libnx/lib/libnx.a(wait.o)
                0x0000000000006230                waitObjects
 *fill*         0x000000000000668c        0x4 
 .text.rwlockReadLock
                0x0000000000006690       0x98 /opt/devkitpro/libnx/lib/libnx.a(rwlock.o)
                0x0000000000006690                rwlockReadLock
 *fill*         0x0000000000006728        0x8 
 .text.rwlockReadUnlock
                0x0000000000006730       0xb4 /opt/devkitpro/libnx/lib/libnx.a(rwlock.o)
                0x0000000000006730                rwlockReadUnlock
 *fill*         0x00000000000067e4        0xc 
 .text.rwlockWriteLock
                0x00000000000067f0       0xa4 /opt/devkitpro/libnx/lib/libnx.a(rwlock.o)
                0x00000000000067f0                rwlockWriteLock
 *fill*         0x0000000000006894        0xc 
 .text.rwlockWriteUnlock
                0x00000000000068a0       0x78 /opt/devkitpro/libnx/lib/libnx.a(rwlock.o)
                0x00000000000068a0                rwlockWriteUnlock
 *fill*         0x0000000000006918        0x8 
 .text.mutexLock
                0x0000000000006920       0xb0 /opt/devkitpro/libnx/lib/libnx.a(mutex.o)
                0x0000000000006920                mutexLock
 .text.mutexUnlock
                0x00000000000069d0       0x2c /opt/devkitpro/libnx/lib/libnx.a(mutex.o)
                0x00000000000069d0                mutexUnlock
 *fill*         0x00000000000069fc        0x4 
 .text.rmutexLock
                0x0000000000006a00       0x4c /opt/devkitpro/libnx/lib/libnx.a(mutex.o)
                0x0000000000006a00                rmutexLock
 *fill*         0x0000000000006a4c        0x4 
 .text.rmutexUnlock
                0x0000000000006a50       0x1c /opt/devkitpro/libnx/lib/libnx.a(mutex.o)
                0x0000000000006a50                rmutexUnlock
 *fill*         0x0000000000006a6c        0x4 
 .text.shmemLoadRemote
                0x0000000000006a70       0x14 /opt/devkitpro/libnx/lib/libnx.a(shmem.o)
                0x0000000000006a70                shmemLoadRemote
 *fill*         0x0000000000006a84        0xc 
 .text.shmemMap
                0x0000000000006a90       0x84 /opt/devkitpro/libnx/lib/libnx.a(shmem.o)
                0x0000000000006a90                shmemMap
 *fill*         0x0000000000006b14        0xc 
 .text.shmemUnmap
                0x0000000000006b20       0x58 /opt/devkitpro/libnx/lib/libnx.a(shmem.o)
                0x0000000000006b20                shmemUnmap
 *fill*         0x0000000000006b78        0x8 
 .text.shmemClose
                0x0000000000006b80       0x44 /opt/devkitpro/libnx/lib/libnx.a(shmem.o)
                0x0000000000006b80                shmemClose
 *fill*         0x0000000000006bc4        0xc 
 .text._GetRegionFromInfo
                0x0000000000006bd0       0x64 /opt/devkitpro/libnx/lib/libnx.a(virtmem.o)
 *fill*         0x0000000000006c34        0xc 
 .text.virtmemSetup
                0x0000000000006c40      0x104 /opt/devkitpro/libnx/lib/libnx.a(virtmem.o)
                0x0000000000006c40                virtmemSetup
 *fill*         0x0000000000006d44        0xc 
 .text.virtmemReserve
                0x0000000000006d50      0x10c /opt/devkitpro/libnx/lib/libnx.a(virtmem.o)
                0x0000000000006d50                virtmemReserve
 *fill*         0x0000000000006e5c        0x4 
 .text.virtmemFree
                0x0000000000006e60        0x4 /opt/devkitpro/libnx/lib/libnx.a(virtmem.o)
                0x0000000000006e60                virtmemFree
 *fill*         0x0000000000006e64        0xc 
 .text.eventLoadRemote
                0x0000000000006e70        0xc /opt/devkitpro/libnx/lib/libnx.a(event.o)
                0x0000000000006e70                eventLoadRemote
 *fill*         0x0000000000006e7c        0x4 
 .text.eventWait
                0x0000000000006e80       0x38 /opt/devkitpro/libnx/lib/libnx.a(event.o)
                0x0000000000006e80                eventWait
 *fill*         0x0000000000006eb8        0x8 
 .text.eventClose
                0x0000000000006ec0       0x50 /opt/devkitpro/libnx/lib/libnx.a(event.o)
                0x0000000000006ec0                eventClose
 .text.condvarWaitTimeout
                0x0000000000006f10       0x60 /opt/devkitpro/libnx/lib/libnx.a(condvar.o)
                0x0000000000006f10                condvarWaitTimeout
 .text._apmCleanup
                0x0000000000006f70       0xc0 /opt/devkitpro/libnx/lib/libnx.a(apm.o)
 .text._apmCmdGetSession.constprop.0
                0x0000000000007030       0xe0 /opt/devkitpro/libnx/lib/libnx.a(apm.o)
 .text.apmInitialize
                0x0000000000007110       0xa0 /opt/devkitpro/libnx/lib/libnx.a(apm.o)
                0x0000000000007110                apmInitialize
 .text.apmExit  0x00000000000071b0       0x44 /opt/devkitpro/libnx/lib/libnx.a(apm.o)
                0x00000000000071b0                apmExit
 *fill*         0x00000000000071f4        0xc 
 .text.apmSetPerformanceConfiguration
                0x0000000000007200       0xc8 /opt/devkitpro/libnx/lib/libnx.a(apm.o)
                0x0000000000007200                apmSetPerformanceConfiguration
 *fill*         0x00000000000072c8        0x8 
 .text.nwindowGetDefault
                0x00000000000072d0        0xc /opt/devkitpro/libnx/lib/libnx.a(default_window.o)
                0x00000000000072d0                nwindowGetDefault
 *fill*         0x00000000000072dc        0x4 
 .text.__nx_win_init
                0x00000000000072e0       0xc0 /opt/devkitpro/libnx/lib/libnx.a(default_window.o)
                0x00000000000072e0                __nx_win_init
 .text.__nx_win_exit
                0x00000000000073a0       0x34 /opt/devkitpro/libnx/lib/libnx.a(default_window.o)
                0x00000000000073a0                __nx_win_exit
 *fill*         0x00000000000073d4        0xc 
 .text.framebufferMakeLinear
                0x00000000000073e0       0x80 /opt/devkitpro/libnx/lib/libnx.a(framebuffer.o)
                0x00000000000073e0                framebufferMakeLinear
 .text.framebufferClose
                0x0000000000007460       0x84 /opt/devkitpro/libnx/lib/libnx.a(framebuffer.o)
                0x0000000000007460                framebufferClose
 *fill*         0x00000000000074e4        0xc 
 .text.framebufferCreate
                0x00000000000074f0      0x2a0 /opt/devkitpro/libnx/lib/libnx.a(framebuffer.o)
                0x00000000000074f0                framebufferCreate
 .text.framebufferBegin
                0x0000000000007790       0x88 /opt/devkitpro/libnx/lib/libnx.a(framebuffer.o)
                0x0000000000007790                framebufferBegin
 *fill*         0x0000000000007818        0x8 
 .text.framebufferEnd
                0x0000000000007820      0x174 /opt/devkitpro/libnx/lib/libnx.a(framebuffer.o)
                0x0000000000007820                framebufferEnd
 *fill*         0x0000000000007994        0xc 
 .text.nwindowIsValid
                0x00000000000079a0       0x24 /opt/devkitpro/libnx/lib/libnx.a(native_window.o)
                0x00000000000079a0                nwindowIsValid
 *fill*         0x00000000000079c4        0xc 
 .text.nwindowClose
                0x00000000000079d0       0x8c /opt/devkitpro/libnx/lib/libnx.a(native_window.o)
                0x00000000000079d0                nwindowClose
 *fill*         0x0000000000007a5c        0x4 
 .text.nwindowCreate
                0x0000000000007a60       0xf8 /opt/devkitpro/libnx/lib/libnx.a(native_window.o)
                0x0000000000007a60                nwindowCreate
 *fill*         0x0000000000007b58        0x8 
 .text.nwindowCreateFromLayer
                0x0000000000007b60       0x34 /opt/devkitpro/libnx/lib/libnx.a(native_window.o)
                0x0000000000007b60                nwindowCreateFromLayer
 *fill*         0x0000000000007b94        0xc 
 .text.nwindowSetDimensions
                0x0000000000007ba0       0x88 /opt/devkitpro/libnx/lib/libnx.a(native_window.o)
                0x0000000000007ba0                nwindowSetDimensions
 *fill*         0x0000000000007c28        0x8 
 .text.nwindowConfigureBuffer
                0x0000000000007c30      0x190 /opt/devkitpro/libnx/lib/libnx.a(native_window.o)
                0x0000000000007c30                nwindowConfigureBuffer
 .text.nwindowDequeueBuffer
                0x0000000000007dc0      0x1dc /opt/devkitpro/libnx/lib/libnx.a(native_window.o)
                0x0000000000007dc0                nwindowDequeueBuffer
 *fill*         0x0000000000007f9c        0x4 
 .text.nwindowQueueBuffer
                0x0000000000007fa0      0x144 /opt/devkitpro/libnx/lib/libnx.a(native_window.o)
                0x0000000000007fa0                nwindowQueueBuffer
 *fill*         0x00000000000080e4        0xc 
 .text.nwindowReleaseBuffers
                0x00000000000080f0       0x98 /opt/devkitpro/libnx/lib/libnx.a(native_window.o)
                0x00000000000080f0                nwindowReleaseBuffers
 *fill*         0x0000000000008188        0x8 
 .text.__nx_dynamic
                0x0000000000008190       0xa0 /opt/devkitpro/libnx/lib/libnx.a(dynamic.o)
                0x0000000000008190                __nx_dynamic
 .text.__libnx_initheap
                0x0000000000008230       0xd8 /opt/devkitpro/libnx/lib/libnx.a(init.o)
                0x0000000000008230                __libnx_initheap
 *fill*         0x0000000000008308        0x8 
 .text.__appInit
                0x0000000000008310       0xec /opt/devkitpro/libnx/lib/libnx.a(init.o)
                0x0000000000008310                __appInit
 *fill*         0x00000000000083fc        0x4 
 .text.__appExit
                0x0000000000008400       0x44 /opt/devkitpro/libnx/lib/libnx.a(init.o)
                0x0000000000008400                __appExit
 *fill*         0x0000000000008444        0xc 
 .text.__libnx_init
                0x0000000000008450       0x2c /opt/devkitpro/libnx/lib/libnx.a(init.o)
                0x0000000000008450                __libnx_init
 *fill*         0x000000000000847c        0x4 
 .text.__libnx_exit
                0x0000000000008480       0x20 /opt/devkitpro/libnx/lib/libnx.a(init.o)
                0x0000000000008480                __libnx_exit
 .text.__syscall_exit
                0x00000000000084a0       0x1c /opt/devkitpro/libnx/lib/libnx.a(newlib.o)
                0x00000000000084a0                __syscall_exit
 *fill*         0x00000000000084bc        0x4 
 .text.__syscall_getreent
                0x00000000000084c0       0x34 /opt/devkitpro/libnx/lib/libnx.a(newlib.o)
                0x00000000000084c0                __syscall_getreent
 *fill*         0x00000000000084f4        0xc 
 .text.__syscall_lock_acquire
                0x0000000000008500        0x4 /opt/devkitpro/libnx/lib/libnx.a(newlib.o)
                0x0000000000008500                __syscall_lock_acquire
 *fill*         0x0000000000008504        0xc 
 .text.__syscall_lock_release
                0x0000000000008510        0x4 /opt/devkitpro/libnx/lib/libnx.a(newlib.o)
                0x0000000000008510                __syscall_lock_release
 *fill*         0x0000000000008514        0xc 
 .text.__syscall_lock_acquire_recursive
                0x0000000000008520        0x4 /opt/devkitpro/libnx/lib/libnx.a(newlib.o)
                0x0000000000008520                __syscall_lock_acquire_recursive
 *fill*         0x0000000000008524        0xc 
 .text.__syscall_lock_release_recursive
                0x0000000000008530        0x4 /opt/devkitpro/libnx/lib/libnx.a(newlib.o)
                0x0000000000008530                __syscall_lock_release_recursive
 *fill*         0x0000000000008534        0xc 
 .text.__libnx_init_time
                0x0000000000008540      0x228 /opt/devkitpro/libnx/lib/libnx.a(newlib.o)
                0x0000000000008540                __libnx_init_time
 *fill*         0x0000000000008768        0x8 
 .text.newlibSetup
                0x0000000000008770       0x84 /opt/devkitpro/libnx/lib/libnx.a(newlib.o)
                0x0000000000008770                newlibSetup
 *fill*         0x00000000000087f4        0xc 
 .text.argvSetup
                0x0000000000008800      0x324 /opt/devkitpro/libnx/lib/libnx.a(argv.o)
                0x0000000000008800                argvSetup
 *fill*         0x0000000000008b24        0xc 
 .text.fsdev_link
                0x0000000000008b30       0x14 /opt/devkitpro/libnx/lib/libnx.a(fs_dev.o)
 *fill*         0x0000000000008b44        0xc 
 .text.fsdev_dirreset
                0x0000000000008b50       0x14 /opt/devkitpro/libnx/lib/libnx.a(fs_dev.o)
 *fill*         0x0000000000008b64        0xc 
 .text.fsdev_chmod
                0x0000000000008b70       0x14 /opt/devkitpro/libnx/lib/libnx.a(fs_dev.o)
 *fill*         0x0000000000008b84        0xc 
 .text.error_cmp
                0x0000000000008b90       0x18 /opt/devkitpro/libnx/lib/libnx.a(fs_dev.o)
 *fill*         0x0000000000008ba8        0x8 
 .text.fsdev_dirclose
                0x0000000000008bb0       0x20 /opt/devkitpro/libnx/lib/libnx.a(fs_dev.o)
 .text.fsdev_close
                0x0000000000008bd0       0x1c /opt/devkitpro/libnx/lib/libnx.a(fs_dev.o)
 *fill*         0x0000000000008bec        0x4 
 .text.fsdev_converttimetoutc
                0x0000000000008bf0       0x80 /opt/devkitpro/libnx/lib/libnx.a(fs_dev.o)
 .text.fsdevFindDevice.part.0
                0x0000000000008c70       0xb8 /opt/devkitpro/libnx/lib/libnx.a(fs_dev.o)
 *fill*         0x0000000000008d28        0x8 
 .text.fsdev_fixpath
                0x0000000000008d30      0x1e0 /opt/devkitpro/libnx/lib/libnx.a(fs_dev.o)
 .text._fsdevUnmountDeviceStruct.part.0
                0x0000000000008f10       0xa0 /opt/devkitpro/libnx/lib/libnx.a(fs_dev.o)
 .text.fsdev_fchmod
                0x0000000000008fb0       0x14 /opt/devkitpro/libnx/lib/libnx.a(fs_dev.o)
 *fill*         0x0000000000008fc4        0xc 
 .text.fsdev_diropen
                0x0000000000008fd0      0x108 /opt/devkitpro/libnx/lib/libnx.a(fs_dev.o)
 *fill*         0x00000000000090d8        0x8 
 .text.fsdev_fsync
                0x00000000000090e0       0x7c /opt/devkitpro/libnx/lib/libnx.a(fs_dev.o)
 *fill*         0x000000000000915c        0x4 
 .text.fsdev_fstat
                0x0000000000009160      0x110 /opt/devkitpro/libnx/lib/libnx.a(fs_dev.o)
 .text.fsdev_ftruncate
                0x0000000000009270       0x94 /opt/devkitpro/libnx/lib/libnx.a(fs_dev.o)
 *fill*         0x0000000000009304        0xc 
 .text.fsdev_stat
                0x0000000000009310      0x20c /opt/devkitpro/libnx/lib/libnx.a(fs_dev.o)
 *fill*         0x000000000000951c        0x4 
 .text.fsdev_rename
                0x0000000000009520      0x158 /opt/devkitpro/libnx/lib/libnx.a(fs_dev.o)
 *fill*         0x0000000000009678        0x8 
 .text.fsdev_chdir
                0x0000000000009680      0x14c /opt/devkitpro/libnx/lib/libnx.a(fs_dev.o)
 *fill*         0x00000000000097cc        0x4 
 .text.fsdev_mkdir
                0x00000000000097d0       0xac /opt/devkitpro/libnx/lib/libnx.a(fs_dev.o)
 *fill*         0x000000000000987c        0x4 
 .text.fsdev_rmdir
                0x0000000000009880       0xac /opt/devkitpro/libnx/lib/libnx.a(fs_dev.o)
 *fill*         0x000000000000992c        0x4 
 .text.fsdev_unlink
                0x0000000000009930       0xac /opt/devkitpro/libnx/lib/libnx.a(fs_dev.o)
 *fill*         0x00000000000099dc        0x4 
 .text.fsdev_statvfs
                0x00000000000099e0      0x104 /opt/devkitpro/libnx/lib/libnx.a(fs_dev.o)
 *fill*         0x0000000000009ae4        0xc 
 .text.fsdev_write_safe
                0x0000000000009af0      0x13c /opt/devkitpro/libnx/lib/libnx.a(fs_dev.o)
 *fill*         0x0000000000009c2c        0x4 
 .text.fsdev_read_safe
                0x0000000000009c30      0x13c /opt/devkitpro/libnx/lib/libnx.a(fs_dev.o)
 *fill*         0x0000000000009d6c        0x4 
 .text.fsdev_read
                0x0000000000009d70      0x100 /opt/devkitpro/libnx/lib/libnx.a(fs_dev.o)
 .text.fsdev_dirnext
                0x0000000000009e70      0x1bc /opt/devkitpro/libnx/lib/libnx.a(fs_dev.o)
 *fill*         0x000000000000a02c        0x4 
 .text.fsdev_write
                0x000000000000a030      0x120 /opt/devkitpro/libnx/lib/libnx.a(fs_dev.o)
 .text.fsdev_seek
                0x000000000000a150       0xe4 /opt/devkitpro/libnx/lib/libnx.a(fs_dev.o)
 *fill*         0x000000000000a234        0xc 
 .text.fsdev_open
                0x000000000000a240      0x244 /opt/devkitpro/libnx/lib/libnx.a(fs_dev.o)
 *fill*         0x000000000000a484        0xc 
 .text.fsdevMountDevice
                0x000000000000a490      0x218 /opt/devkitpro/libnx/lib/libnx.a(fs_dev.o)
                0x000000000000a490                fsdevMountDevice
 *fill*         0x000000000000a6a8        0x8 
 .text.fsdevMountSdmc
                0x000000000000a6b0       0x48 /opt/devkitpro/libnx/lib/libnx.a(fs_dev.o)
                0x000000000000a6b0                fsdevMountSdmc
 *fill*         0x000000000000a6f8        0x8 
 .text.__libnx_init_cwd
                0x000000000000a700       0xcc /opt/devkitpro/libnx/lib/libnx.a(fs_dev.o)
                0x000000000000a700                __libnx_init_cwd
 *fill*         0x000000000000a7cc        0x4 
 .text.fsdevUnmountAll
                0x000000000000a7d0       0x64 /opt/devkitpro/libnx/lib/libnx.a(fs_dev.o)
                0x000000000000a7d0                fsdevUnmountAll
 *fill*         0x000000000000a834        0xc 
 .text.decode_utf8
                0x000000000000a840      0x12c /opt/devkitpro/libnx/lib/libnx.a(decode_utf8.o)
                0x000000000000a840                decode_utf8
 .text.armDCacheFlush
                0x000000000000a96c       0x3c /opt/devkitpro/libnx/lib/libnx.a(cache.o)
                0x000000000000a96c                armDCacheFlush
 .text.__libnx_exception_entry
                0x000000000000a9a8      0x1c0 /opt/devkitpro/libnx/lib/libnx.a(exception.o)
                0x000000000000a9a8                __libnx_exception_entry
 .text.__libnx_exception_returnentry
                0x000000000000ab68       0x18 /opt/devkitpro/libnx/lib/libnx.a(exception.o)
                0x000000000000ab68                __libnx_exception_returnentry
 .text.__aarch64_read_tp
                0x000000000000ab80        0xc /opt/devkitpro/libnx/lib/libnx.a(readtp.o)
                0x000000000000ab80                __aarch64_read_tp
 *fill*         0x000000000000ab8c        0x4 
 .text.__libnx_init_thread
                0x000000000000ab90       0xac /opt/devkitpro/libnx/lib/libnx.a(thread.o)
                0x000000000000ab90                __libnx_init_thread
 *fill*         0x000000000000ac3c        0x4 
 .text._timeCleanup
                0x000000000000ac40      0x228 /opt/devkitpro/libnx/lib/libnx.a(time.o)
 *fill*         0x000000000000ae68        0x8 
 .text._timeCmdNoInOutU64.constprop.0
                0x000000000000ae70       0xc8 /opt/devkitpro/libnx/lib/libnx.a(time.o)
 *fill*         0x000000000000af38        0x8 
 .text._timeCmdGetSession.constprop.0
                0x000000000000af40       0xe8 /opt/devkitpro/libnx/lib/libnx.a(time.o)
 *fill*         0x000000000000b028        0x8 
 .text._timeGetSharedMemoryNativeHandle.constprop.0
                0x000000000000b030       0xcc /opt/devkitpro/libnx/lib/libnx.a(time.o)
 *fill*         0x000000000000b0fc        0x4 
 .text._timeReadClockFromSharedMem
                0x000000000000b100      0x114 /opt/devkitpro/libnx/lib/libnx.a(time.o)
 *fill*         0x000000000000b214        0xc 
 .text.timeInitialize
                0x000000000000b220      0x238 /opt/devkitpro/libnx/lib/libnx.a(time.o)
                0x000000000000b220                timeInitialize
 *fill*         0x000000000000b458        0x8 
 .text.timeExit
                0x000000000000b460       0x44 /opt/devkitpro/libnx/lib/libnx.a(time.o)
                0x000000000000b460                timeExit
 *fill*         0x000000000000b4a4        0xc 
 .text.timeGetServiceSession_SystemClock
                0x000000000000b4b0       0x38 /opt/devkitpro/libnx/lib/libnx.a(time.o)
                0x000000000000b4b0                timeGetServiceSession_SystemClock
 *fill*         0x000000000000b4e8        0x8 
 .text.timeGetCurrentTime
                0x000000000000b4f0       0x5c /opt/devkitpro/libnx/lib/libnx.a(time.o)
                0x000000000000b4f0                timeGetCurrentTime
 *fill*         0x000000000000b54c        0x4 
 .text.timeToCalendarTimeWithMyRule
                0x000000000000b550      0x118 /opt/devkitpro/libnx/lib/libnx.a(time.o)
                0x000000000000b550                timeToCalendarTimeWithMyRule
 *fill*         0x000000000000b668        0x8 
 .text.timeToPosixTimeWithMyRule
                0x000000000000b670      0x104 /opt/devkitpro/libnx/lib/libnx.a(time.o)
                0x000000000000b670                timeToPosixTimeWithMyRule
 *fill*         0x000000000000b774        0xc 
 .text._viCleanup
                0x000000000000b780      0x1dc /opt/devkitpro/libnx/lib/libnx.a(vi.o)
 *fill*         0x000000000000b95c        0x4 
 .text._viCmdGetSessionNoParams.constprop.0
                0x000000000000b960       0xe8 /opt/devkitpro/libnx/lib/libnx.a(vi.o)
 *fill*         0x000000000000ba48        0x8 
 .text._viCmdGetSession.constprop.0
                0x000000000000ba50       0xe4 /opt/devkitpro/libnx/lib/libnx.a(vi.o)
 *fill*         0x000000000000bb34        0xc 
 .text.viInitialize
                0x000000000000bb40      0x25c /opt/devkitpro/libnx/lib/libnx.a(vi.o)
                0x000000000000bb40                viInitialize
 *fill*         0x000000000000bd9c        0x4 
 .text.viExit   0x000000000000bda0       0x44 /opt/devkitpro/libnx/lib/libnx.a(vi.o)
                0x000000000000bda0                viExit
 *fill*         0x000000000000bde4        0xc 
 .text.viGetSession_IHOSBinderDriverRelay
                0x000000000000bdf0        0xc /opt/devkitpro/libnx/lib/libnx.a(vi.o)
                0x000000000000bdf0                viGetSession_IHOSBinderDriverRelay
 *fill*         0x000000000000bdfc        0x4 
 .text.viOpenDisplay
                0x000000000000be00      0x120 /opt/devkitpro/libnx/lib/libnx.a(vi.o)
                0x000000000000be00                viOpenDisplay
 .text.viCloseDisplay
                0x000000000000bf20       0xf8 /opt/devkitpro/libnx/lib/libnx.a(vi.o)
                0x000000000000bf20                viCloseDisplay
 *fill*         0x000000000000c018        0x8 
 .text.viCloseLayer
                0x000000000000c020       0xfc /opt/devkitpro/libnx/lib/libnx.a(vi.o)
                0x000000000000c020                viCloseLayer
 *fill*         0x000000000000c11c        0x4 
 .text.viCreateLayer
                0x000000000000c120      0x3c4 /opt/devkitpro/libnx/lib/libnx.a(vi.o)
                0x000000000000c120                viCreateLayer
 *fill*         0x000000000000c4e4        0xc 
 .text.viSetLayerScalingMode
                0x000000000000c4f0       0xd8 /opt/devkitpro/libnx/lib/libnx.a(vi.o)
                0x000000000000c4f0                viSetLayerScalingMode
 *fill*         0x000000000000c5c8        0x8 
 .text._nvSetClientPID
                0x000000000000c5d0       0xcc /opt/devkitpro/libnx/lib/libnx.a(nv.o)
 *fill*         0x000000000000c69c        0x4 
 .text._nvCleanup
                0x000000000000c6a0       0xd0 /opt/devkitpro/libnx/lib/libnx.a(nv.o)
 .text._nvCmdInitialize.constprop.0
                0x000000000000c770       0xd4 /opt/devkitpro/libnx/lib/libnx.a(nv.o)
 *fill*         0x000000000000c844        0xc 
 .text.nvInitialize
                0x000000000000c850      0x23c /opt/devkitpro/libnx/lib/libnx.a(nv.o)
                0x000000000000c850                nvInitialize
 *fill*         0x000000000000ca8c        0x4 
 .text.nvExit   0x000000000000ca90       0x44 /opt/devkitpro/libnx/lib/libnx.a(nv.o)
                0x000000000000ca90                nvExit
 *fill*         0x000000000000cad4        0xc 
 .text.nvConvertError
                0x000000000000cae0      0x140 /opt/devkitpro/libnx/lib/libnx.a(nv.o)
                0x000000000000cae0                nvConvertError
 .text.nvOpen   0x000000000000cc20      0x114 /opt/devkitpro/libnx/lib/libnx.a(nv.o)
                0x000000000000cc20                nvOpen
 *fill*         0x000000000000cd34        0xc 
 .text.nvIoctl  0x000000000000cd40      0x250 /opt/devkitpro/libnx/lib/libnx.a(nv.o)
                0x000000000000cd40                nvIoctl
 .text.nvClose  0x000000000000cf90       0xd8 /opt/devkitpro/libnx/lib/libnx.a(nv.o)
                0x000000000000cf90                nvClose
 *fill*         0x000000000000d068        0x8 
 .text.nvQueryEvent
                0x000000000000d070      0x108 /opt/devkitpro/libnx/lib/libnx.a(nv.o)
                0x000000000000d070                nvQueryEvent
 *fill*         0x000000000000d178        0x8 
 .text._fsCleanup
                0x000000000000d180       0xb4 /opt/devkitpro/libnx/lib/libnx.a(fs.o)
 *fill*         0x000000000000d234        0xc 
 .text._fsCmdNoIO
                0x000000000000d240      0x1b0 /opt/devkitpro/libnx/lib/libnx.a(fs.o)
 .text._fsFsCmdWithInPath
                0x000000000000d3f0      0x1d8 /opt/devkitpro/libnx/lib/libnx.a(fs.o)
 *fill*         0x000000000000d5c8        0x8 
 .text._fsFsCmdWithTwoInPaths
                0x000000000000d5d0      0x1fc /opt/devkitpro/libnx/lib/libnx.a(fs.o)
 *fill*         0x000000000000d7cc        0x4 
 .text._fsFsOpenCommon
                0x000000000000d7d0      0x230 /opt/devkitpro/libnx/lib/libnx.a(fs.o)
 .text._fsFsCmdWithInPathAndOutU64
                0x000000000000da00      0x1f4 /opt/devkitpro/libnx/lib/libnx.a(fs.o)
 *fill*         0x000000000000dbf4        0xc 
 .text._fsObjectClose
                0x000000000000dc00       0xf4 /opt/devkitpro/libnx/lib/libnx.a(fs.o)
 *fill*         0x000000000000dcf4        0xc 
 .text._fsCmdGetSession.constprop.0
                0x000000000000dd00      0x170 /opt/devkitpro/libnx/lib/libnx.a(fs.o)
 .text.fsInitialize
                0x000000000000de70      0x314 /opt/devkitpro/libnx/lib/libnx.a(fs.o)
                0x000000000000de70                fsInitialize
 *fill*         0x000000000000e184        0xc 
 .text.fsExit   0x000000000000e190       0x44 /opt/devkitpro/libnx/lib/libnx.a(fs.o)
                0x000000000000e190                fsExit
 *fill*         0x000000000000e1d4        0xc 
 .text.fsOpenSdCardFileSystem
                0x000000000000e1e0        0x8 /opt/devkitpro/libnx/lib/libnx.a(fs.o)
                0x000000000000e1e0                fsOpenSdCardFileSystem
 *fill*         0x000000000000e1e8        0x8 
 .text.fsFsCreateFile
                0x000000000000e1f0      0x1e8 /opt/devkitpro/libnx/lib/libnx.a(fs.o)
                0x000000000000e1f0                fsFsCreateFile
 *fill*         0x000000000000e3d8        0x8 
 .text.fsFsDeleteFile
                0x000000000000e3e0        0x8 /opt/devkitpro/libnx/lib/libnx.a(fs.o)
                0x000000000000e3e0                fsFsDeleteFile
 *fill*         0x000000000000e3e8        0x8 
 .text.fsFsCreateDirectory
                0x000000000000e3f0        0x8 /opt/devkitpro/libnx/lib/libnx.a(fs.o)
                0x000000000000e3f0                fsFsCreateDirectory
 *fill*         0x000000000000e3f8        0x8 
 .text.fsFsDeleteDirectory
                0x000000000000e400        0x8 /opt/devkitpro/libnx/lib/libnx.a(fs.o)
                0x000000000000e400                fsFsDeleteDirectory
 *fill*         0x000000000000e408        0x8 
 .text.fsFsRenameFile
                0x000000000000e410        0x8 /opt/devkitpro/libnx/lib/libnx.a(fs.o)
                0x000000000000e410                fsFsRenameFile
 *fill*         0x000000000000e418        0x8 
 .text.fsFsRenameDirectory
                0x000000000000e420        0x8 /opt/devkitpro/libnx/lib/libnx.a(fs.o)
                0x000000000000e420                fsFsRenameDirectory
 *fill*         0x000000000000e428        0x8 
 .text.fsFsGetEntryType
                0x000000000000e430      0x1ec /opt/devkitpro/libnx/lib/libnx.a(fs.o)
                0x000000000000e430                fsFsGetEntryType
 *fill*         0x000000000000e61c        0x4 
 .text.fsFsOpenFile
                0x000000000000e620        0x8 /opt/devkitpro/libnx/lib/libnx.a(fs.o)
                0x000000000000e620                fsFsOpenFile
 *fill*         0x000000000000e628        0x8 
 .text.fsFsOpenDirectory
                0x000000000000e630        0x8 /opt/devkitpro/libnx/lib/libnx.a(fs.o)
                0x000000000000e630                fsFsOpenDirectory
 *fill*         0x000000000000e638        0x8 
 .text.fsFsGetFreeSpace
                0x000000000000e640        0x8 /opt/devkitpro/libnx/lib/libnx.a(fs.o)
                0x000000000000e640                fsFsGetFreeSpace
 *fill*         0x000000000000e648        0x8 
 .text.fsFsGetTotalSpace
                0x000000000000e650        0x8 /opt/devkitpro/libnx/lib/libnx.a(fs.o)
                0x000000000000e650                fsFsGetTotalSpace
 *fill*         0x000000000000e658        0x8 
 .text.fsFsGetFileTimeStampRaw
                0x000000000000e660      0x234 /opt/devkitpro/libnx/lib/libnx.a(fs.o)
                0x000000000000e660                fsFsGetFileTimeStampRaw
 *fill*         0x000000000000e894        0xc 
 .text.fsFsClose
                0x000000000000e8a0        0x4 /opt/devkitpro/libnx/lib/libnx.a(fs.o)
                0x000000000000e8a0                fsFsClose
 *fill*         0x000000000000e8a4        0xc 
 .text.fsFileRead
                0x000000000000e8b0      0x21c /opt/devkitpro/libnx/lib/libnx.a(fs.o)
                0x000000000000e8b0                fsFileRead
 *fill*         0x000000000000eacc        0x4 
 .text.fsFileWrite
                0x000000000000ead0      0x20c /opt/devkitpro/libnx/lib/libnx.a(fs.o)
                0x000000000000ead0                fsFileWrite
 *fill*         0x000000000000ecdc        0x4 
 .text.fsFileFlush
                0x000000000000ece0        0x8 /opt/devkitpro/libnx/lib/libnx.a(fs.o)
                0x000000000000ece0                fsFileFlush
 *fill*         0x000000000000ece8        0x8 
 .text.fsFileSetSize
                0x000000000000ecf0      0x1b4 /opt/devkitpro/libnx/lib/libnx.a(fs.o)
                0x000000000000ecf0                fsFileSetSize
 *fill*         0x000000000000eea4        0xc 
 .text.fsFileGetSize
                0x000000000000eeb0      0x1c4 /opt/devkitpro/libnx/lib/libnx.a(fs.o)
                0x000000000000eeb0                fsFileGetSize
 *fill*         0x000000000000f074        0xc 
 .text.fsFileClose
                0x000000000000f080        0x4 /opt/devkitpro/libnx/lib/libnx.a(fs.o)
                0x000000000000f080                fsFileClose
 *fill*         0x000000000000f084        0xc 
 .text.fsDirClose
                0x000000000000f090        0x4 /opt/devkitpro/libnx/lib/libnx.a(fs.o)
                0x000000000000f090                fsDirClose
 *fill*         0x000000000000f094        0xc 
 .text.fsDirRead
                0x000000000000f0a0      0x204 /opt/devkitpro/libnx/lib/libnx.a(fs.o)
                0x000000000000f0a0                fsDirRead
 *fill*         0x000000000000f2a4        0xc 
 .text._setsysGetFirmwareVersionImpl
                0x000000000000f2b0       0xd4 /opt/devkitpro/libnx/lib/libnx.a(set.o)
 *fill*         0x000000000000f384        0xc 
 .text._setsysCleanup
                0x000000000000f390       0x68 /opt/devkitpro/libnx/lib/libnx.a(set.o)
 *fill*         0x000000000000f3f8        0x8 
 .text.setsysInitialize
                0x000000000000f400       0xa0 /opt/devkitpro/libnx/lib/libnx.a(set.o)
                0x000000000000f400                setsysInitialize
 .text.setsysExit
                0x000000000000f4a0       0x44 /opt/devkitpro/libnx/lib/libnx.a(set.o)
                0x000000000000f4a0                setsysExit
 *fill*         0x000000000000f4e4        0xc 
 .text.setsysGetFirmwareVersion
                0x000000000000f4f0       0x44 /opt/devkitpro/libnx/lib/libnx.a(set.o)
                0x000000000000f4f0                setsysGetFirmwareVersion
 *fill*         0x000000000000f534        0xc 
 .text._nvFenceCleanup
                0x000000000000f540       0x7c /opt/devkitpro/libnx/lib/libnx.a(fence.o)
 *fill*         0x000000000000f5bc        0x4 
 .text.nvFenceInit
                0x000000000000f5c0       0x98 /opt/devkitpro/libnx/lib/libnx.a(fence.o)
                0x000000000000f5c0                nvFenceInit
 *fill*         0x000000000000f658        0x8 
 .text.nvFenceExit
                0x000000000000f660       0x44 /opt/devkitpro/libnx/lib/libnx.a(fence.o)
                0x000000000000f660                nvFenceExit
 *fill*         0x000000000000f6a4        0xc 
 .text.nvFenceWait
                0x000000000000f6b0      0x250 /opt/devkitpro/libnx/lib/libnx.a(fence.o)
                0x000000000000f6b0                nvFenceWait
 .text.nvMultiFenceWait
                0x000000000000f900       0x74 /opt/devkitpro/libnx/lib/libnx.a(fence.o)
                0x000000000000f900                nvMultiFenceWait
 *fill*         0x000000000000f974        0xc 
 .text.nvMapInit
                0x000000000000f980       0xb4 /opt/devkitpro/libnx/lib/libnx.a(map.o)
                0x000000000000f980                nvMapInit
 *fill*         0x000000000000fa34        0xc 
 .text.nvMapExit
                0x000000000000fa40       0x6c /opt/devkitpro/libnx/lib/libnx.a(map.o)
                0x000000000000fa40                nvMapExit
 *fill*         0x000000000000faac        0x4 
 .text.nvMapClose
                0x000000000000fab0       0x80 /opt/devkitpro/libnx/lib/libnx.a(map.o)
                0x000000000000fab0                nvMapClose
 .text.nvMapCreate
                0x000000000000fb30      0x160 /opt/devkitpro/libnx/lib/libnx.a(map.o)
                0x000000000000fb30                nvMapCreate
 .text.nvioctlNvhostCtrl_EventSignal
                0x000000000000fc90       0x28 /opt/devkitpro/libnx/lib/libnx.a(nvhost-ctrl.o)
                0x000000000000fc90                nvioctlNvhostCtrl_EventSignal
 *fill*         0x000000000000fcb8        0x8 
 .text.nvioctlNvhostCtrl_EventWait
                0x000000000000fcc0       0x44 /opt/devkitpro/libnx/lib/libnx.a(nvhost-ctrl.o)
                0x000000000000fcc0                nvioctlNvhostCtrl_EventWait
 *fill*         0x000000000000fd04        0xc 
 .text.nvioctlNvhostCtrl_EventWaitAsync
                0x000000000000fd10       0x30 /opt/devkitpro/libnx/lib/libnx.a(nvhost-ctrl.o)
                0x000000000000fd10                nvioctlNvhostCtrl_EventWaitAsync
 .text.nvioctlNvhostCtrl_EventRegister
                0x000000000000fd40       0x28 /opt/devkitpro/libnx/lib/libnx.a(nvhost-ctrl.o)
                0x000000000000fd40                nvioctlNvhostCtrl_EventRegister
 *fill*         0x000000000000fd68        0x8 
 .text.nvioctlNvhostCtrl_EventUnregister
                0x000000000000fd70       0x28 /opt/devkitpro/libnx/lib/libnx.a(nvhost-ctrl.o)
                0x000000000000fd70                nvioctlNvhostCtrl_EventUnregister
 *fill*         0x000000000000fd98        0x8 
 .text.nvioctlNvmap_Create
                0x000000000000fda0       0x40 /opt/devkitpro/libnx/lib/libnx.a(nvmap.o)
                0x000000000000fda0                nvioctlNvmap_Create
 .text.nvioctlNvmap_Alloc
                0x000000000000fde0       0x40 /opt/devkitpro/libnx/lib/libnx.a(nvmap.o)
                0x000000000000fde0                nvioctlNvmap_Alloc
 .text.nvioctlNvmap_Free
                0x000000000000fe20       0x30 /opt/devkitpro/libnx/lib/libnx.a(nvmap.o)
                0x000000000000fe20                nvioctlNvmap_Free
 .text.nvioctlNvmap_GetId
                0x000000000000fe50       0x40 /opt/devkitpro/libnx/lib/libnx.a(nvmap.o)
                0x000000000000fe50                nvioctlNvmap_GetId
 .text.bqRequestBuffer
                0x000000000000fe90       0xd8 /opt/devkitpro/libnx/lib/libnx.a(buffer_producer.o)
                0x000000000000fe90                bqRequestBuffer
 *fill*         0x000000000000ff68        0x8 
 .text.bqDequeueBuffer
                0x000000000000ff70      0x168 /opt/devkitpro/libnx/lib/libnx.a(buffer_producer.o)
                0x000000000000ff70                bqDequeueBuffer
 *fill*         0x00000000000100d8        0x8 
 .text.bqQueueBuffer
                0x00000000000100e0       0xdc /opt/devkitpro/libnx/lib/libnx.a(buffer_producer.o)
                0x00000000000100e0                bqQueueBuffer
 *fill*         0x00000000000101bc        0x4 
 .text.bqCancelBuffer
                0x00000000000101c0       0x94 /opt/devkitpro/libnx/lib/libnx.a(buffer_producer.o)
                0x00000000000101c0                bqCancelBuffer
 *fill*         0x0000000000010254        0xc 
 .text.bqConnect
                0x0000000000010260       0xe8 /opt/devkitpro/libnx/lib/libnx.a(buffer_producer.o)
                0x0000000000010260                bqConnect
 *fill*         0x0000000000010348        0x8 
 .text.bqDisconnect
                0x0000000000010350       0x9c /opt/devkitpro/libnx/lib/libnx.a(buffer_producer.o)
                0x0000000000010350                bqDisconnect
 *fill*         0x00000000000103ec        0x4 
 .text.bqSetPreallocatedBuffer
                0x00000000000103f0      0x174 /opt/devkitpro/libnx/lib/libnx.a(buffer_producer.o)
                0x00000000000103f0                bqSetPreallocatedBuffer
 *fill*         0x0000000000010564        0xc 
 .text.binderCreate
                0x0000000000010570       0x18 /opt/devkitpro/libnx/lib/libnx.a(binder.o)
                0x0000000000010570                binderCreate
 *fill*         0x0000000000010588        0x8 
 .text.binderTransactParcel
                0x0000000000010590      0x390 /opt/devkitpro/libnx/lib/libnx.a(binder.o)
                0x0000000000010590                binderTransactParcel
 .text.binderConvertErrorCode
                0x0000000000010920      0x124 /opt/devkitpro/libnx/lib/libnx.a(binder.o)
                0x0000000000010920                binderConvertErrorCode
 *fill*         0x0000000000010a44        0xc 
 .text.binderAdjustRefcount
                0x0000000000010a50      0x124 /opt/devkitpro/libnx/lib/libnx.a(binder.o)
                0x0000000000010a50                binderAdjustRefcount
 *fill*         0x0000000000010b74        0xc 
 .text.binderInitSession
                0x0000000000010b80       0x98 /opt/devkitpro/libnx/lib/libnx.a(binder.o)
                0x0000000000010b80                binderInitSession
 *fill*         0x0000000000010c18        0x8 
 .text.binderClose
                0x0000000000010c20       0x68 /opt/devkitpro/libnx/lib/libnx.a(binder.o)
                0x0000000000010c20                binderClose
 *fill*         0x0000000000010c88        0x8 
 .text.binderGetNativeHandle
                0x0000000000010c90      0x158 /opt/devkitpro/libnx/lib/libnx.a(binder.o)
                0x0000000000010c90                binderGetNativeHandle
 *fill*         0x0000000000010de8        0x8 
 .text.parcelCreate
                0x0000000000010df0       0x30 /opt/devkitpro/libnx/lib/libnx.a(parcel.o)
                0x0000000000010df0                parcelCreate
 .text.parcelTransact
                0x0000000000010e20      0x19c /opt/devkitpro/libnx/lib/libnx.a(parcel.o)
                0x0000000000010e20                parcelTransact
 *fill*         0x0000000000010fbc        0x4 
 .text.parcelWriteData
                0x0000000000010fc0       0x88 /opt/devkitpro/libnx/lib/libnx.a(parcel.o)
                0x0000000000010fc0                parcelWriteData
 *fill*         0x0000000000011048        0x8 
 .text.parcelReadData
                0x0000000000011050       0x98 /opt/devkitpro/libnx/lib/libnx.a(parcel.o)
                0x0000000000011050                parcelReadData
 *fill*         0x00000000000110e8        0x8 
 .text.parcelWriteInt32
                0x00000000000110f0       0x20 /opt/devkitpro/libnx/lib/libnx.a(parcel.o)
                0x00000000000110f0                parcelWriteInt32
 .text.parcelWriteUInt32
                0x0000000000011110       0x20 /opt/devkitpro/libnx/lib/libnx.a(parcel.o)
                0x0000000000011110                parcelWriteUInt32
 .text.parcelWriteString16
                0x0000000000011130       0x7c /opt/devkitpro/libnx/lib/libnx.a(parcel.o)
                0x0000000000011130                parcelWriteString16
 *fill*         0x00000000000111ac        0x4 
 .text.parcelWriteInterfaceToken
                0x00000000000111b0       0x30 /opt/devkitpro/libnx/lib/libnx.a(parcel.o)
                0x00000000000111b0                parcelWriteInterfaceToken
 .text.parcelReadInt32
                0x00000000000111e0       0x24 /opt/devkitpro/libnx/lib/libnx.a(parcel.o)
                0x00000000000111e0                parcelReadInt32
 *fill*         0x0000000000011204        0xc 
 .text.parcelReadFlattenedObject
                0x0000000000011210       0x68 /opt/devkitpro/libnx/lib/libnx.a(parcel.o)
                0x0000000000011210                parcelReadFlattenedObject
 *fill*         0x0000000000011278        0x8 
 .text.parcelWriteFlattenedObject
                0x0000000000011280       0x4c /opt/devkitpro/libnx/lib/libnx.a(parcel.o)
                0x0000000000011280                parcelWriteFlattenedObject
 *fill*         0x00000000000112cc        0x4 
 .text.nxlinkSetup
                0x00000000000112d0       0xc4 /opt/devkitpro/libnx/lib/libnx.a(nxlink.o)
                0x00000000000112d0                nxlinkSetup
 *fill*         0x0000000000011394        0xc 
 .text.sessionmgrCreate
                0x00000000000113a0      0x188 /opt/devkitpro/libnx/lib/libnx.a(sessionmgr.o)
                0x00000000000113a0                sessionmgrCreate
 *fill*         0x0000000000011528        0x8 
 .text.sessionmgrClose
                0x0000000000011530       0x84 /opt/devkitpro/libnx/lib/libnx.a(sessionmgr.o)
                0x0000000000011530                sessionmgrClose
 *fill*         0x00000000000115b4        0xc 
 .text.sessionmgrAttachClient
                0x00000000000115c0       0xb0 /opt/devkitpro/libnx/lib/libnx.a(sessionmgr.o)
                0x00000000000115c0                sessionmgrAttachClient
 .text.sessionmgrDetachClient
                0x0000000000011670       0x74 /opt/devkitpro/libnx/lib/libnx.a(sessionmgr.o)
                0x0000000000011670                sessionmgrDetachClient
 *fill*         0x00000000000116e4        0xc 
 .text.aligned_alloc
                0x00000000000116f0       0x3c /opt/devkitpro/devkitA64/bin/../lib/gcc/aarch64-none-elf/10.1.0/../../../../aarch64-none-elf/lib/pic/libg.a(lib_a-aligned_alloc.o)
                0x00000000000116f0                aligned_alloc
 *fill*         0x000000000001172c        0x4 
 .text.bsearch  0x0000000000011730       0xb8 /opt/devkitpro/devkitA64/bin/../lib/gcc/aarch64-none-elf/10.1.0/../../../../aarch64-none-elf/lib/pic/libg.a(lib_a-bsearch.o)
                0x0000000000011730                bsearch
 *fill*         0x00000000000117e8        0x8 
 .text.calloc   0x00000000000117f0       0x2c /opt/devkitpro/devkitA64/bin/../lib/gcc/aarch64-none-elf/10.1.0/../../../../aarch64-none-elf/lib/pic/libg.a(lib_a-calloc.o)
                0x00000000000117f0                calloc
 *fill*         0x000000000001181c        0x4 
 .text._calloc_r
                0x0000000000011820       0x94 /opt/devkitpro/devkitA64/bin/../lib/gcc/aarch64-none-elf/10.1.0/../../../../aarch64-none-elf/lib/pic/libg.a(lib_a-callocr.o)
                0x0000000000011820                _calloc_r
 *fill*         0x00000000000118b4        0xc 
 .text.__errno  0x00000000000118c0       0x14 /opt/devkitpro/devkitA64/bin/../lib/gcc/aarch64-none-elf/10.1.0/../../../../aarch64-none-elf/lib/pic/libg.a(lib_a-errno.o)
                0x00000000000118c0                __errno
 *fill*         0x00000000000118d4        0xc 
 .text.__libc_fini_array
                0x00000000000118e0       0x44 /opt/devkitpro/devkitA64/bin/../lib/gcc/aarch64-none-elf/10.1.0/../../../../aarch64-none-elf/lib/pic/libg.a(lib_a-fini.o)
                0x00000000000118e0                __libc_fini_array
 *fill*         0x0000000000011924        0xc 
 .text.gmtime   0x0000000000011930       0x2c /opt/devkitpro/devkitA64/bin/../lib/gcc/aarch64-none-elf/10.1.0/../../../../aarch64-none-elf/lib/pic/libg.a(lib_a-gmtime.o)
                0x0000000000011930                gmtime
 *fill*         0x000000000001195c        0x4 
 .text.gmtime_r
                0x0000000000011960      0x29c /opt/devkitpro/devkitA64/bin/../lib/gcc/aarch64-none-elf/10.1.0/../../../../aarch64-none-elf/lib/pic/libg.a(lib_a-gmtime_r.o)
                0x0000000000011960                gmtime_r
 *fill*         0x0000000000011bfc        0x4 
 .text.__libc_init_array
                0x0000000000011c00       0x8c /opt/devkitpro/devkitA64/bin/../lib/gcc/aarch64-none-elf/10.1.0/../../../../aarch64-none-elf/lib/pic/libg.a(lib_a-init.o)
                0x0000000000011c00                __libc_init_array
 *fill*         0x0000000000011c8c        0x4 
 .text.memalign
                0x0000000000011c90       0x2c /opt/devkitpro/devkitA64/bin/../lib/gcc/aarch64-none-elf/10.1.0/../../../../aarch64-none-elf/lib/pic/libg.a(lib_a-malign.o)
                0x0000000000011c90                memalign
 *fill*         0x0000000000011cbc        0x4 
 .text._memalign_r
                0x0000000000011cc0      0x1a0 /opt/devkitpro/devkitA64/bin/../lib/gcc/aarch64-none-elf/10.1.0/../../../../aarch64-none-elf/lib/pic/libg.a(lib_a-malignr.o)
                0x0000000000011cc0                _memalign_r
 .text.malloc   0x0000000000011e60       0x24 /opt/devkitpro/devkitA64/bin/../lib/gcc/aarch64-none-elf/10.1.0/../../../../aarch64-none-elf/lib/pic/libg.a(lib_a-malloc.o)
                0x0000000000011e60                malloc
 *fill*         0x0000000000011e84        0xc 
 .text.free     0x0000000000011e90       0x24 /opt/devkitpro/devkitA64/bin/../lib/gcc/aarch64-none-elf/10.1.0/../../../../aarch64-none-elf/lib/pic/libg.a(lib_a-malloc.o)
                0x0000000000011e90                free
 *fill*         0x0000000000011eb4        0xc 
 .text._malloc_r
                0x0000000000011ec0      0x878 /opt/devkitpro/devkitA64/bin/../lib/gcc/aarch64-none-elf/10.1.0/../../../../aarch64-none-elf/lib/pic/libg.a(lib_a-mallocr.o)
                0x0000000000011ec0                _malloc_r
 .text          0x0000000000012738       0xd8 /opt/devkitpro/devkitA64/bin/../lib/gcc/aarch64-none-elf/10.1.0/../../../../aarch64-none-elf/lib/pic/libg.a(lib_a-memchr.o)
                0x0000000000012738                memchr
 *fill*         0x0000000000012810       0x30 
 .text          0x0000000000012840      0x16c /opt/devkitpro/devkitA64/bin/../lib/gcc/aarch64-none-elf/10.1.0/../../../../aarch64-none-elf/lib/pic/libg.a(lib_a-memcpy.o)
                0x0000000000012840                memcpy
 *fill*         0x00000000000129ac       0x14 
 .text          0x00000000000129c0      0x1dc /opt/devkitpro/devkitA64/bin/../lib/gcc/aarch64-none-elf/10.1.0/../../../../aarch64-none-elf/lib/pic/libg.a(lib_a-memset.o)
                0x00000000000129c0                memset
 *fill*         0x0000000000012b9c        0x4 
 .text.__malloc_lock
                0x0000000000012ba0        0xc /opt/devkitpro/devkitA64/bin/../lib/gcc/aarch64-none-elf/10.1.0/../../../../aarch64-none-elf/lib/pic/libg.a(lib_a-mlock.o)
                0x0000000000012ba0                __malloc_lock
 *fill*         0x0000000000012bac        0x4 
 .text.__malloc_unlock
                0x0000000000012bb0        0xc /opt/devkitpro/devkitA64/bin/../lib/gcc/aarch64-none-elf/10.1.0/../../../../aarch64-none-elf/lib/pic/libg.a(lib_a-mlock.o)
                0x0000000000012bb0                __malloc_unlock
 *fill*         0x0000000000012bbc        0x4 
 .text.printf   0x0000000000012bc0       0x8c /opt/devkitpro/devkitA64/bin/../lib/gcc/aarch64-none-elf/10.1.0/../../../../aarch64-none-elf/lib/pic/libg.a(lib_a-printf.o)
                0x0000000000012bc0                printf
 *fill*         0x0000000000012c4c        0x4 
 .text._puts_r  0x0000000000012c50       0xd0 /opt/devkitpro/devkitA64/bin/../lib/gcc/aarch64-none-elf/10.1.0/../../../../aarch64-none-elf/lib/pic/libg.a(lib_a-puts.o)
                0x0000000000012c50                _puts_r
 .text.puts     0x0000000000012d20       0x24 /opt/devkitpro/devkitA64/bin/../lib/gcc/aarch64-none-elf/10.1.0/../../../../aarch64-none-elf/lib/pic/libg.a(lib_a-puts.o)
                0x0000000000012d20                puts
 *fill*         0x0000000000012d44        0xc 
 .text.setenv   0x0000000000012d50       0x3c /opt/devkitpro/devkitA64/bin/../lib/gcc/aarch64-none-elf/10.1.0/../../../../aarch64-none-elf/lib/pic/libg.a(lib_a-setenv.o)
                0x0000000000012d50                setenv
 *fill*         0x0000000000012d8c        0x4 
 .text._setenv_r
                0x0000000000012d90      0x268 /opt/devkitpro/devkitA64/bin/../lib/gcc/aarch64-none-elf/10.1.0/../../../../aarch64-none-elf/lib/pic/libg.a(lib_a-setenv_r.o)
                0x0000000000012d90                _setenv_r
 *fill*         0x0000000000012ff8        0x8 
 .text.setvbuf  0x0000000000013000      0x278 /opt/devkitpro/devkitA64/bin/../lib/gcc/aarch64-none-elf/10.1.0/../../../../aarch64-none-elf/lib/pic/libg.a(lib_a-setvbuf.o)
                0x0000000000013000                setvbuf
 *fill*         0x0000000000013278        0x8 
 .text.sscanf   0x0000000000013280       0xc0 /opt/devkitpro/devkitA64/bin/../lib/gcc/aarch64-none-elf/10.1.0/../../../../aarch64-none-elf/lib/pic/libg.a(lib_a-sscanf.o)
                0x0000000000013280                sscanf
 .text.__sread  0x0000000000013340       0x50 /opt/devkitpro/devkitA64/bin/../lib/gcc/aarch64-none-elf/10.1.0/../../../../aarch64-none-elf/lib/pic/libg.a(lib_a-stdio.o)
                0x0000000000013340                __sread
 .text.__seofread
                0x0000000000013390        0x8 /opt/devkitpro/devkitA64/bin/../lib/gcc/aarch64-none-elf/10.1.0/../../../../aarch64-none-elf/lib/pic/libg.a(lib_a-stdio.o)
                0x0000000000013390                __seofread
 *fill*         0x0000000000013398        0x8 
 .text.__swrite
                0x00000000000133a0       0x6c /opt/devkitpro/devkitA64/bin/../lib/gcc/aarch64-none-elf/10.1.0/../../../../aarch64-none-elf/lib/pic/libg.a(lib_a-stdio.o)
                0x00000000000133a0                __swrite
 *fill*         0x000000000001340c        0x4 
 .text.__sseek  0x0000000000013410       0x50 /opt/devkitpro/devkitA64/bin/../lib/gcc/aarch64-none-elf/10.1.0/../../../../aarch64-none-elf/lib/pic/libg.a(lib_a-stdio.o)
                0x0000000000013410                __sseek
 .text.__sclose
                0x0000000000013460        0x8 /opt/devkitpro/devkitA64/bin/../lib/gcc/aarch64-none-elf/10.1.0/../../../../aarch64-none-elf/lib/pic/libg.a(lib_a-stdio.o)
                0x0000000000013460                __sclose
 .text          0x0000000000013468       0xdc /opt/devkitpro/devkitA64/bin/../lib/gcc/aarch64-none-elf/10.1.0/../../../../aarch64-none-elf/lib/pic/libg.a(lib_a-strchr.o)
                0x0000000000013468                strchr
 *fill*         0x0000000000013544       0x3c 
 .text          0x0000000000013580       0xe4 /opt/devkitpro/devkitA64/bin/../lib/gcc/aarch64-none-elf/10.1.0/../../../../aarch64-none-elf/lib/pic/libg.a(lib_a-strcmp.o)
                0x0000000000013580                strcmp
 *fill*         0x0000000000013664       0x1c 
 .text          0x0000000000013680      0x140 /opt/devkitpro/devkitA64/bin/../lib/gcc/aarch64-none-elf/10.1.0/../../../../aarch64-none-elf/lib/pic/libg.a(lib_a-strlen.o)
                0x0000000000013680                strlen
 .text.strncat  0x00000000000137c0       0x7c /opt/devkitpro/devkitA64/bin/../lib/gcc/aarch64-none-elf/10.1.0/../../../../aarch64-none-elf/lib/pic/libg.a(lib_a-strncat.o)
                0x00000000000137c0                strncat
 *fill*         0x000000000001383c        0x4 
 .text          0x0000000000013840      0x1d4 /opt/devkitpro/devkitA64/bin/../lib/gcc/aarch64-none-elf/10.1.0/../../../../aarch64-none-elf/lib/pic/libg.a(lib_a-strncmp.o)
                0x000000000001385c                strncmp
 *fill*         0x0000000000013a14        0xc 
 .text.strncpy  0x0000000000013a20       0x9c /opt/devkitpro/devkitA64/bin/../lib/gcc/aarch64-none-elf/10.1.0/../../../../aarch64-none-elf/lib/pic/libg.a(lib_a-strncpy.o)
                0x0000000000013a20                strncpy
 *fill*         0x0000000000013abc        0x4 
 .text          0x0000000000013ac0       0xe0 /opt/devkitpro/devkitA64/bin/../lib/gcc/aarch64-none-elf/10.1.0/../../../../aarch64-none-elf/lib/pic/libg.a(lib_a-strnlen.o)
                0x0000000000013ae4                strnlen
 .text._strtoul_l.constprop.0
                0x0000000000013ba0      0x1a4 /opt/devkitpro/devkitA64/bin/../lib/gcc/aarch64-none-elf/10.1.0/../../../../aarch64-none-elf/lib/pic/libg.a(lib_a-strtoul.o)
 *fill*         0x0000000000013d44        0xc 
 .text._strtoul_r
                0x0000000000013d50       0x44 /opt/devkitpro/devkitA64/bin/../lib/gcc/aarch64-none-elf/10.1.0/../../../../aarch64-none-elf/lib/pic/libg.a(lib_a-strtoul.o)
                0x0000000000013d50                _strtoul_r
 *fill*         0x0000000000013d94        0xc 
 .text.strtoul  0x0000000000013da0       0x48 /opt/devkitpro/devkitA64/bin/../lib/gcc/aarch64-none-elf/10.1.0/../../../../aarch64-none-elf/lib/pic/libg.a(lib_a-strtoul.o)
                0x0000000000013da0                strtoul
 .text.get_arg  0x0000000000013de8       0x74 /opt/devkitpro/devkitA64/bin/../lib/gcc/aarch64-none-elf/10.1.0/../../../../aarch64-none-elf/lib/pic/libg.a(lib_a-svfscanf.o)
 .text.__ssvfscanf_r
                0x0000000000013e5c     0x3108 /opt/devkitpro/devkitA64/bin/../lib/gcc/aarch64-none-elf/10.1.0/../../../../aarch64-none-elf/lib/pic/libg.a(lib_a-svfscanf.o)
                0x0000000000013e5c                __ssvfscanf_r
 .text.get_arg  0x0000000000016f64      0x780 /opt/devkitpro/devkitA64/bin/../lib/gcc/aarch64-none-elf/10.1.0/../../../../aarch64-none-elf/lib/pic/libg.a(lib_a-vfprintf.o)
 .text._vfprintf_r
                0x00000000000176e4     0x3cc8 /opt/devkitpro/devkitA64/bin/../lib/gcc/aarch64-none-elf/10.1.0/../../../../aarch64-none-elf/lib/pic/libg.a(lib_a-vfprintf.o)
                0x00000000000176e4                _vfprintf_r
 .text.__sbprintf
                0x000000000001b3ac       0xf8 /opt/devkitpro/devkitA64/bin/../lib/gcc/aarch64-none-elf/10.1.0/../../../../aarch64-none-elf/lib/pic/libg.a(lib_a-vfprintf.o)
 *fill*         0x000000000001b4a4        0xc 
 .text._wcrtomb_r
                0x000000000001b4b0       0xd8 /opt/devkitpro/devkitA64/bin/../lib/gcc/aarch64-none-elf/10.1.0/../../../../aarch64-none-elf/lib/pic/libg.a(lib_a-wcrtomb.o)
                0x000000000001b4b0                _wcrtomb_r
 *fill*         0x000000000001b588        0x8 
 .text._wcsrtombs_r
                0x000000000001b590       0x10 /opt/devkitpro/devkitA64/bin/../lib/gcc/aarch64-none-elf/10.1.0/../../../../aarch64-none-elf/lib/pic/libg.a(lib_a-wcsrtombs.o)
                0x000000000001b590                _wcsrtombs_r
 .text.__swsetup_r
                0x000000000001b5a0      0x140 /opt/devkitpro/devkitA64/bin/../lib/gcc/aarch64-none-elf/10.1.0/../../../../aarch64-none-elf/lib/pic/libg.a(lib_a-wsetup.o)
                0x000000000001b5a0                __swsetup_r
 .text.__call_exitprocs
                0x000000000001b6e0      0x12c /opt/devkitpro/devkitA64/bin/../lib/gcc/aarch64-none-elf/10.1.0/../../../../aarch64-none-elf/lib/pic/libg.a(lib_a-__call_atexit.o)
                0x000000000001b6e0                __call_exitprocs
 *fill*         0x000000000001b80c        0x4 
 .text.quorem   0x000000000001b810      0x19c /opt/devkitpro/devkitA64/bin/../lib/gcc/aarch64-none-elf/10.1.0/../../../../aarch64-none-elf/lib/pic/libg.a(lib_a-dtoa.o)
 *fill*         0x000000000001b9ac        0x4 
 .text._dtoa_r  0x000000000001b9b0     0x11a0 /opt/devkitpro/devkitA64/bin/../lib/gcc/aarch64-none-elf/10.1.0/../../../../aarch64-none-elf/lib/pic/libg.a(lib_a-dtoa.o)
                0x000000000001b9b0                _dtoa_r
 .text.__env_lock
                0x000000000001cb50        0xc /opt/devkitpro/devkitA64/bin/../lib/gcc/aarch64-none-elf/10.1.0/../../../../aarch64-none-elf/lib/pic/libg.a(lib_a-envlock.o)
                0x000000000001cb50                __env_lock
 *fill*         0x000000000001cb5c        0x4 
 .text.__env_unlock
                0x000000000001cb60        0xc /opt/devkitpro/devkitA64/bin/../lib/gcc/aarch64-none-elf/10.1.0/../../../../aarch64-none-elf/lib/pic/libg.a(lib_a-envlock.o)
                0x000000000001cb60                __env_unlock
 *fill*         0x000000000001cb6c        0x4 
 .text.__sflush_r
                0x000000000001cb70      0x228 /opt/devkitpro/devkitA64/bin/../lib/gcc/aarch64-none-elf/10.1.0/../../../../aarch64-none-elf/lib/pic/libg.a(lib_a-fflush.o)
                0x000000000001cb70                __sflush_r
 *fill*         0x000000000001cd98        0x8 
 .text._fflush_r
                0x000000000001cda0       0xb8 /opt/devkitpro/devkitA64/bin/../lib/gcc/aarch64-none-elf/10.1.0/../../../../aarch64-none-elf/lib/pic/libg.a(lib_a-fflush.o)
                0x000000000001cda0                _fflush_r
 *fill*         0x000000000001ce58        0x8 
 .text._cleanup_r
                0x000000000001ce60        0xc /opt/devkitpro/devkitA64/bin/../lib/gcc/aarch64-none-elf/10.1.0/../../../../aarch64-none-elf/lib/pic/libg.a(lib_a-findfp.o)
                0x000000000001ce60                _cleanup_r
 *fill*         0x000000000001ce6c        0x4 
 .text.__sfp_lock_acquire
                0x000000000001ce70        0xc /opt/devkitpro/devkitA64/bin/../lib/gcc/aarch64-none-elf/10.1.0/../../../../aarch64-none-elf/lib/pic/libg.a(lib_a-findfp.o)
                0x000000000001ce70                __sfp_lock_acquire
 *fill*         0x000000000001ce7c        0x4 
 .text.__sfp_lock_release
                0x000000000001ce80        0xc /opt/devkitpro/devkitA64/bin/../lib/gcc/aarch64-none-elf/10.1.0/../../../../aarch64-none-elf/lib/pic/libg.a(lib_a-findfp.o)
                0x000000000001ce80                __sfp_lock_release
 *fill*         0x000000000001ce8c        0x4 
 .text.__sinit_lock_acquire
                0x000000000001ce90        0xc /opt/devkitpro/devkitA64/bin/../lib/gcc/aarch64-none-elf/10.1.0/../../../../aarch64-none-elf/lib/pic/libg.a(lib_a-findfp.o)
                0x000000000001ce90                __sinit_lock_acquire
 *fill*         0x000000000001ce9c        0x4 
 .text.__sinit_lock_release
                0x000000000001cea0        0xc /opt/devkitpro/devkitA64/bin/../lib/gcc/aarch64-none-elf/10.1.0/../../../../aarch64-none-elf/lib/pic/libg.a(lib_a-findfp.o)
                0x000000000001cea0                __sinit_lock_release
 *fill*         0x000000000001ceac        0x4 
 .text.__sinit  0x000000000001ceb0      0x154 /opt/devkitpro/devkitA64/bin/../lib/gcc/aarch64-none-elf/10.1.0/../../../../aarch64-none-elf/lib/pic/libg.a(lib_a-findfp.o)
                0x000000000001ceb0                __sinit
 *fill*         0x000000000001d004        0xc 
 .text._malloc_trim_r
                0x000000000001d010      0x118 /opt/devkitpro/devkitA64/bin/../lib/gcc/aarch64-none-elf/10.1.0/../../../../aarch64-none-elf/lib/pic/libg.a(lib_a-freer.o)
                0x000000000001d010                _malloc_trim_r
 *fill*         0x000000000001d128        0x8 
 .text._free_r  0x000000000001d130      0x2f0 /opt/devkitpro/devkitA64/bin/../lib/gcc/aarch64-none-elf/10.1.0/../../../../aarch64-none-elf/lib/pic/libg.a(lib_a-freer.o)
                0x000000000001d130                _free_r
 .text.__sfvwrite_r
                0x000000000001d420      0x4bc /opt/devkitpro/devkitA64/bin/../lib/gcc/aarch64-none-elf/10.1.0/../../../../aarch64-none-elf/lib/pic/libg.a(lib_a-fvwrite.o)
                0x000000000001d420                __sfvwrite_r
 *fill*         0x000000000001d8dc        0x4 
 .text._fwalk_reent
                0x000000000001d8e0       0xa4 /opt/devkitpro/devkitA64/bin/../lib/gcc/aarch64-none-elf/10.1.0/../../../../aarch64-none-elf/lib/pic/libg.a(lib_a-fwalk.o)
                0x000000000001d8e0                _fwalk_reent
 *fill*         0x000000000001d984        0xc 
 .text._findenv_r
                0x000000000001d990      0x100 /opt/devkitpro/devkitA64/bin/../lib/gcc/aarch64-none-elf/10.1.0/../../../../aarch64-none-elf/lib/pic/libg.a(lib_a-getenv_r.o)
                0x000000000001d990                _findenv_r
 .text.iswspace
                0x000000000001da90        0x8 /opt/devkitpro/devkitA64/bin/../lib/gcc/aarch64-none-elf/10.1.0/../../../../aarch64-none-elf/lib/pic/libg.a(lib_a-iswspace.o)
                0x000000000001da90                iswspace
 *fill*         0x000000000001da98        0x8 
 .text.__localeconv_l
                0x000000000001daa0        0x8 /opt/devkitpro/devkitA64/bin/../lib/gcc/aarch64-none-elf/10.1.0/../../../../aarch64-none-elf/lib/pic/libg.a(lib_a-localeconv.o)
                0x000000000001daa0                __localeconv_l
 *fill*         0x000000000001daa8        0x8 
 .text._localeconv_r
                0x000000000001dab0       0x28 /opt/devkitpro/devkitA64/bin/../lib/gcc/aarch64-none-elf/10.1.0/../../../../aarch64-none-elf/lib/pic/libg.a(lib_a-localeconv.o)
                0x000000000001dab0                _localeconv_r
 *fill*         0x000000000001dad8        0x8 
 .text.__locale_mb_cur_max
                0x000000000001dae0       0x2c /opt/devkitpro/devkitA64/bin/../lib/gcc/aarch64-none-elf/10.1.0/../../../../aarch64-none-elf/lib/pic/libg.a(lib_a-locale.o)
                0x000000000001dae0                __locale_mb_cur_max
 *fill*         0x000000000001db0c        0x4 
 .text.__swhatbuf_r
                0x000000000001db10       0xa4 /opt/devkitpro/devkitA64/bin/../lib/gcc/aarch64-none-elf/10.1.0/../../../../aarch64-none-elf/lib/pic/libg.a(lib_a-makebuf.o)
                0x000000000001db10                __swhatbuf_r
 *fill*         0x000000000001dbb4        0xc 
 .text.__smakebuf_r
                0x000000000001dbc0      0x10c /opt/devkitpro/devkitA64/bin/../lib/gcc/aarch64-none-elf/10.1.0/../../../../aarch64-none-elf/lib/pic/libg.a(lib_a-makebuf.o)
                0x000000000001dbc0                __smakebuf_r
 *fill*         0x000000000001dccc        0x4 
 .text._mbrtowc_r
                0x000000000001dcd0       0xf0 /opt/devkitpro/devkitA64/bin/../lib/gcc/aarch64-none-elf/10.1.0/../../../../aarch64-none-elf/lib/pic/libg.a(lib_a-mbrtowc.o)
                0x000000000001dcd0                _mbrtowc_r
 .text.__utf8_mbtowc
                0x000000000001ddc0      0x2c8 /opt/devkitpro/devkitA64/bin/../lib/gcc/aarch64-none-elf/10.1.0/../../../../aarch64-none-elf/lib/pic/libg.a(lib_a-mbtowc_r.o)
                0x000000000001ddc0                __utf8_mbtowc
 *fill*         0x000000000001e088       0x38 
 .text          0x000000000001e0c0       0xac /opt/devkitpro/devkitA64/bin/../lib/gcc/aarch64-none-elf/10.1.0/../../../../aarch64-none-elf/lib/pic/libg.a(lib_a-memmove.o)
                0x000000000001e0c0                memmove
 *fill*         0x000000000001e16c        0x4 
 .text._Balloc  0x000000000001e170       0x8c /opt/devkitpro/devkitA64/bin/../lib/gcc/aarch64-none-elf/10.1.0/../../../../aarch64-none-elf/lib/pic/libg.a(lib_a-mprec.o)
                0x000000000001e170                _Balloc
 *fill*         0x000000000001e1fc        0x4 
 .text._Bfree   0x000000000001e200       0x1c /opt/devkitpro/devkitA64/bin/../lib/gcc/aarch64-none-elf/10.1.0/../../../../aarch64-none-elf/lib/pic/libg.a(lib_a-mprec.o)
                0x000000000001e200                _Bfree
 *fill*         0x000000000001e21c        0x4 
 .text.__multadd
                0x000000000001e220      0x108 /opt/devkitpro/devkitA64/bin/../lib/gcc/aarch64-none-elf/10.1.0/../../../../aarch64-none-elf/lib/pic/libg.a(lib_a-mprec.o)
                0x000000000001e220                __multadd
 *fill*         0x000000000001e328        0x8 
 .text.__s2b    0x000000000001e330      0x138 /opt/devkitpro/devkitA64/bin/../lib/gcc/aarch64-none-elf/10.1.0/../../../../aarch64-none-elf/lib/pic/libg.a(lib_a-mprec.o)
                0x000000000001e330                __s2b
 *fill*         0x000000000001e468        0x8 
 .text.__hi0bits
                0x000000000001e470       0x5c /opt/devkitpro/devkitA64/bin/../lib/gcc/aarch64-none-elf/10.1.0/../../../../aarch64-none-elf/lib/pic/libg.a(lib_a-mprec.o)
                0x000000000001e470                __hi0bits
 *fill*         0x000000000001e4cc        0x4 
 .text.__lo0bits
                0x000000000001e4d0       0x9c /opt/devkitpro/devkitA64/bin/../lib/gcc/aarch64-none-elf/10.1.0/../../../../aarch64-none-elf/lib/pic/libg.a(lib_a-mprec.o)
                0x000000000001e4d0                __lo0bits
 *fill*         0x000000000001e56c        0x4 
 .text.__i2b    0x000000000001e570       0x4c /opt/devkitpro/devkitA64/bin/../lib/gcc/aarch64-none-elf/10.1.0/../../../../aarch64-none-elf/lib/pic/libg.a(lib_a-mprec.o)
                0x000000000001e570                __i2b
 *fill*         0x000000000001e5bc        0x4 
 .text.__multiply
                0x000000000001e5c0      0x1e8 /opt/devkitpro/devkitA64/bin/../lib/gcc/aarch64-none-elf/10.1.0/../../../../aarch64-none-elf/lib/pic/libg.a(lib_a-mprec.o)
                0x000000000001e5c0                __multiply
 *fill*         0x000000000001e7a8        0x8 
 .text.__pow5mult
                0x000000000001e7b0      0x100 /opt/devkitpro/devkitA64/bin/../lib/gcc/aarch64-none-elf/10.1.0/../../../../aarch64-none-elf/lib/pic/libg.a(lib_a-mprec.o)
                0x000000000001e7b0                __pow5mult
 .text.__lshift
                0x000000000001e8b0      0x170 /opt/devkitpro/devkitA64/bin/../lib/gcc/aarch64-none-elf/10.1.0/../../../../aarch64-none-elf/lib/pic/libg.a(lib_a-mprec.o)
                0x000000000001e8b0                __lshift
 .text.__mcmp   0x000000000001ea20       0x50 /opt/devkitpro/devkitA64/bin/../lib/gcc/aarch64-none-elf/10.1.0/../../../../aarch64-none-elf/lib/pic/libg.a(lib_a-mprec.o)
                0x000000000001ea20                __mcmp
 .text.__mdiff  0x000000000001ea70      0x1b8 /opt/devkitpro/devkitA64/bin/../lib/gcc/aarch64-none-elf/10.1.0/../../../../aarch64-none-elf/lib/pic/libg.a(lib_a-mprec.o)
                0x000000000001ea70                __mdiff
 *fill*         0x000000000001ec28        0x8 
 .text.__ulp    0x000000000001ec30       0x68 /opt/devkitpro/devkitA64/bin/../lib/gcc/aarch64-none-elf/10.1.0/../../../../aarch64-none-elf/lib/pic/libg.a(lib_a-mprec.o)
                0x000000000001ec30                __ulp
 *fill*         0x000000000001ec98        0x8 
 .text.__b2d    0x000000000001eca0      0x150 /opt/devkitpro/devkitA64/bin/../lib/gcc/aarch64-none-elf/10.1.0/../../../../aarch64-none-elf/lib/pic/libg.a(lib_a-mprec.o)
                0x000000000001eca0                __b2d
 .text.__d2b    0x000000000001edf0      0x154 /opt/devkitpro/devkitA64/bin/../lib/gcc/aarch64-none-elf/10.1.0/../../../../aarch64-none-elf/lib/pic/libg.a(lib_a-mprec.o)
                0x000000000001edf0                __d2b
 *fill*         0x000000000001ef44        0xc 
 .text.__ratio  0x000000000001ef50       0xa0 /opt/devkitpro/devkitA64/bin/../lib/gcc/aarch64-none-elf/10.1.0/../../../../aarch64-none-elf/lib/pic/libg.a(lib_a-mprec.o)
                0x000000000001ef50                __ratio
 .text.__copybits
                0x000000000001eff0       0x68 /opt/devkitpro/devkitA64/bin/../lib/gcc/aarch64-none-elf/10.1.0/../../../../aarch64-none-elf/lib/pic/libg.a(lib_a-mprec.o)
                0x000000000001eff0                __copybits
 *fill*         0x000000000001f058        0x8 
 .text.__any_on
                0x000000000001f060       0x6c /opt/devkitpro/devkitA64/bin/../lib/gcc/aarch64-none-elf/10.1.0/../../../../aarch64-none-elf/lib/pic/libg.a(lib_a-mprec.o)
                0x000000000001f060                __any_on
 *fill*         0x000000000001f0cc        0x4 
 .text.realloc  0x000000000001f0d0       0x2c /opt/devkitpro/devkitA64/bin/../lib/gcc/aarch64-none-elf/10.1.0/../../../../aarch64-none-elf/lib/pic/libg.a(lib_a-realloc.o)
                0x000000000001f0d0                realloc
 *fill*         0x000000000001f0fc        0x4 
 .text._realloc_r
                0x000000000001f100      0x55c /opt/devkitpro/devkitA64/bin/../lib/gcc/aarch64-none-elf/10.1.0/../../../../aarch64-none-elf/lib/pic/libg.a(lib_a-reallocr.o)
                0x000000000001f100                _realloc_r
 *fill*         0x000000000001f65c        0x4 
 .text.__sccl   0x000000000001f660       0xd4 /opt/devkitpro/devkitA64/bin/../lib/gcc/aarch64-none-elf/10.1.0/../../../../aarch64-none-elf/lib/pic/libg.a(lib_a-sccl.o)
                0x000000000001f660                __sccl
 *fill*         0x000000000001f734        0xc 
 .text.nanf     0x000000000001f740        0xc /opt/devkitpro/devkitA64/bin/../lib/gcc/aarch64-none-elf/10.1.0/../../../../aarch64-none-elf/lib/pic/libg.a(lib_a-sf_nan.o)
                0x000000000001f740                nanf
 *fill*         0x000000000001f74c        0x4 
 .text.frexp    0x000000000001f750       0x7c /opt/devkitpro/devkitA64/bin/../lib/gcc/aarch64-none-elf/10.1.0/../../../../aarch64-none-elf/lib/pic/libg.a(lib_a-s_frexp.o)
                0x000000000001f750                frexp
 *fill*         0x000000000001f7cc        0x4 
 .text.sprintf  0x000000000001f7d0       0xb0 /opt/devkitpro/devkitA64/bin/../lib/gcc/aarch64-none-elf/10.1.0/../../../../aarch64-none-elf/lib/pic/libg.a(lib_a-sprintf.o)
                0x000000000001f7d0                sprintf
 .text.stpncpy  0x000000000001f880       0x98 /opt/devkitpro/devkitA64/bin/../lib/gcc/aarch64-none-elf/10.1.0/../../../../aarch64-none-elf/lib/pic/libg.a(lib_a-stpncpy.o)
                0x000000000001f880                stpncpy
 *fill*         0x000000000001f918        0x8 
 .text._strtod_l
                0x000000000001f920     0x1180 /opt/devkitpro/devkitA64/bin/../lib/gcc/aarch64-none-elf/10.1.0/../../../../aarch64-none-elf/lib/pic/libg.a(lib_a-strtod.o)
                0x000000000001f920                _strtod_l
 .text._strtod_r
                0x0000000000020aa0       0x54 /opt/devkitpro/devkitA64/bin/../lib/gcc/aarch64-none-elf/10.1.0/../../../../aarch64-none-elf/lib/pic/libg.a(lib_a-strtod.o)
                0x0000000000020aa0                _strtod_r
 *fill*         0x0000000000020af4        0xc 
 .text._strtoll_l.constprop.0